Archive member included because of file (symbol)

build/sky/contiki-ng-sky.a(uart1-putchar.o)
                              build/sky/obj/contiki-main.o (putchar)
build/sky/contiki-ng-sky.a(platform.o)
                              build/sky/obj/contiki-main.o (platform_init_stage_one)
build/sky/contiki-ng-sky.a(msp430.o)
                              build/sky/contiki-ng-sky.a(platform.o) (msp430_dco_required)
build/sky/contiki-ng-sky.a(clock.o)
                              build/sky/obj/contiki-main.o (clock_init)
build/sky/contiki-ng-sky.a(leds.o)
                              build/sky/contiki-ng-sky.a(platform.o) (leds_init)
build/sky/contiki-ng-sky.a(leds-arch.o)
                              build/sky/contiki-ng-sky.a(leds.o) (leds_arch_init)
build/sky/contiki-ng-sky.a(watchdog.o)
                              build/sky/obj/contiki-main.o (watchdog_start)
build/sky/contiki-ng-sky.a(autostart.o)
                              build/sky/obj/contiki-main.o (autostart_start)
build/sky/contiki-ng-sky.a(energest.o)
                              build/sky/obj/contiki-main.o (energest_init)
build/sky/contiki-ng-sky.a(etimer.o)
                              build/sky/contiki-ng-sky.a(clock.o) (etimer_request_poll)
build/sky/contiki-ng-sky.a(log.o)
                              build/sky/obj/contiki-main.o (log_6addr)
build/sky/contiki-ng-sky.a(ctimer.o)
                              build/sky/obj/contiki-main.o (ctimer_init)
build/sky/contiki-ng-sky.a(rtimer.o)
                              build/sky/obj/contiki-main.o (rtimer_init)
build/sky/contiki-ng-sky.a(node-id.o)
                              build/sky/obj/contiki-main.o (node_id_init)
build/sky/contiki-ng-sky.a(process.o)
                              build/sky/contiki-ng-sky.a(etimer.o) (process_current)
build/sky/contiki-ng-sky.a(timer.o)
                              build/sky/obj/httpd-simple.o (timer_set)
build/sky/contiki-ng-sky.a(list.o)
                              build/sky/contiki-ng-sky.a(ctimer.o) (list_init)
build/sky/contiki-ng-sky.a(memb.o)
                              build/sky/obj/httpd-simple.o (memb_init)
build/sky/contiki-ng-sky.a(random.o)
                              build/sky/contiki-ng-sky.a(platform.o) (random_init)
build/sky/contiki-ng-sky.a(queuebuf.o)
                              build/sky/obj/contiki-main.o (queuebuf_init)
build/sky/contiki-ng-sky.a(packetbuf.o)
                              build/sky/contiki-ng-sky.a(queuebuf.o) (packetbuf_copyto)
build/sky/contiki-ng-sky.a(netstack.o)
                              build/sky/obj/contiki-main.o (netstack_init)
build/sky/contiki-ng-sky.a(linkaddr.o)
                              build/sky/contiki-ng-sky.a(platform.o) (linkaddr_copy)
build/sky/contiki-ng-sky.a(csma.o)
                              build/sky/obj/contiki-main.o (csma_driver)
build/sky/contiki-ng-sky.a(csma-output.o)
                              build/sky/contiki-ng-sky.a(csma.o) (csma_output_packet)
build/sky/contiki-ng-sky.a(uip-ds6.o)
                              build/sky/obj/contiki-main.o (uip_ds6_get_link_local)
build/sky/contiki-ng-sky.a(uip-ds6-route.o)
                              build/sky/contiki-ng-sky.a(uip-ds6.o) (uip_ds6_route_init)
build/sky/contiki-ng-sky.a(psock.o)
                              websense.o (psock_send)
build/sky/contiki-ng-sky.a(uip-ds6-nbr.o)
                              build/sky/contiki-ng-sky.a(uip-ds6.o) (uip_ds6_neighbors_init)
build/sky/contiki-ng-sky.a(tcpip.o)
                              build/sky/obj/httpd-simple.o (tcp_listen)
build/sky/contiki-ng-sky.a(uip6.o)
                              build/sky/contiki-ng-sky.a(tcpip.o) (uip_aligned_buf)
build/sky/contiki-ng-sky.a(uip-nd6.o)
                              build/sky/contiki-ng-sky.a(uip6.o) (uip_nd6_init)
build/sky/contiki-ng-sky.a(sicslowpan.o)
                              build/sky/obj/contiki-main.o (sicslowpan_driver)
build/sky/contiki-ng-sky.a(uiplib.o)
                              build/sky/contiki-ng-sky.a(log.o) (uiplib_ipaddr_snprint)
build/sky/contiki-ng-sky.a(rpl.o)
                              build/sky/obj/contiki-main.o (rpl_lite_driver)
build/sky/contiki-ng-sky.a(rpl-icmp6.o)
                              build/sky/contiki-ng-sky.a(rpl.o) (rpl_icmp6_init)
build/sky/contiki-ng-sky.a(rpl-dag-root.o)
                              build/sky/contiki-ng-sky.a(rpl.o) (rpl_dag_root_set_prefix)
build/sky/contiki-ng-sky.a(contiki-sky-pla)
                              build/sky/contiki-ng-sky.a(platform.o) (init_platform)
build/sky/contiki-ng-sky.a(button-sensor.o)
                              build/sky/contiki-ng-sky.a(contiki-sky-pla) (button_sensor)
build/sky/contiki-ng-sky.a(ds2411.o)
                              build/sky/contiki-ng-sky.a(platform.o) (ds2411_init)
build/sky/contiki-ng-sky.a(xmem.o)
                              build/sky/contiki-ng-sky.a(platform.o) (xmem_init)
build/sky/contiki-ng-sky.a(sensors.o)
[...]
Memory Configuration

Name             Origin             Length             Attributes
sfr              0x00000000         0x00000010
peripheral_8bit  0x00000010         0x000000f0
peripheral_16bit 0x00000100         0x00000100
ram_mirror       0x00000200         0x00000800         xw
infomem          0x00001000         0x00000100
infob            0x00001000         0x00000080
infoa            0x00001080         0x00000080
ram              0x00001100         0x00002800         xw
rom              0x00004000         0x0000bfe0         xr
vectors          0x0000ffe0         0x00000020
bsl              0x00000000         0x00000000
infoc            0x00000000         0x00000000
infod            0x00000000         0x00000000
ram2             0x00000000         0x00000000         xw
usbram           0x00000000         0x00000000         xw
far_rom          0x00000000         0x00000000
*default*        0x00000000         0xffffffff

Linker script and memory map

LOAD /usr/local/bin/../lib/gcc/msp430/4.7.2/mmpy-16/crt0ivtbl16.o
                0x0000310c                _stack = _end
LOAD websense.o
LOAD build/sky/obj/httpd-simple.o
LOAD build/sky/obj/contiki-main.o
LOAD build/sky/contiki-ng-sky.a
LOAD /usr/local/bin/../lib/gcc/msp430/4.7.2/mmpy-16/libgcc.a
LOAD /usr/local/bin/../lib/gcc/msp430/4.7.2/../../../../msp430/lib/mmpy-16/libc.a
LOAD /usr/local/bin/../lib/gcc/msp430/4.7.2/mmpy-16/libgcc.a
LOAD /usr/local/bin/../lib/gcc/msp430/4.7.2/mmpy-16/libcrt0.a
                0x00000080                PROVIDE (__info_segment_size, 0x80)
                0x00001000                PROVIDE (__infob, 0x1000)
                0x00001080                PROVIDE (__infoa, 0x1080)
                0x00000000                __IE1 = 0x0
                0x00000002                __IFG1 = 0x2
                0x00000004                __ME1 = 0x4
                0x00000001                __IE2 = 0x1
                0x00000003                __IFG2 = 0x3
                0x00000005                __ME2 = 0x5
                0x00000120                __WDTCTL = 0x120
                0x00000130                __MPY = 0x130
                0x00000132                __MPYS = 0x132
                0x00000134                __MAC = 0x134
                0x00000136                __MACS = 0x136
                0x00000138                __OP2 = 0x138
                0x0000013a                __RESLO = 0x13a
                0x0000013c                __RESHI = 0x13c
                0x0000013e                __SUMEXT = 0x13e
                0x00000020                __P1IN = 0x20
                0x00000021                __P1OUT = 0x21
                0x00000022                __P1DIR = 0x22
                0x00000023                __P1IFG = 0x23
                0x00000024                __P1IES = 0x24
                0x00000025                __P1IE = 0x25
                0x00000026                __P1SEL = 0x26
                0x00000028                __P2IN = 0x28
                0x00000029                __P2OUT = 0x29
                0x0000002a                __P2DIR = 0x2a
                0x0000002b                __P2IFG = 0x2b
                0x0000002c                __P2IES = 0x2c
                0x0000002d                __P2IE = 0x2d
                0x0000002e                __P2SEL = 0x2e
                0x00000018                __P3IN = 0x18
                0x00000019                __P3OUT = 0x19
                0x0000001a                __P3DIR = 0x1a
                0x0000001b                __P3SEL = 0x1b
                0x0000001c                __P4IN = 0x1c
                0x0000001d                __P4OUT = 0x1d
                0x0000001e                __P4DIR = 0x1e
                0x0000001f                __P4SEL = 0x1f
                0x00000030                __P5IN = 0x30
                0x00000031                __P5OUT = 0x31
                0x00000032                __P5DIR = 0x32
                0x00000033                __P5SEL = 0x33
                0x00000034                __P6IN = 0x34
                0x00000035                __P6OUT = 0x35
                0x00000036                __P6DIR = 0x36
                0x00000037                __P6SEL = 0x37
                0x00000070                __U0CTL = 0x70
                0x00000071                __U0TCTL = 0x71
                0x00000072                __U0RCTL = 0x72
                0x00000073                __U0MCTL = 0x73
                0x00000074                __U0BR0 = 0x74
                0x00000075                __U0BR1 = 0x75
                0x00000076                __U0RXBUF = 0x76
                0x00000077                __U0TXBUF = 0x77
                0x00000078                __U1CTL = 0x78
                0x00000079                __U1TCTL = 0x79
                0x0000007a                __U1RCTL = 0x7a
                0x0000007b                __U1MCTL = 0x7b
                0x0000007c                __U1BR0 = 0x7c
                0x0000007d                __U1BR1 = 0x7d
                0x0000007e                __U1RXBUF = 0x7e
                0x0000007f                __U1TXBUF = 0x7f
                0x00000050                __I2CIE = 0x50
                0x00000051                __I2CIFG = 0x51
                0x00000052                __I2CNDAT = 0x52
                0x00000071                __I2CTCTL = 0x71
                0x00000072                __I2CDCTL = 0x72
                0x00000073                __I2CPSC = 0x73
                0x00000074                __I2CSCLH = 0x74
                0x00000075                __I2CSCLL = 0x75
                0x00000076                __I2CDRB = 0x76
                0x00000076                __I2CDRW = 0x76
                0x00000118                __I2COA = 0x118
                0x0000011a                __I2CSA = 0x11a
                0x0000011c                __I2CIV = 0x11c
                0x0000012e                __TAIV = 0x12e
                0x00000160                __TACTL = 0x160
                0x00000162                __TACCTL0 = 0x162
                0x00000164                __TACCTL1 = 0x164
                0x00000166                __TACCTL2 = 0x166
                0x00000170                __TAR = 0x170
                0x00000172                __TACCR0 = 0x172
                0x00000174                __TACCR1 = 0x174
                0x00000176                __TACCR2 = 0x176
                0x0000011e                __TBIV = 0x11e
                0x00000180                __TBCTL = 0x180
                0x00000182                __TBCCTL0 = 0x182
                0x00000184                __TBCCTL1 = 0x184
                0x00000186                __TBCCTL2 = 0x186
                0x00000188                __TBCCTL3 = 0x188
                0x0000018a                __TBCCTL4 = 0x18a
                0x0000018c                __TBCCTL5 = 0x18c
                0x0000018e                __TBCCTL6 = 0x18e
                0x00000190                __TBR = 0x190
                0x00000192                __TBCCR0 = 0x192
                0x00000194                __TBCCR1 = 0x194
                0x00000196                __TBCCR2 = 0x196
                0x00000198                __TBCCR3 = 0x198
                0x0000019a                __TBCCR4 = 0x19a
                0x0000019c                __TBCCR5 = 0x19c
                0x0000019e                __TBCCR6 = 0x19e
                0x00000056                __DCOCTL = 0x56
                0x00000057                __BCSCTL1 = 0x57
                0x00000058                __BCSCTL2 = 0x58
                0x00000055                __SVSCTL = 0x55
                0x00000128                __FCTL1 = 0x128
                0x0000012a                __FCTL2 = 0x12a
                0x0000012c                __FCTL3 = 0x12c
                0x00000059                __CACTL1 = 0x59
                0x0000005a                __CACTL2 = 0x5a
                0x0000005b                __CAPD = 0x5b
                0x000001a0                __ADC12CTL0 = 0x1a0
                0x000001a2                __ADC12CTL1 = 0x1a2
                0x000001a4                __ADC12IFG = 0x1a4
                0x000001a6                __ADC12IE = 0x1a6
                0x000001a8                __ADC12IV = 0x1a8
                0x00000140                __ADC12MEM0 = 0x140
                0x00000142                __ADC12MEM1 = 0x142
                0x00000144                __ADC12MEM2 = 0x144
                0x00000146                __ADC12MEM3 = 0x146
                0x00000148                __ADC12MEM4 = 0x148
                0x0000014a                __ADC12MEM5 = 0x14a
                0x0000014c                __ADC12MEM6 = 0x14c
                0x0000014e                __ADC12MEM7 = 0x14e
                0x00000150                __ADC12MEM8 = 0x150
                0x00000152                __ADC12MEM9 = 0x152
                0x00000154                __ADC12MEM10 = 0x154
                0x00000156                __ADC12MEM11 = 0x156
                0x00000158                __ADC12MEM12 = 0x158
                0x0000015a                __ADC12MEM13 = 0x15a
                0x0000015c                __ADC12MEM14 = 0x15c
                0x0000015e                __ADC12MEM15 = 0x15e
                0x00000080                __ADC12MCTL0 = 0x80
                0x00000081                __ADC12MCTL1 = 0x81
                0x00000082                __ADC12MCTL2 = 0x82
                0x00000083                __ADC12MCTL3 = 0x83
                0x00000084                __ADC12MCTL4 = 0x84
                0x00000085                __ADC12MCTL5 = 0x85
                0x00000086                __ADC12MCTL6 = 0x86
                0x00000087                __ADC12MCTL7 = 0x87
                0x00000088                __ADC12MCTL8 = 0x88
                0x00000089                __ADC12MCTL9 = 0x89
                0x0000008a                __ADC12MCTL10 = 0x8a
                0x0000008b                __ADC12MCTL11 = 0x8b
                0x0000008c                __ADC12MCTL12 = 0x8c
                0x0000008d                __ADC12MCTL13 = 0x8d
                0x0000008e                __ADC12MCTL14 = 0x8e
                0x0000008f                __ADC12MCTL15 = 0x8f
                0x000001c0                __DAC12_0CTL = 0x1c0
                0x000001c2                __DAC12_1CTL = 0x1c2
                0x000001c8                __DAC12_0DAT = 0x1c8
                0x000001ca                __DAC12_1DAT = 0x1ca
                0x00000122                __DMACTL0 = 0x122
                0x00000124                __DMACTL1 = 0x124
                0x000001e0                __DMA0CTL = 0x1e0
                0x000001e8                __DMA1CTL = 0x1e8
                0x000001f0                __DMA2CTL = 0x1f0
                0x000001e2                __DMA0SA = 0x1e2
                0x000001e4                __DMA0DA = 0x1e4
                0x000001e6                __DMA0SZ = 0x1e6
                0x000001ea                __DMA1SA = 0x1ea
                0x000001ec                __DMA1DA = 0x1ec
                0x000001ee                __DMA1SZ = 0x1ee
                0x000001f2                __DMA2SA = 0x1f2
                0x000001f4                __DMA2DA = 0x1f4
                0x000001f6                __DMA2SZ = 0x1f6

.hash
 *(.hash)

.dynsym
 *(.dynsym)

.dynstr
 *(.dynstr)

.gnu.version
 *(.gnu.version)

.gnu.version_d
 *(.gnu.version_d)

.gnu.version_r
 *(.gnu.version_r)

.rel.init
 *(.rel.init)

.rela.init
 *(.rela.init)

.rel.fini
 *(.rel.fini)

.rela.fini
 *(.rela.fini)

.rel.text
 *(.rel.text .rel.text.* .rel.gnu.linkonce.t.*)

.rela.text
 *(.rela.text .rela.text.* .rela.gnu.linkonce.t.*)

.rel.rodata
 *(.rel.rodata .rel.rodata.* .rel.gnu.linkonce.r.*)

.rela.rodata
 *(.rela.rodata .rela.rodata.* .rela.gnu.linkonce.r.*)

.rel.data
 *(.rel.data .rel.data.* .rel.gnu.linkonce.d.*)

.rela.data
 *(.rela.data .rela.data.* .rela.gnu.linkonce.d.*)

.rel.bss
 *(.rel.bss .rel.bss.* .rel.gnu.linkonce.b.*)

.rela.bss
 *(.rela.bss .rela.bss.* .rela.gnu.linkonce.b.*)

.rel.ctors
 *(.rel.ctors)

.rela.ctors
 *(.rela.ctors)

.rel.dtors
 *(.rel.dtors)

.rela.dtors
 *(.rela.dtors)

.rel.got
 *(.rel.got)

.rela.got
 *(.rela.got)

.rel.plt
 *(.rel.plt)

.rela.plt
 *(.rela.plt)

.text           0x00004000     0xb24c
                0x00004000                . = ALIGN (0x2)
 *(.init .init.*)
 *(.init0)
 .init0         0x00004000        0x0 /usr/local/bin/../lib/gcc/msp430/4.7.2/mmpy-16/libcrt0.a(_reset_vector__.o)
                0x00004000                _reset_vector__
 *(.init1)
 .init1         0x00004000        0xc /usr/local/bin/../lib/gcc/msp430/4.7.2/mmpy-16/libcrt0.a(__watchdog_support.o)
                0x00004000                __watchdog_support
 *(.init2)
 .init2         0x0000400c        0x4 /usr/local/bin/../lib/gcc/msp430/4.7.2/mmpy-16/libcrt0.a(__init_stack.o)
                0x0000400c                __init_stack
 *(.init3)
 .init3         0x00004010        0x0 /usr/local/bin/../lib/gcc/msp430/4.7.2/mmpy-16/libcrt0.a(__low_level_init.o)
                0x00004010                __low_level_init
 *(.init4)
 .init4         0x00004010       0x18 /usr/local/bin/../lib/gcc/msp430/4.7.2/mmpy-16/libcrt0.a(_copy_data.o)
                0x00004010                __do_copy_data
 .init4         0x00004028       0x16 /usr/local/bin/../lib/gcc/msp430/4.7.2/mmpy-16/libcrt0.a(_clear_bss.o)
                0x00004028                __do_clear_bss
 *(.init5)
 *(.init6)
 *(.init7)
 *(.init8)
 *(.init9)
 .init9         0x0000403e      0x22e build/sky/obj/contiki-main.o
                0x0000403e                main
 *(.fini9)
 .fini9         0x0000426c        0x0 /usr/local/bin/../lib/gcc/msp430/4.7.2/mmpy-16/libcrt0.a(__stop_progExec__.o)
                0x0000426c                __stop_progExec__
 *(.fini8)
 *(.fini7)
 *(.fini6)
 *(.fini5)
 *(.fini4)
 *(.fini3)
 *(.fini2)
 *(.fini1)
 *(.fini0)
 .fini0         0x0000426c        0x6 /usr/local/bin/../lib/gcc/msp430/4.7.2/mmpy-16/libcrt0.a(_endless_loop__.o)
                0x0000426c                _endless_loop__
 *(.fini .fini.*)
                0x00004272                . = ALIGN (0x2)
                0x00004272                __ctors_start = .
 *(.ctors)
                0x00004272                __ctors_end = .
                0x00004272                __dtors_start = .
 *(.dtors)
                0x00004272                __dtors_end = .
                0x00004272                . = ALIGN (0x2)
 *(.text .text.* .gnu.linkonce.t.*)
 .text          0x00004272        0x4 /usr/local/bin/../lib/gcc/msp430/4.7.2/mmpy-16/crt0ivtbl16.o
                0x00004272                __isr_14
                0x00004272                __isr_11
                0x00004272                __isr_2
                0x00004272                __isr_7
                0x00004272                __isr_0
                0x00004272                __isr_8
                0x00004272                __isr_3
                0x00004272                __isr_12
                0x00004272                __isr_13
                0x00004272                __isr_9
 .text.process_thread_web_sense
                0x00004276       0x3c websense.o
 .text.process_thread_webserver_nogui_process
                0x000042b2       0x40 websense.o
 .text.generate_routes
                0x000042f2       0x90 websense.o
 .text.httpd_simple_get_script
                0x00004382        0x6 websense.o
                0x00004382                httpd_simple_get_script
 .text.handle_input
                0x00004388       0xec build/sky/obj/httpd-simple.o
 .text.send_headers
                0x00004474       0x6a build/sky/obj/httpd-simple.o
 .text.handle_output
                0x000044de       0xf4 build/sky/obj/httpd-simple.o
 .text.httpd_appcall
                0x000045d2       0xd0 build/sky/obj/httpd-simple.o
                0x000045d2                httpd_appcall
 .text.httpd_init
                0x000046a2       0x12 build/sky/obj/httpd-simple.o
                0x000046a2                httpd_init
 .text.putchar  0x000046b4       0x10 build/sky/contiki-ng-sky.a(uart1-putchar.o)
                0x000046b4                putchar
 .text.platform_init_stage_one
                0x000046c4       0x12 build/sky/contiki-ng-sky.a(platform.o)
                0x000046c4                platform_init_stage_one
 .text.platform_init_stage_two
                0x000046d6       0x64 build/sky/contiki-ng-sky.a(platform.o)
                0x000046d6                platform_init_stage_two
 .text.platform_init_stage_three
                0x0000473a       0x7a build/sky/contiki-ng-sky.a(platform.o)
                0x0000473a                platform_init_stage_three
 .text.platform_idle
                0x000047b4       0x54 build/sky/contiki-ng-sky.a(platform.o)
                0x000047b4                platform_idle
 .text.msp430_init_dco
                0x00004808       0x82 build/sky/contiki-ng-sky.a(msp430.o)
                0x00004808                msp430_init_dco
 .text.msp430_add_lpm_req
                0x0000488a        0xc build/sky/contiki-ng-sky.a(msp430.o)
                0x0000488a                msp430_add_lpm_req
 .text.msp430_cpu_init
                0x00004896       0x2a build/sky/contiki-ng-sky.a(msp430.o)
                0x00004896                msp430_cpu_init
 .text.splhigh_
                0x000048c0        0x8 build/sky/contiki-ng-sky.a(msp430.o)
                0x000048c0                splhigh_
 .text.msp430_sync_dco
                0x000048c8       0x6c build/sky/contiki-ng-sky.a(msp430.o)
                0x000048c8                msp430_sync_dco
 .text.timera1  0x00004934       0xdc build/sky/contiki-ng-sky.a(clock.o)
                0x00004934                __isr_5
                0x00004934                timera1
 .text.clock_time
                0x00004a10       0x1a build/sky/contiki-ng-sky.a(clock.o)
                0x00004a10                clock_time
 .text.clock_init
                0x00004a2a       0x28 build/sky/contiki-ng-sky.a(clock.o)
                0x00004a2a                clock_init
 .text.clock_delay
                0x00004a52        0xc build/sky/contiki-ng-sky.a(clock.o)
                0x00004a52                clock_delay
 .text.clock_seconds
                0x00004a5e       0x1a build/sky/contiki-ng-sky.a(clock.o)
                0x00004a5e                clock_seconds
 .text.leds_init
                0x00004a78        0x6 build/sky/contiki-ng-sky.a(leds.o)
                0x00004a78                leds_init
 .text.leds_on  0x00004a7e       0x12 build/sky/contiki-ng-sky.a(leds.o)
                0x00004a7e                leds_on
 .text.leds_off
                0x00004a90       0x12 build/sky/contiki-ng-sky.a(leds.o)
                0x00004a90                leds_off
 .text.leds_arch_init
                0x00004aa2        0xe build/sky/contiki-ng-sky.a(leds-arch.o)
                0x00004aa2                leds_arch_init
 .text.leds_arch_get
                0x00004ab0       0x34 build/sky/contiki-ng-sky.a(leds-arch.o)
                0x00004ab0                leds_arch_get
 .text.leds_arch_set
                0x00004ae4       0x3e build/sky/contiki-ng-sky.a(leds-arch.o)
                0x00004ae4                leds_arch_set
 .text.watchdog_interrupt
                0x00004b22        0x6 build/sky/contiki-ng-sky.a(watchdog.o)
                0x00004b22                __isr_10
                0x00004b22                watchdog_interrupt
 .text.watchdog_start
                0x00004b28       0x14 build/sky/contiki-ng-sky.a(watchdog.o)
                0x00004b28                watchdog_start
 .text.watchdog_periodic
                0x00004b3c       0x12 build/sky/contiki-ng-sky.a(watchdog.o)
                0x00004b3c                watchdog_periodic
 .text.watchdog_stop
                0x00004b4e       0x16 build/sky/contiki-ng-sky.a(watchdog.o)
                0x00004b4e                watchdog_stop
 .text.watchdog_init
                0x00004b64       0x12 build/sky/contiki-ng-sky.a(watchdog.o)
                0x00004b64                watchdog_init
 .text.autostart_start
                0x00004b76       0x16 build/sky/contiki-ng-sky.a(autostart.o)
                0x00004b76                autostart_start
 .text.energest_init
                0x00004b8c        0x2 build/sky/contiki-ng-sky.a(energest.o)
                0x00004b8c                energest_init
 .text.energest_flush
                0x00004b8e        0x2 build/sky/contiki-ng-sky.a(energest.o)
                0x00004b8e                energest_flush
 .text.update_time
                0x00004b90       0x78 build/sky/contiki-ng-sky.a(etimer.o)
 .text.etimer_request_poll
                0x00004c08        0xa build/sky/contiki-ng-sky.a(etimer.o)
                0x00004c08                etimer_request_poll
 .text.process_thread_etimer_process
                0x00004c12       0xcc build/sky/contiki-ng-sky.a(etimer.o)
 .text.add_timer
                0x00004cde       0x40 build/sky/contiki-ng-sky.a(etimer.o)
 .text.etimer_set
                0x00004d1e       0x12 build/sky/contiki-ng-sky.a(etimer.o)
                0x00004d1e                etimer_set
 .text.etimer_reset
                0x00004d30       0x12 build/sky/contiki-ng-sky.a(etimer.o)
                0x00004d30                etimer_reset
 .text.etimer_restart
                0x00004d42       0x12 build/sky/contiki-ng-sky.a(etimer.o)
                0x00004d42                etimer_restart
 .text.etimer_expired
                0x00004d54        0xe build/sky/contiki-ng-sky.a(etimer.o)
                0x00004d54                etimer_expired
 .text.etimer_pending
                0x00004d62        0xc build/sky/contiki-ng-sky.a(etimer.o)
                0x00004d62                etimer_pending
 .text.etimer_next_expiration_time
                0x00004d6e       0x16 build/sky/contiki-ng-sky.a(etimer.o)
                0x00004d6e                etimer_next_expiration_time
 .text.etimer_stop
                0x00004d84       0x3e build/sky/contiki-ng-sky.a(etimer.o)
                0x00004d84                etimer_stop
 .text.log_6addr
                0x00004dc2       0x32 build/sky/contiki-ng-sky.a(log.o)
                0x00004dc2                log_6addr
 .text.log_lladdr
                0x00004df4       0x44 build/sky/contiki-ng-sky.a(log.o)
                0x00004df4                log_lladdr
 .text.process_thread_ctimer_process
                0x00004e38       0xa8 build/sky/contiki-ng-sky.a(ctimer.o)
 .text.ctimer_init
                0x00004ee0       0x18 build/sky/contiki-ng-sky.a(ctimer.o)
                0x00004ee0                ctimer_init
 .text.ctimer_set_with_process
                0x00004ef8       0x4e build/sky/contiki-ng-sky.a(ctimer.o)
                0x00004ef8                ctimer_set_with_process
 .text.ctimer_set
                0x00004f46       0x10 build/sky/contiki-ng-sky.a(ctimer.o)
                0x00004f46                ctimer_set
 .text.ctimer_reset
                0x00004f56       0x30 build/sky/contiki-ng-sky.a(ctimer.o)
                0x00004f56                ctimer_reset
 .text.ctimer_stop
                0x00004f86       0x28 build/sky/contiki-ng-sky.a(ctimer.o)
                0x00004f86                ctimer_stop
 .text.ctimer_expired
                0x00004fae       0x30 build/sky/contiki-ng-sky.a(ctimer.o)
                0x00004fae                ctimer_expired
 .text.rtimer_init
                0x00004fde        0x6 build/sky/contiki-ng-sky.a(rtimer.o)
                0x00004fde                rtimer_init
 .text.rtimer_run_next
                0x00004fe4       0x26 build/sky/contiki-ng-sky.a(rtimer.o)
                0x00004fe4                rtimer_run_next
 .text.node_id_init
                0x0000500a       0x14 build/sky/contiki-ng-sky.a(node-id.o)
                0x0000500a                node_id_init
 .text.call_process
                0x0000501e       0x46 build/sky/contiki-ng-sky.a(process.o)
 .text.exit_process
                0x00005064       0x96 build/sky/contiki-ng-sky.a(process.o)
 .text.do_poll  0x000050fa       0x30 build/sky/contiki-ng-sky.a(process.o)
 .text.process_alloc_event
                0x0000512a        0xe build/sky/contiki-ng-sky.a(process.o)
                0x0000512a                process_alloc_event
 .text.process_init
                0x00005138       0x18 build/sky/contiki-ng-sky.a(process.o)
                0x00005138                process_init
 .text.process_run
                0x00005150       0x92 build/sky/contiki-ng-sky.a(process.o)
                0x00005150                process_run
 .text.process_nevents
                0x000051e2        0xe build/sky/contiki-ng-sky.a(process.o)
                0x000051e2                process_nevents
 .text.process_post
                0x000051f0       0x42 build/sky/contiki-ng-sky.a(process.o)
                0x000051f0                process_post
 .text.process_post_synch
                0x00005232       0x12 build/sky/contiki-ng-sky.a(process.o)
                0x00005232                process_post_synch
 .text.process_start
                0x00005244       0x36 build/sky/contiki-ng-sky.a(process.o)
                0x00005244                process_start
 .text.process_poll
                0x0000527a       0x18 build/sky/contiki-ng-sky.a(process.o)
                0x0000527a                process_poll
 .text.timer_set
                0x00005292       0x1c build/sky/contiki-ng-sky.a(timer.o)
                0x00005292                timer_set
 .text.timer_restart
                0x000052ae       0x14 build/sky/contiki-ng-sky.a(timer.o)
                0x000052ae                timer_restart
 .text.timer_expired
                0x000052c2       0x2a build/sky/contiki-ng-sky.a(timer.o)
                0x000052c2                timer_expired
 .text.timer_reset
                0x000052ec       0x1c build/sky/contiki-ng-sky.a(timer.o)
                0x000052ec                timer_reset
 .text.list_init
                0x00005308        0x6 build/sky/contiki-ng-sky.a(list.o)
                0x00005308                list_init
 .text.list_head
                0x0000530e        0x4 build/sky/contiki-ng-sky.a(list.o)
                0x0000530e                list_head
 .text.list_tail
                0x00005312       0x12 build/sky/contiki-ng-sky.a(list.o)
                0x00005312                list_tail
 .text.list_remove
                0x00005324       0x34 build/sky/contiki-ng-sky.a(list.o)
                0x00005324                list_remove
 .text.list_push
                0x00005358       0x1a build/sky/contiki-ng-sky.a(list.o)
                0x00005358                list_push
 .text.list_add
                0x00005372       0x2a build/sky/contiki-ng-sky.a(list.o)
                0x00005372                list_add
 .text.list_length
                0x0000539c       0x10 build/sky/contiki-ng-sky.a(list.o)
                0x0000539c                list_length
 .text.list_item_next
                0x000053ac        0xc build/sky/contiki-ng-sky.a(list.o)
                0x000053ac                list_item_next
 .text.memb_init
                0x000053b8       0x36 build/sky/contiki-ng-sky.a(memb.o)
                0x000053b8                memb_init
 .text.memb_alloc
                0x000053ee       0x3e build/sky/contiki-ng-sky.a(memb.o)
                0x000053ee                memb_alloc
 .text.memb_free
                0x0000542c       0x32 build/sky/contiki-ng-sky.a(memb.o)
                0x0000542c                memb_free
 .text.memb_inmemb
                0x0000545e       0x2a build/sky/contiki-ng-sky.a(memb.o)
                0x0000545e                memb_inmemb
 .text.memb_numfree
                0x00005488       0x26 build/sky/contiki-ng-sky.a(memb.o)
                0x00005488                memb_numfree
 .text.random_init
                0x000054ae        0x6 build/sky/contiki-ng-sky.a(random.o)
                0x000054ae                random_init
 .text.random_rand
                0x000054b4        0x6 build/sky/contiki-ng-sky.a(random.o)
                0x000054b4                random_rand
 .text.queuebuf_init
                0x000054ba       0x12 build/sky/contiki-ng-sky.a(queuebuf.o)
                0x000054ba                queuebuf_init
 .text.queuebuf_numfree
                0x000054cc        0xa build/sky/contiki-ng-sky.a(queuebuf.o)
                0x000054cc                queuebuf_numfree
 .text.queuebuf_new_from_packetbuf
                0x000054d6       0x52 build/sky/contiki-ng-sky.a(queuebuf.o)
                0x000054d6                queuebuf_new_from_packetbuf
 .text.queuebuf_update_attr_from_packetbuf
                0x00005528       0x12 build/sky/contiki-ng-sky.a(queuebuf.o)
                0x00005528                queuebuf_update_attr_from_packetbuf
 .text.queuebuf_free
                0x0000553a       0x2a build/sky/contiki-ng-sky.a(queuebuf.o)
                0x0000553a                queuebuf_free
 .text.queuebuf_to_packetbuf
                0x00005564       0x32 build/sky/contiki-ng-sky.a(queuebuf.o)
                0x00005564                queuebuf_to_packetbuf
 .text.packetbuf_hdrreduce
                0x00005596       0x1a build/sky/contiki-ng-sky.a(packetbuf.o)
                0x00005596                packetbuf_hdrreduce
 .text.packetbuf_set_datalen
                0x000055b0        0x6 build/sky/contiki-ng-sky.a(packetbuf.o)
                0x000055b0                packetbuf_set_datalen
 .text.packetbuf_hdrptr
                0x000055b6        0x6 build/sky/contiki-ng-sky.a(packetbuf.o)
                0x000055b6                packetbuf_hdrptr
 .text.packetbuf_datalen
                0x000055bc        0x6 build/sky/contiki-ng-sky.a(packetbuf.o)
                0x000055bc                packetbuf_datalen
 .text.packetbuf_hdrlen
                0x000055c2        0xa build/sky/contiki-ng-sky.a(packetbuf.o)
                0x000055c2                packetbuf_hdrlen
 .text.packetbuf_dataptr
                0x000055cc        0xc build/sky/contiki-ng-sky.a(packetbuf.o)
                0x000055cc                packetbuf_dataptr
 .text.packetbuf_copyto
                0x000055d8       0x46 build/sky/contiki-ng-sky.a(packetbuf.o)
                0x000055d8                packetbuf_copyto
 .text.packetbuf_totlen
                0x0000561e        0xc build/sky/contiki-ng-sky.a(packetbuf.o)
                0x0000561e                packetbuf_totlen
 .text.packetbuf_hdralloc
                0x0000562a       0x3c build/sky/contiki-ng-sky.a(packetbuf.o)
                0x0000562a                packetbuf_hdralloc
 .text.packetbuf_attr_clear
                0x00005666       0x28 build/sky/contiki-ng-sky.a(packetbuf.o)
                0x00005666                packetbuf_attr_clear
 .text.packetbuf_clear
                0x0000568e       0x12 build/sky/contiki-ng-sky.a(packetbuf.o)
                0x0000568e                packetbuf_clear
 .text.packetbuf_copyfrom
                0x000056a0       0x2e build/sky/contiki-ng-sky.a(packetbuf.o)
                0x000056a0                packetbuf_copyfrom
 .text.packetbuf_attr_copyto
                0x000056ce       0x22 build/sky/contiki-ng-sky.a(packetbuf.o)
                0x000056ce                packetbuf_attr_copyto
 .text.packetbuf_attr_copyfrom
                0x000056f0       0x24 build/sky/contiki-ng-sky.a(packetbuf.o)
                0x000056f0                packetbuf_attr_copyfrom
 .text.packetbuf_set_attr
                0x00005714        0xc build/sky/contiki-ng-sky.a(packetbuf.o)
                0x00005714                packetbuf_set_attr
 .text.packetbuf_attr
                0x00005720        0xa build/sky/contiki-ng-sky.a(packetbuf.o)
                0x00005720                packetbuf_attr
 .text.packetbuf_set_addr
                0x0000572a       0x18 build/sky/contiki-ng-sky.a(packetbuf.o)
                0x0000572a                packetbuf_set_addr
 .text.packetbuf_addr
                0x00005742       0x12 build/sky/contiki-ng-sky.a(packetbuf.o)
                0x00005742                packetbuf_addr
 .text.packetbuf_holds_broadcast
                0x00005754        0xe build/sky/contiki-ng-sky.a(packetbuf.o)
                0x00005754                packetbuf_holds_broadcast
 .text.netstack_process_ip_callback
                0x00005762       0x4e build/sky/contiki-ng-sky.a(netstack.o)
                0x00005762                netstack_process_ip_callback
 .text.netstack_init
                0x000057b0        0xe build/sky/contiki-ng-sky.a(netstack.o)
                0x000057b0                netstack_init
 .text.linkaddr_copy
                0x000057be        0x8 build/sky/contiki-ng-sky.a(linkaddr.o)
                0x000057be                linkaddr_copy
 .text.linkaddr_cmp
                0x000057c6       0x12 build/sky/contiki-ng-sky.a(linkaddr.o)
                0x000057c6                linkaddr_cmp
 .text.linkaddr_set_node_addr
                0x000057d8        0xc build/sky/contiki-ng-sky.a(linkaddr.o)
                0x000057d8                linkaddr_set_node_addr
 .text.on       0x000057e4        0x6 build/sky/contiki-ng-sky.a(csma.o)
 .text.off      0x000057ea        0x6 build/sky/contiki-ng-sky.a(csma.o)
 .text.max_payload
                0x000057f0       0x38 build/sky/contiki-ng-sky.a(csma.o)
 .text.send_packet
                0x00005828        0x6 build/sky/contiki-ng-sky.a(csma.o)
 .text.init     0x0000582e       0x1c build/sky/contiki-ng-sky.a(csma.o)
 .text.input_packet
                0x0000584a       0x58 build/sky/contiki-ng-sky.a(csma.o)
 .text.schedule_transmission
                0x000058a2       0x70 build/sky/contiki-ng-sky.a(csma-output.o)
 .text.tx_done  0x00005912       0x9a build/sky/contiki-ng-sky.a(csma-output.o)
 .text.transmit_from_queue
                0x000059ac      0x1bc build/sky/contiki-ng-sky.a(csma-output.o)
 .text.csma_output_packet
                0x00005b68      0x184 build/sky/contiki-ng-sky.a(csma-output.o)
                0x00005b68                csma_output_packet
 .text.csma_output_init
                0x00005cec       0x1a build/sky/contiki-ng-sky.a(csma-output.o)
                0x00005cec                csma_output_init
 .text.uip_ds6_default_prefix
                0x00005d06        0x6 build/sky/contiki-ng-sky.a(uip-ds6.o)
                0x00005d06                uip_ds6_default_prefix
 .text.uip_ds6_list_loop
                0x00005d0c       0x92 build/sky/contiki-ng-sky.a(uip-ds6.o)
                0x00005d0c                uip_ds6_list_loop
 .text.uip_ds6_prefix_add
                0x00005d9e       0x80 build/sky/contiki-ng-sky.a(uip-ds6.o)
                0x00005d9e                uip_ds6_prefix_add
 .text.uip_ds6_is_addr_onlink
                0x00005e1e       0x54 build/sky/contiki-ng-sky.a(uip-ds6.o)
                0x00005e1e                uip_ds6_is_addr_onlink
 .text.uip_ds6_addr_lookup
                0x00005e72       0x2a build/sky/contiki-ng-sky.a(uip-ds6.o)
                0x00005e72                uip_ds6_addr_lookup
 .text.uip_ds6_get_link_local
                0x00005e9c       0x3e build/sky/contiki-ng-sky.a(uip-ds6.o)
                0x00005e9c                uip_ds6_get_link_local
 .text.uip_ds6_maddr_add
                0x00005eda       0x4c build/sky/contiki-ng-sky.a(uip-ds6.o)
                0x00005eda                uip_ds6_maddr_add
 .text.uip_ds6_addr_add
                0x00005f26       0xc4 build/sky/contiki-ng-sky.a(uip-ds6.o)
                0x00005f26                uip_ds6_addr_add
 .text.uip_ds6_maddr_rm
                0x00005fea        0xa build/sky/contiki-ng-sky.a(uip-ds6.o)
                0x00005fea                uip_ds6_maddr_rm
 .text.uip_ds6_maddr_lookup
                0x00005ff4       0x2a build/sky/contiki-ng-sky.a(uip-ds6.o)
                0x00005ff4                uip_ds6_maddr_lookup
 .text.uip_ds6_addr_rm
                0x0000601e       0x54 build/sky/contiki-ng-sky.a(uip-ds6.o)
                0x0000601e                uip_ds6_addr_rm
 .text.uip_ds6_periodic
                0x00006072       0x46 build/sky/contiki-ng-sky.a(uip-ds6.o)
                0x00006072                uip_ds6_periodic
 .text.uip_ds6_set_addr_iid
                0x000060b8       0x14 build/sky/contiki-ng-sky.a(uip-ds6.o)
                0x000060b8                uip_ds6_set_addr_iid
 .text.uip_ds6_set_lladdr_from_iid
                0x000060cc       0x14 build/sky/contiki-ng-sky.a(uip-ds6.o)
                0x000060cc                uip_ds6_set_lladdr_from_iid
 .text.get_match_length
                0x000060e0       0x44 build/sky/contiki-ng-sky.a(uip-ds6.o)
                0x000060e0                get_match_length
 .text.uip_ds6_select_src
                0x00006124       0xaa build/sky/contiki-ng-sky.a(uip-ds6.o)
                0x00006124                uip_ds6_select_src
 .text.uip_ds6_compute_reachable_time
                0x000061ce       0x3e build/sky/contiki-ng-sky.a(uip-ds6.o)
                0x000061ce                uip_ds6_compute_reachable_time
 .text.uip_ds6_init
                0x0000620c      0x164 build/sky/contiki-ng-sky.a(uip-ds6.o)
                0x0000620c                uip_ds6_init
 .text.uip_ds6_route_init
                0x00006370       0x12 build/sky/contiki-ng-sky.a(uip-ds6-route.o)
                0x00006370                uip_ds6_route_init
 .text.uip_ds6_route_nexthop
                0x00006382        0x4 build/sky/contiki-ng-sky.a(uip-ds6-route.o)
                0x00006382                uip_ds6_route_nexthop
 .text.uip_ds6_route_lookup
                0x00006386        0x4 build/sky/contiki-ng-sky.a(uip-ds6-route.o)
                0x00006386                uip_ds6_route_lookup
 .text.uip_ds6_route_rm
                0x0000638a        0x2 build/sky/contiki-ng-sky.a(uip-ds6-route.o)
                0x0000638a                uip_ds6_route_rm
 .text.uip_ds6_defrt_rm
                0x0000638c       0x3c build/sky/contiki-ng-sky.a(uip-ds6-route.o)
                0x0000638c                uip_ds6_defrt_rm
 .text.uip_ds6_defrt_lookup
                0x000063c8       0x40 build/sky/contiki-ng-sky.a(uip-ds6-route.o)
                0x000063c8                uip_ds6_defrt_lookup
 .text.uip_ds6_defrt_add
                0x00006408       0x72 build/sky/contiki-ng-sky.a(uip-ds6-route.o)
                0x00006408                uip_ds6_defrt_add
 .text.uip_ds6_defrt_choose
                0x0000647a       0x3a build/sky/contiki-ng-sky.a(uip-ds6-route.o)
                0x0000647a                uip_ds6_defrt_choose
 .text.uip_ds6_defrt_periodic
                0x000064b4       0x38 build/sky/contiki-ng-sky.a(uip-ds6-route.o)
                0x000064b4                uip_ds6_defrt_periodic
 .text.psock_send
                0x000064ec       0xae build/sky/contiki-ng-sky.a(psock.o)
                0x000064ec                psock_send
 .text.psock_datalen
                0x0000659a        0xc build/sky/contiki-ng-sky.a(psock.o)
                0x0000659a                psock_datalen
 .text.psock_newdata
                0x000065a6       0x26 build/sky/contiki-ng-sky.a(psock.o)
                0x000065a6                psock_newdata
 .text.psock_readto
                0x000065cc       0xbc build/sky/contiki-ng-sky.a(psock.o)
                0x000065cc                psock_readto
 .text.psock_init
                0x00006688       0x22 build/sky/contiki-ng-sky.a(psock.o)
                0x00006688                psock_init
 .text.uip_ds6_nbr_rm
                0x000066aa       0x1e build/sky/contiki-ng-sky.a(uip-ds6-nbr.o)
                0x000066aa                uip_ds6_nbr_rm
 .text.uip_ds6_neighbors_init
                0x000066c8       0x12 build/sky/contiki-ng-sky.a(uip-ds6-nbr.o)
                0x000066c8                uip_ds6_neighbors_init
 .text.uip_ds6_nbr_add
                0x000066da       0x3e build/sky/contiki-ng-sky.a(uip-ds6-nbr.o)
                0x000066da                uip_ds6_nbr_add
 .text.uip_ds6_nbr_get_ll
                0x00006718        0xc build/sky/contiki-ng-sky.a(uip-ds6-nbr.o)
                0x00006718                uip_ds6_nbr_get_ll
 .text.uip_ds6_nbr_head
                0x00006724        0xa build/sky/contiki-ng-sky.a(uip-ds6-nbr.o)
                0x00006724                uip_ds6_nbr_head
 .text.uip_ds6_nbr_next
                0x0000672e        0xc build/sky/contiki-ng-sky.a(uip-ds6-nbr.o)
                0x0000672e                uip_ds6_nbr_next
 .text.uip_ds6_nbr_lookup
                0x0000673a       0x3a build/sky/contiki-ng-sky.a(uip-ds6-nbr.o)
                0x0000673a                uip_ds6_nbr_lookup
 .text.uip_ds6_nbr_ll_lookup
                0x00006774        0xc build/sky/contiki-ng-sky.a(uip-ds6-nbr.o)
                0x00006774                uip_ds6_nbr_ll_lookup
 .text.uip_ds6_nbr_update_ll
                0x00006780       0x76 build/sky/contiki-ng-sky.a(uip-ds6-nbr.o)
                0x00006780                uip_ds6_nbr_update_ll
 .text.uip_ds6_nbr_ipaddr_from_lladdr
                0x000067f6        0x6 build/sky/contiki-ng-sky.a(uip-ds6-nbr.o)
                0x000067f6                uip_ds6_nbr_ipaddr_from_lladdr
 .text.uip_ds6_nbr_lladdr_from_ipaddr
                0x000067fc       0x12 build/sky/contiki-ng-sky.a(uip-ds6-nbr.o)
                0x000067fc                uip_ds6_nbr_lladdr_from_ipaddr
 .text.uip_ds6_link_callback
                0x0000680e        0x2 build/sky/contiki-ng-sky.a(uip-ds6-nbr.o)
                0x0000680e                uip_ds6_link_callback
 .text.start_periodic_tcp_timer
                0x00006810       0x16 build/sky/contiki-ng-sky.a(tcpip.o)
 .text.tcpip_output
                0x00006826       0x22 build/sky/contiki-ng-sky.a(tcpip.o)
                0x00006826                tcpip_output
 .text.tcp_listen
                0x00006848       0x24 build/sky/contiki-ng-sky.a(tcpip.o)
                0x00006848                tcp_listen
 .text.tcp_attach
                0x0000686c        0xc build/sky/contiki-ng-sky.a(tcpip.o)
                0x0000686c                tcp_attach
 .text.tcpip_input
                0x00006878       0x1e build/sky/contiki-ng-sky.a(tcpip.o)
                0x00006878                tcpip_input
 .text.tcpip_ipv6_output
                0x00006896      0x114 build/sky/contiki-ng-sky.a(tcpip.o)
                0x00006896                tcpip_ipv6_output
 .text.packet_input.part.3
                0x000069aa       0x2c build/sky/contiki-ng-sky.a(tcpip.o)
 .text.process_thread_tcpip_process
                0x000069d6      0x190 build/sky/contiki-ng-sky.a(tcpip.o)
 .text.tcpip_uipcall
                0x00006b66       0x62 build/sky/contiki-ng-sky.a(tcpip.o)
                0x00006b66                tcpip_uipcall
 .text.chksum   0x00006bc8       0x32 build/sky/contiki-ng-sky.a(uip6.o)
 .text.upper_layer_chksum
                0x00006bfa       0x58 build/sky/contiki-ng-sky.a(uip6.o)
 .text.ext_hdr_options_process
                0x00006c52       0xa4 build/sky/contiki-ng-sky.a(uip6.o)
 .text.uip_check_mtu
                0x00006cf6       0x1e build/sky/contiki-ng-sky.a(uip6.o)
 .text.uip_update_ttl
                0x00006d14       0x24 build/sky/contiki-ng-sky.a(uip6.o)
 .text.uip_add32
                0x00006d38       0x68 build/sky/contiki-ng-sky.a(uip6.o)
                0x00006d38                uip_add32
 .text.uip_add_rcv_nxt
                0x00006da0       0x2e build/sky/contiki-ng-sky.a(uip6.o)
 .text.uip_icmp6chksum
                0x00006dce        0xa build/sky/contiki-ng-sky.a(uip6.o)
                0x00006dce                uip_icmp6chksum
 .text.uip_tcpchksum
                0x00006dd8        0xa build/sky/contiki-ng-sky.a(uip6.o)
                0x00006dd8                uip_tcpchksum
 .text.uip_udpchksum
                0x00006de2        0xa build/sky/contiki-ng-sky.a(uip6.o)
                0x00006de2                uip_udpchksum
 .text.uip_init
                0x00006dec       0x66 build/sky/contiki-ng-sky.a(uip6.o)
                0x00006dec                uip_init
 .text.uip_remove_ext_hdr
                0x00006e52       0x5e build/sky/contiki-ng-sky.a(uip6.o)
                0x00006e52                uip_remove_ext_hdr
 .text.uip_unlisten
                0x00006eb0       0x1c build/sky/contiki-ng-sky.a(uip6.o)
                0x00006eb0                uip_unlisten
 .text.uip_listen
                0x00006ecc       0x1c build/sky/contiki-ng-sky.a(uip6.o)
                0x00006ecc                uip_listen
 .text.uip_process
                0x00006ee8      0xed4 build/sky/contiki-ng-sky.a(uip6.o)
                0x00006ee8                uip_process
 .text.uip_htonl
                0x00007dbc       0x2e build/sky/contiki-ng-sky.a(uip6.o)
                0x00007dbc                uip_htonl
 .text.uip_send
                0x00007dea       0x62 build/sky/contiki-ng-sky.a(uip6.o)
                0x00007dea                uip_send
 .text.ns_input
                0x00007e4c      0x286 build/sky/contiki-ng-sky.a(uip-nd6.o)
 .text.uip_nd6_init
                0x000080d2        0xa build/sky/contiki-ng-sky.a(uip-nd6.o)
                0x000080d2                uip_nd6_init
 .text.clear_fragments
                0x000080dc       0x40 build/sky/contiki-ng-sky.a(sicslowpan.o)
 .text.addr_context_lookup_by_number
                0x0000811c       0x16 build/sky/contiki-ng-sky.a(sicslowpan.o)
 .text.sicslowpan_init
                0x00008132       0x18 build/sky/contiki-ng-sky.a(sicslowpan.o)
                0x00008132                sicslowpan_init
 .text.set_packet_attrs
                0x0000814a       0x66 build/sky/contiki-ng-sky.a(sicslowpan.o)
 .text.compress_addr_64
                0x000081b0       0xae build/sky/contiki-ng-sky.a(sicslowpan.o)
 .text.addr_context_lookup_by_prefix
                0x0000825e       0x20 build/sky/contiki-ng-sky.a(sicslowpan.o)
 .text.send_packet
                0x0000827e       0x1a build/sky/contiki-ng-sky.a(sicslowpan.o)
 .text.fragment_copy_payload_and_send
                0x00008298       0x66 build/sky/contiki-ng-sky.a(sicslowpan.o)
 .text.output   0x000082fe      0x7c6 build/sky/contiki-ng-sky.a(sicslowpan.o)
 .text.packet_sent
                0x00008ac4       0x56 build/sky/contiki-ng-sky.a(sicslowpan.o)
 .text.store_fragment
                0x00008b1a       0xb4 build/sky/contiki-ng-sky.a(sicslowpan.o)
 .text.add_fragment
                0x00008bce      0x1fc build/sky/contiki-ng-sky.a(sicslowpan.o)
 .text.uncompress_addr
                0x00008dca       0xb4 build/sky/contiki-ng-sky.a(sicslowpan.o)
 .text.input    0x00008e7e      0x8b0 build/sky/contiki-ng-sky.a(sicslowpan.o)
 .text.uiplib_ipaddr_snprint
                0x0000972e      0x12c build/sky/contiki-ng-sky.a(uiplib.o)
                0x0000972e                uiplib_ipaddr_snprint
 .text.rpl_has_joined
                0x0000985a       0x12 build/sky/contiki-ng-sky.a(rpl.o)
                0x0000985a                rpl_has_joined
 .text.rpl_is_reachable
                0x0000986c       0x12 build/sky/contiki-ng-sky.a(rpl.o)
                0x0000986c                rpl_is_reachable
 .text.neighbor_state_changed
                0x0000987e        0x2 build/sky/contiki-ng-sky.a(rpl.o)
 .text.drop_route
                0x00009880        0x2 build/sky/contiki-ng-sky.a(rpl.o)
 .text.rpl_get_leaf_only
                0x00009882        0x6 build/sky/contiki-ng-sky.a(rpl.o)
                0x00009882                rpl_get_leaf_only
 .text.get_sr_node_ipaddr
                0x00009888       0x34 build/sky/contiki-ng-sky.a(rpl.o)
 .text.init     0x000098bc       0x42 build/sky/contiki-ng-sky.a(rpl.o)
 .text.set_ip_from_prefix
                0x000098fe       0x38 build/sky/contiki-ng-sky.a(rpl.o)
 .text.rpl_link_callback
                0x00009936       0x1e build/sky/contiki-ng-sky.a(rpl.o)
                0x00009936                rpl_link_callback
 .text.rpl_lollipop_greater_than
                0x00009954       0x3c build/sky/contiki-ng-sky.a(rpl.o)
                0x00009954                rpl_lollipop_greater_than
 .text.rpl_get_global_address
                0x00009990       0xbe build/sky/contiki-ng-sky.a(rpl.o)
                0x00009990                rpl_get_global_address
 .text.rpl_reset_prefix
                0x00009a4e       0x24 build/sky/contiki-ng-sky.a(rpl.o)
                0x00009a4e                rpl_reset_prefix
 .text.rpl_set_prefix_from_addr
                0x00009a72       0x92 build/sky/contiki-ng-sky.a(rpl.o)
                0x00009a72                rpl_set_prefix_from_addr
 .text.get32    0x00009b04       0x46 build/sky/contiki-ng-sky.a(rpl-icmp6.o)
 .text.set32    0x00009b4a       0x2a build/sky/contiki-ng-sky.a(rpl-icmp6.o)
 .text.get16    0x00009b74        0xe build/sky/contiki-ng-sky.a(rpl-icmp6.o)
 .text.set16    0x00009b82       0x10 build/sky/contiki-ng-sky.a(rpl-icmp6.o)
 .text.dao_ack_input
                0x00009b92       0x30 build/sky/contiki-ng-sky.a(rpl-icmp6.o)
 .text.dao_input
                0x00009bc2      0x13c build/sky/contiki-ng-sky.a(rpl-icmp6.o)
 .text.dio_input
                0x00009cfe      0x29c build/sky/contiki-ng-sky.a(rpl-icmp6.o)
 .text.dis_input
                0x00009f9a       0x1e build/sky/contiki-ng-sky.a(rpl-icmp6.o)
 .text.rpl_icmp6_update_nbr_table
                0x00009fb8       0x36 build/sky/contiki-ng-sky.a(rpl-icmp6.o)
                0x00009fb8                rpl_icmp6_update_nbr_table
 .text.rpl_icmp6_dis_output
                0x00009fee       0x34 build/sky/contiki-ng-sky.a(rpl-icmp6.o)
                0x00009fee                rpl_icmp6_dis_output
 .text.rpl_icmp6_dio_output
                0x0000a022      0x23a build/sky/contiki-ng-sky.a(rpl-icmp6.o)
                0x0000a022                rpl_icmp6_dio_output
 .text.rpl_icmp6_dao_output
                0x0000a25c       0xe2 build/sky/contiki-ng-sky.a(rpl-icmp6.o)
                0x0000a25c                rpl_icmp6_dao_output
 .text.rpl_icmp6_dao_ack_output
                0x0000a33e       0x4e build/sky/contiki-ng-sky.a(rpl-icmp6.o)
                0x0000a33e                rpl_icmp6_dao_ack_output
 .text.rpl_icmp6_init
                0x0000a38c       0x22 build/sky/contiki-ng-sky.a(rpl-icmp6.o)
                0x0000a38c                rpl_icmp6_init
 .text.rpl_dag_root_set_prefix
                0x0000a3ae       0x62 build/sky/contiki-ng-sky.a(rpl-dag-root.o)
                0x0000a3ae                rpl_dag_root_set_prefix
 .text.rpl_dag_root_start
                0x0000a410       0x8e build/sky/contiki-ng-sky.a(rpl-dag-root.o)
                0x0000a410                rpl_dag_root_start
 .text.rpl_dag_root_is_root
                0x0000a49e       0x14 build/sky/contiki-ng-sky.a(rpl-dag-root.o)
                0x0000a49e                rpl_dag_root_is_root
 .text.init_platform
                0x0000a4b2        0xc build/sky/contiki-ng-sky.a(contiki-sky-pla)
                0x0000a4b2                init_platform
 .text.status   0x0000a4be       0x18 build/sky/contiki-ng-sky.a(button-sensor.o)
 .text.value    0x0000a4d6       0x20 build/sky/contiki-ng-sky.a(button-sensor.o)
 .text.configure
                0x0000a4f6       0x4c build/sky/contiki-ng-sky.a(button-sensor.o)
 .text.irq_p2   0x0000a542       0x46 build/sky/contiki-ng-sky.a(button-sensor.o)
                0x0000a542                irq_p2
                0x0000a542                __isr_1
 .text.owreadb  0x0000a588       0x50 build/sky/contiki-ng-sky.a(ds2411.o)
 .text.ds2411_init
                0x0000a5d8      0x120 build/sky/contiki-ng-sky.a(ds2411.o)
                0x0000a5d8                ds2411_init
 .text.xmem_init
                0x0000a6f8       0x3c build/sky/contiki-ng-sky.a(xmem.o)
                0x0000a6f8                xmem_init
 .text.process_thread_sensors_process
                0x0000a734       0xc2 build/sky/contiki-ng-sky.a(sensors.o)
 .text.sensors_changed
                0x0000a7f6       0x2a build/sky/contiki-ng-sky.a(sensors.o)
                0x0000a7f6                sensors_changed
 .text.get_object
                0x0000a820        0x4 build/sky/contiki-ng-sky.a(cc2420.o)
 .text.set_object
                0x0000a824        0x4 build/sky/contiki-ng-sky.a(cc2420.o)
 .text.strobe   0x0000a828       0x1c build/sky/contiki-ng-sky.a(cc2420.o)
 .text.getreg   0x0000a844       0x4c build/sky/contiki-ng-sky.a(cc2420.o)
 .text.setreg   0x0000a890       0x4c build/sky/contiki-ng-sky.a(cc2420.o)
 .text.write_ram
                0x0000a8dc       0x7c build/sky/contiki-ng-sky.a(cc2420.o)
 .text.write_fifo_buf
                0x0000a958       0x3c build/sky/contiki-ng-sky.a(cc2420.o)
 .text.get_status
                0x0000a994       0x20 build/sky/contiki-ng-sky.a(cc2420.o)
 .text.on       0x0000a9b4       0x1a build/sky/contiki-ng-sky.a(cc2420.o)
 .text.cc2420_receiving_packet
                0x0000a9ce        0xc build/sky/contiki-ng-sky.a(cc2420.o)
 .text.pending_packet
                0x0000a9da        0x8 build/sky/contiki-ng-sky.a(cc2420.o)
 .text.wait_for_transmission
                0x0000a9e2       0x22 build/sky/contiki-ng-sky.a(cc2420.o)
 .text.wait_for_status
                0x0000aa04       0x28 build/sky/contiki-ng-sky.a(cc2420.o)
 .text.getrxdata
                0x0000aa2c       0x50 build/sky/contiki-ng-sky.a(cc2420.o)
 .text.flushrx  0x0000aa7c       0x1a build/sky/contiki-ng-sky.a(cc2420.o)
 .text.off      0x0000aa96       0x28 build/sky/contiki-ng-sky.a(cc2420.o)
 .text.RELEASE_LOCK
                0x0000aabe       0x28 build/sky/contiki-ng-sky.a(cc2420.o)
 .text.set_key  0x0000aae6       0x18 build/sky/contiki-ng-sky.a(cc2420.o)
 .text.set_frame_filtering
                0x0000aafe       0x30 build/sky/contiki-ng-sky.a(cc2420.o)
 .text.set_auto_ack
                0x0000ab2e       0x30 build/sky/contiki-ng-sky.a(cc2420.o)
 .text.set_poll_mode
                0x0000ab5e       0x2c build/sky/contiki-ng-sky.a(cc2420.o)
 .text.cc2420_prepare
                0x0000ab8a       0x46 build/sky/contiki-ng-sky.a(cc2420.o)
 .text.cc2420_on
                0x0000abd0       0x22 build/sky/contiki-ng-sky.a(cc2420.o)
                0x0000abd0                cc2420_on
 .text.cc2420_transmit
                0x0000abf2       0x66 build/sky/contiki-ng-sky.a(cc2420.o)
 .text.cc2420_send
                0x0000ac58       0x12 build/sky/contiki-ng-sky.a(cc2420.o)
 .text.cc2420_off
                0x0000ac6a       0x30 build/sky/contiki-ng-sky.a(cc2420.o)
                0x0000ac6a                cc2420_off
 .text.cc2420_cca
                0x0000ac9a       0x68 build/sky/contiki-ng-sky.a(cc2420.o)
 .text.cc2420_read
                0x0000ad02       0xbe build/sky/contiki-ng-sky.a(cc2420.o)
 .text.process_thread_cc2420_process
                0x0000adc0       0x62 build/sky/contiki-ng-sky.a(cc2420.o)
 .text.encrypt  0x0000ae22       0x88 build/sky/contiki-ng-sky.a(cc2420.o)
 .text.cc2420_set_channel
                0x0000aeaa       0x3c build/sky/contiki-ng-sky.a(cc2420.o)
                0x0000aeaa                cc2420_set_channel
 .text.cc2420_set_pan_addr
                0x0000aee6       0x4c build/sky/contiki-ng-sky.a(cc2420.o)
                0x0000aee6                cc2420_set_pan_addr
 .text.cc2420_interrupt
                0x0000af32       0x16 build/sky/contiki-ng-sky.a(cc2420.o)
                0x0000af32                cc2420_interrupt
 .text.cc2420_set_txpower
                0x0000af48       0x2c build/sky/contiki-ng-sky.a(cc2420.o)
                0x0000af48                cc2420_set_txpower
 .text.cc2420_get_txpower
                0x0000af74       0x1e build/sky/contiki-ng-sky.a(cc2420.o)
                0x0000af74                cc2420_get_txpower
 .text.cc2420_rssi
                0x0000af92       0x4c build/sky/contiki-ng-sky.a(cc2420.o)
                0x0000af92                cc2420_rssi
 .text.get_value
                0x0000afde      0x11e build/sky/contiki-ng-sky.a(cc2420.o)
 .text.cc2420_set_cca_threshold
                0x0000b0fc       0x16 build/sky/contiki-ng-sky.a(cc2420.o)
                0x0000b0fc                cc2420_set_cca_threshold
 .text.set_value
                0x0000b112      0x150 build/sky/contiki-ng-sky.a(cc2420.o)
 .text.cc2420_init
                0x0000b262       0xea build/sky/contiki-ng-sky.a(cc2420.o)
                0x0000b262                cc2420_init
 .text.cc2420_port1_interrupt
                0x0000b34c       0x20 build/sky/contiki-ng-sky.a(cc2420-arch.o)
                0x0000b34c                __isr_4
                0x0000b34c                cc2420_port1_interrupt
 .text.cc2420_arch_init
                0x0000b36c       0x1a build/sky/contiki-ng-sky.a(cc2420-arch.o)
                0x0000b36c                cc2420_arch_init
 .text.uart1_active
                0x0000b386       0x18 build/sky/contiki-ng-sky.a(uart1.o)
                0x0000b386                uart1_active
 .text.uart1_writeb
                0x0000b39e       0x18 build/sky/contiki-ng-sky.a(uart1.o)
                0x0000b39e                uart1_writeb
 .text.uart1_init
                0x0000b3b6       0xf4 build/sky/contiki-ng-sky.a(uart1.o)
                0x0000b3b6                uart1_init
 .text.timera0  0x0000b4aa       0x2e build/sky/contiki-ng-sky.a(rtimer-arch.o)
                0x0000b4aa                __isr_6
                0x0000b4aa                timera0
 .text.rtimer_arch_init
                0x0000b4d8        0xe build/sky/contiki-ng-sky.a(rtimer-arch.o)
                0x0000b4d8                rtimer_arch_init
 .text.rtimer_arch_now
                0x0000b4e6        0xe build/sky/contiki-ng-sky.a(rtimer-arch.o)
                0x0000b4e6                rtimer_arch_now
 .text.rtimer_arch_schedule
                0x0000b4f4        0x6 build/sky/contiki-ng-sky.a(rtimer-arch.o)
                0x0000b4f4                rtimer_arch_schedule
 .text.stimer_set
                0x0000b4fa       0x1c build/sky/contiki-ng-sky.a(stimer.o)
                0x0000b4fa                stimer_set
 .text.stimer_expired
                0x0000b516       0x30 build/sky/contiki-ng-sky.a(stimer.o)
                0x0000b516                stimer_expired
 .text.item_from_index
                0x0000b546       0x2a build/sky/contiki-ng-sky.a(nbr-table.o)
 .text.index_from_key
                0x0000b570       0x26 build/sky/contiki-ng-sky.a(nbr-table.o)
 .text.index_from_item
                0x0000b596       0x1e build/sky/contiki-ng-sky.a(nbr-table.o)
 .text.nbr_set_bit
                0x0000b5b4       0x58 build/sky/contiki-ng-sky.a(nbr-table.o)
 .text.index_from_lladdr
                0x0000b60c       0x42 build/sky/contiki-ng-sky.a(nbr-table.o)
 .text.nbr_get_bit.constprop.0
                0x0000b64e       0x2e build/sky/contiki-ng-sky.a(nbr-table.o)
 .text.nbr_table_is_registered
                0x0000b67c       0x22 build/sky/contiki-ng-sky.a(nbr-table.o)
                0x0000b67c                nbr_table_is_registered
 .text.nbr_table_register
                0x0000b69e       0x40 build/sky/contiki-ng-sky.a(nbr-table.o)
                0x0000b69e                nbr_table_register
 .text.nbr_table_next
                0x0000b6de       0x54 build/sky/contiki-ng-sky.a(nbr-table.o)
                0x0000b6de                nbr_table_next
 .text.nbr_table_head
                0x0000b732       0x3a build/sky/contiki-ng-sky.a(nbr-table.o)
                0x0000b732                nbr_table_head
 .text.nbr_table_add_lladdr
                0x0000b76c      0x168 build/sky/contiki-ng-sky.a(nbr-table.o)
                0x0000b76c                nbr_table_add_lladdr
 .text.nbr_table_get_from_lladdr
                0x0000b8d4       0x2c build/sky/contiki-ng-sky.a(nbr-table.o)
                0x0000b8d4                nbr_table_get_from_lladdr
 .text.nbr_table_remove
                0x0000b900       0x32 build/sky/contiki-ng-sky.a(nbr-table.o)
                0x0000b900                nbr_table_remove
 .text.nbr_table_lock
                0x0000b932       0x10 build/sky/contiki-ng-sky.a(nbr-table.o)
                0x0000b932                nbr_table_lock
 .text.nbr_table_unlock
                0x0000b942       0x10 build/sky/contiki-ng-sky.a(nbr-table.o)
                0x0000b942                nbr_table_unlock
 .text.nbr_table_get_lladdr
                0x0000b952       0x22 build/sky/contiki-ng-sky.a(nbr-table.o)
                0x0000b952                nbr_table_get_lladdr
 .text.periodic
                0x0000b974       0x28 build/sky/contiki-ng-sky.a(link-stats.o)
 .text.link_stats_from_lladdr
                0x0000b99c        0xc build/sky/contiki-ng-sky.a(link-stats.o)
                0x0000b99c                link_stats_from_lladdr
 .text.link_stats_is_fresh
                0x0000b9a8       0x30 build/sky/contiki-ng-sky.a(link-stats.o)
                0x0000b9a8                link_stats_is_fresh
 .text.guess_etx_from_rssi
                0x0000b9d8       0x42 build/sky/contiki-ng-sky.a(link-stats.o)
                0x0000b9d8                guess_etx_from_rssi
 .text.link_stats_packet_sent
                0x0000ba1a       0xda build/sky/contiki-ng-sky.a(link-stats.o)
                0x0000ba1a                link_stats_packet_sent
 .text.link_stats_input_callback
                0x0000baf4       0xb4 build/sky/contiki-ng-sky.a(link-stats.o)
                0x0000baf4                link_stats_input_callback
 .text.link_stats_reset
                0x0000bba8       0x2a build/sky/contiki-ng-sky.a(link-stats.o)
                0x0000bba8                link_stats_reset
 .text.link_stats_init
                0x0000bbd2       0x22 build/sky/contiki-ng-sky.a(link-stats.o)
                0x0000bbd2                link_stats_init
 .text.mac_sequence_is_duplicate
                0x0000bbf4       0x84 build/sky/contiki-ng-sky.a(mac-sequence.o)
                0x0000bbf4                mac_sequence_is_duplicate
 .text.mac_sequence_register_seqno
                0x0000bc78       0x90 build/sky/contiki-ng-sky.a(mac-sequence.o)
                0x0000bc78                mac_sequence_register_seqno
 .text.mac_call_sent_callback
                0x0000bd08       0x14 build/sky/contiki-ng-sky.a(mac.o)
                0x0000bd08                mac_call_sent_callback
 .text.parse    0x0000bd1c       0xa0 build/sky/contiki-ng-sky.a(framer-802154.o)
 .text.framer_802154_setup_params
                0x0000bdbc       0xb8 build/sky/contiki-ng-sky.a(framer-802154.o)
                0x0000bdbc                framer_802154_setup_params
 .text.create_frame
                0x0000be74       0xde build/sky/contiki-ng-sky.a(framer-802154.o)
 .text.create   0x0000bf52        0x8 build/sky/contiki-ng-sky.a(framer-802154.o)
 .text.hdr_length
                0x0000bf5a        0x8 build/sky/contiki-ng-sky.a(framer-802154.o)
 .text.frame802154_get_pan_id
                0x0000bf62        0x6 build/sky/contiki-ng-sky.a(frame802154.o)
                0x0000bf62                frame802154_get_pan_id
 .text.frame802154_has_panid
                0x0000bf68       0xe0 build/sky/contiki-ng-sky.a(frame802154.o)
                0x0000bf68                frame802154_has_panid
 .text.field_len
                0x0000c048       0xac build/sky/contiki-ng-sky.a(frame802154.o)
 .text.frame802154_is_broadcast_addr
                0x0000c0f4       0x28 build/sky/contiki-ng-sky.a(frame802154.o)
                0x0000c0f4                frame802154_is_broadcast_addr
 .text.frame802154_hdrlen
                0x0000c11c       0x32 build/sky/contiki-ng-sky.a(frame802154.o)
                0x0000c11c                frame802154_hdrlen
 .text.frame802154_create_fcf
                0x0000c14e       0x96 build/sky/contiki-ng-sky.a(frame802154.o)
                0x0000c14e                frame802154_create_fcf
 .text.frame802154_create
                0x0000c1e4       0xe4 build/sky/contiki-ng-sky.a(frame802154.o)
                0x0000c1e4                frame802154_create
 .text.frame802154_parse_fcf
                0x0000c2c8       0xbc build/sky/contiki-ng-sky.a(frame802154.o)
                0x0000c2c8                frame802154_parse_fcf
 .text.frame802154_parse
                0x0000c384      0x168 build/sky/contiki-ng-sky.a(frame802154.o)
                0x0000c384                frame802154_parse
 .text.csma_security_create_frame
                0x0000c4ec       0x10 build/sky/contiki-ng-sky.a(csma-security.o)
                0x0000c4ec                csma_security_create_frame
 .text.csma_security_parse_frame
                0x0000c4fc        0x6 build/sky/contiki-ng-sky.a(csma-security.o)
                0x0000c4fc                csma_security_parse_frame
 .text.uipbuf_add_ext_hdr
                0x0000c502       0x1c build/sky/contiki-ng-sky.a(uipbuf.o)
                0x0000c502                uipbuf_add_ext_hdr
 .text.uipbuf_set_len
                0x0000c51e       0x12 build/sky/contiki-ng-sky.a(uipbuf.o)
                0x0000c51e                uipbuf_set_len
 .text.uipbuf_set_len_field
                0x0000c530        0xe build/sky/contiki-ng-sky.a(uipbuf.o)
                0x0000c530                uipbuf_set_len_field
 .text.uipbuf_get_len_field
                0x0000c53e        0xe build/sky/contiki-ng-sky.a(uipbuf.o)
                0x0000c53e                uipbuf_get_len_field
 .text.uipbuf_get_next_header
                0x0000c54c       0x62 build/sky/contiki-ng-sky.a(uipbuf.o)
                0x0000c54c                uipbuf_get_next_header
 .text.uipbuf_get_last_header
                0x0000c5ae       0x3e build/sky/contiki-ng-sky.a(uipbuf.o)
                0x0000c5ae                uipbuf_get_last_header
 .text.uipbuf_search_header
                0x0000c5ec       0x4e build/sky/contiki-ng-sky.a(uipbuf.o)
                0x0000c5ec                uipbuf_search_header
 .text.uipbuf_get_attr
                0x0000c63a       0x14 build/sky/contiki-ng-sky.a(uipbuf.o)
                0x0000c63a                uipbuf_get_attr
 .text.uipbuf_clear_attr
                0x0000c64e       0x12 build/sky/contiki-ng-sky.a(uipbuf.o)
                0x0000c64e                uipbuf_clear_attr
 .text.uipbuf_clear
                0x0000c660       0x12 build/sky/contiki-ng-sky.a(uipbuf.o)
                0x0000c660                uipbuf_clear
 .text.uipbuf_init
                0x0000c672       0x1a build/sky/contiki-ng-sky.a(uipbuf.o)
                0x0000c672                uipbuf_init
 .text.echo_reply_input
                0x0000c68c       0x68 build/sky/contiki-ng-sky.a(uip-icmp6.o)
 .text.echo_request_input
                0x0000c6f4       0x86 build/sky/contiki-ng-sky.a(uip-icmp6.o)
 .text.uip_icmp6_input
                0x0000c77a       0x48 build/sky/contiki-ng-sky.a(uip-icmp6.o)
                0x0000c77a                uip_icmp6_input
 .text.uip_icmp6_register_input_handler
                0x0000c7c2        0xc build/sky/contiki-ng-sky.a(uip-icmp6.o)
                0x0000c7c2                uip_icmp6_register_input_handler
 .text.uip_icmp6_error_output
                0x0000c7ce      0x146 build/sky/contiki-ng-sky.a(uip-icmp6.o)
                0x0000c7ce                uip_icmp6_error_output
 .text.uip_icmp6_send
                0x0000c914       0x94 build/sky/contiki-ng-sky.a(uip-icmp6.o)
                0x0000c914                uip_icmp6_send
 .text.uip_icmp6_init
                0x0000c9a8       0x12 build/sky/contiki-ng-sky.a(uip-icmp6.o)
                0x0000c9a8                uip_icmp6_init
 .text.node_matches_address.part.0
                0x0000c9ba       0x2e build/sky/contiki-ng-sky.a(uip-sr.o)
 .text.uip_sr_get_node
                0x0000c9e8       0x44 build/sky/contiki-ng-sky.a(uip-sr.o)
                0x0000c9e8                uip_sr_get_node
 .text.uip_sr_is_addr_reachable
                0x0000ca2c       0x4e build/sky/contiki-ng-sky.a(uip-sr.o)
                0x0000ca2c                uip_sr_is_addr_reachable
 .text.uip_sr_expire_parent
                0x0000ca7a       0x42 build/sky/contiki-ng-sky.a(uip-sr.o)
                0x0000ca7a                uip_sr_expire_parent
 .text.uip_sr_update_node
                0x0000cabc       0xbc build/sky/contiki-ng-sky.a(uip-sr.o)
                0x0000cabc                uip_sr_update_node
 .text.uip_sr_init
                0x0000cb78       0x16 build/sky/contiki-ng-sky.a(uip-sr.o)
                0x0000cb78                uip_sr_init
 .text.uip_sr_periodic
                0x0000cb8e       0x9a build/sky/contiki-ng-sky.a(uip-sr.o)
                0x0000cb8e                uip_sr_periodic
 .text.uip_sr_free_all
                0x0000cc28       0x3c build/sky/contiki-ng-sky.a(uip-sr.o)
                0x0000cc28                uip_sr_free_all
 .text.init_dag
                0x0000cc64       0x84 build/sky/contiki-ng-sky.a(rpl-dag.o)
 .text.process_dio_init_dag
                0x0000cce8       0xb0 build/sky/contiki-ng-sky.a(rpl-dag.o)
 .text.rpl_dag_get_root_ipaddr
                0x0000cd98       0x1e build/sky/contiki-ng-sky.a(rpl-dag.o)
                0x0000cd98                rpl_dag_get_root_ipaddr
 .text.rpl_dag_leave
                0x0000cdb6       0x4a build/sky/contiki-ng-sky.a(rpl-dag.o)
                0x0000cdb6                rpl_dag_leave
 .text.rpl_dag_poison_and_leave
                0x0000ce00        0xc build/sky/contiki-ng-sky.a(rpl-dag.o)
                0x0000ce00                rpl_dag_poison_and_leave
 .text.rpl_dag_periodic
                0x0000ce0c       0x6a build/sky/contiki-ng-sky.a(rpl-dag.o)
                0x0000ce0c                rpl_dag_periodic
 .text.rpl_is_addr_in_our_dag
                0x0000ce76       0x34 build/sky/contiki-ng-sky.a(rpl-dag.o)
                0x0000ce76                rpl_is_addr_in_our_dag
 .text.rpl_local_repair
                0x0000ceaa       0x2a build/sky/contiki-ng-sky.a(rpl-dag.o)
                0x0000ceaa                rpl_local_repair
 .text.rpl_global_repair
                0x0000ced4       0x2e build/sky/contiki-ng-sky.a(rpl-dag.o)
                0x0000ced4                rpl_global_repair
 .text.rpl_dag_ready_to_advertise
                0x0000cf02       0x22 build/sky/contiki-ng-sky.a(rpl-dag.o)
                0x0000cf02                rpl_dag_ready_to_advertise
 .text.rpl_dag_update_state
                0x0000cf24      0x140 build/sky/contiki-ng-sky.a(rpl-dag.o)
                0x0000cf24                rpl_dag_update_state
 .text.rpl_process_dio
                0x0000d064      0x1b6 build/sky/contiki-ng-sky.a(rpl-dag.o)
                0x0000d064                rpl_process_dio
 .text.rpl_process_dis
                0x0000d21a       0x2a build/sky/contiki-ng-sky.a(rpl-dag.o)
                0x0000d21a                rpl_process_dis
 .text.rpl_process_dao
                0x0000d244       0x6c build/sky/contiki-ng-sky.a(rpl-dag.o)
                0x0000d244                rpl_process_dao
 .text.rpl_process_dao_ack
                0x0000d2b0       0x54 build/sky/contiki-ng-sky.a(rpl-dag.o)
                0x0000d2b0                rpl_process_dao_ack
 .text.rpl_process_hbh
                0x0000d304       0x2e build/sky/contiki-ng-sky.a(rpl-dag.o)
                0x0000d304                rpl_process_hbh
 .text.rpl_dag_init_root
                0x0000d332       0xbc build/sky/contiki-ng-sky.a(rpl-dag.o)
                0x0000d332                rpl_dag_init_root
 .text.rpl_dag_init
                0x0000d3ee       0x10 build/sky/contiki-ng-sky.a(rpl-dag.o)
                0x0000d3ee                rpl_dag_init
 .text.remove_neighbor
                0x0000d3fe       0x24 build/sky/contiki-ng-sky.a(rpl-neighbor.o)
 .text.rpl_neighbor_get_from_lladdr
                0x0000d422        0xc build/sky/contiki-ng-sky.a(rpl-neighbor.o)
                0x0000d422                rpl_neighbor_get_from_lladdr
 .text.rpl_neighbor_rank_via_nbr
                0x0000d42e       0x18 build/sky/contiki-ng-sky.a(rpl-neighbor.o)
                0x0000d42e                rpl_neighbor_rank_via_nbr
 .text.rpl_neighbor_get_lladdr
                0x0000d446        0xc build/sky/contiki-ng-sky.a(rpl-neighbor.o)
                0x0000d446                rpl_neighbor_get_lladdr
 .text.rpl_neighbor_get_ipaddr
                0x0000d452        0xa build/sky/contiki-ng-sky.a(rpl-neighbor.o)
                0x0000d452                rpl_neighbor_get_ipaddr
 .text.rpl_neighbor_get_link_stats
                0x0000d45c        0xa build/sky/contiki-ng-sky.a(rpl-neighbor.o)
                0x0000d45c                rpl_neighbor_get_link_stats
 .text.rpl_neighbor_is_fresh
                0x0000d466        0xa build/sky/contiki-ng-sky.a(rpl-neighbor.o)
                0x0000d466                rpl_neighbor_is_fresh
 .text.best_parent
                0x0000d470       0xb4 build/sky/contiki-ng-sky.a(rpl-neighbor.o)
 .text.rpl_neighbor_is_parent
                0x0000d524       0x18 build/sky/contiki-ng-sky.a(rpl-neighbor.o)
                0x0000d524                rpl_neighbor_is_parent
 .text.rpl_neighbor_set_preferred_parent
                0x0000d53c       0x48 build/sky/contiki-ng-sky.a(rpl-neighbor.o)
                0x0000d53c                rpl_neighbor_set_preferred_parent
 .text.rpl_neighbor_remove_all
                0x0000d584       0x30 build/sky/contiki-ng-sky.a(rpl-neighbor.o)
                0x0000d584                rpl_neighbor_remove_all
 .text.rpl_neighbor_get_from_ipaddr
                0x0000d5b4       0x14 build/sky/contiki-ng-sky.a(rpl-neighbor.o)
                0x0000d5b4                rpl_neighbor_get_from_ipaddr
 .text.rpl_neighbor_select_best
                0x0000d5c8       0x54 build/sky/contiki-ng-sky.a(rpl-neighbor.o)
                0x0000d5c8                rpl_neighbor_select_best
 .text.rpl_neighbor_init
                0x0000d61c        0xe build/sky/contiki-ng-sky.a(rpl-neighbor.o)
                0x0000d61c                rpl_neighbor_init
 .text.handle_state_update
                0x0000d62a        0x6 build/sky/contiki-ng-sky.a(rpl-timers.o)
 .text.handle_leaving_timer
                0x0000d630        0xc build/sky/contiki-ng-sky.a(rpl-timers.o)
 .text.schedule_dao_retransmission
                0x0000d63c       0x34 build/sky/contiki-ng-sky.a(rpl-timers.o)
 .text.new_dio_interval
                0x0000d670       0x8a build/sky/contiki-ng-sky.a(rpl-timers.o)
 .text.handle_unicast_dio_timer
                0x0000d6fa       0x12 build/sky/contiki-ng-sky.a(rpl-timers.o)
 .text.send_new_dao
                0x0000d70c       0x28 build/sky/contiki-ng-sky.a(rpl-timers.o)
 .text.resend_dao
                0x0000d734       0x24 build/sky/contiki-ng-sky.a(rpl-timers.o)
 .text.handle_dao_ack_timer
                0x0000d758       0x12 build/sky/contiki-ng-sky.a(rpl-timers.o)
 .text.handle_dio_timer
                0x0000d76a       0x6e build/sky/contiki-ng-sky.a(rpl-timers.o)
 .text.rpl_timers_schedule_periodic_dis
                0x0000d7d8       0x40 build/sky/contiki-ng-sky.a(rpl-timers.o)
                0x0000d7d8                rpl_timers_schedule_periodic_dis
 .text.handle_periodic_timer
                0x0000d818       0x3a build/sky/contiki-ng-sky.a(rpl-timers.o)
 .text.handle_dis_timer
                0x0000d852       0x26 build/sky/contiki-ng-sky.a(rpl-timers.o)
 .text.rpl_timers_dio_reset
                0x0000d878       0x2e build/sky/contiki-ng-sky.a(rpl-timers.o)
                0x0000d878                rpl_timers_dio_reset
 .text.rpl_timers_schedule_unicast_dio
                0x0000d8a6       0x20 build/sky/contiki-ng-sky.a(rpl-timers.o)
                0x0000d8a6                rpl_timers_schedule_unicast_dio
 .text.rpl_timers_schedule_dao
                0x0000d8c6       0x3c build/sky/contiki-ng-sky.a(rpl-timers.o)
                0x0000d8c6                rpl_timers_schedule_dao
 .text.rpl_timers_schedule_dao_ack
                0x0000d902       0x34 build/sky/contiki-ng-sky.a(rpl-timers.o)
                0x0000d902                rpl_timers_schedule_dao_ack
 .text.rpl_timers_notify_dao_ack
                0x0000d936       0x82 build/sky/contiki-ng-sky.a(rpl-timers.o)
                0x0000d936                rpl_timers_notify_dao_ack
 .text.get_probing_delay
                0x0000d9b8       0x1c build/sky/contiki-ng-sky.a(rpl-timers.o)
                0x0000d9b8                get_probing_delay
 .text.get_probing_target
                0x0000d9d4       0xee build/sky/contiki-ng-sky.a(rpl-timers.o)
                0x0000d9d4                get_probing_target
 .text.rpl_schedule_probing
                0x0000dac2       0x20 build/sky/contiki-ng-sky.a(rpl-timers.o)
                0x0000dac2                rpl_schedule_probing
 .text.handle_probing_timer
                0x0000dae2       0x2a build/sky/contiki-ng-sky.a(rpl-timers.o)
 .text.rpl_schedule_probing_now
                0x0000db0c       0x24 build/sky/contiki-ng-sky.a(rpl-timers.o)
                0x0000db0c                rpl_schedule_probing_now
 .text.rpl_timers_unschedule_leaving
                0x0000db30       0x1c build/sky/contiki-ng-sky.a(rpl-timers.o)
                0x0000db30                rpl_timers_unschedule_leaving
 .text.rpl_timers_schedule_leaving
                0x0000db4c       0x2a build/sky/contiki-ng-sky.a(rpl-timers.o)
                0x0000db4c                rpl_timers_schedule_leaving
 .text.rpl_timers_init
                0x0000db76       0x1c build/sky/contiki-ng-sky.a(rpl-timers.o)
                0x0000db76                rpl_timers_init
 .text.rpl_timers_stop_dag_timers
                0x0000db92       0x4c build/sky/contiki-ng-sky.a(rpl-timers.o)
                0x0000db92                rpl_timers_stop_dag_timers
 .text.rpl_timers_unschedule_state_update
                0x0000dbde       0x10 build/sky/contiki-ng-sky.a(rpl-timers.o)
                0x0000dbde                rpl_timers_unschedule_state_update
 .text.rpl_timers_schedule_state_update
                0x0000dbee       0x1c build/sky/contiki-ng-sky.a(rpl-timers.o)
                0x0000dbee                rpl_timers_schedule_state_update
 .text.update_hbh_header
                0x0000dc0a       0x4a build/sky/contiki-ng-sky.a(rpl-ext-header.)
 .text.rpl_ext_header_srh_get_next_hop
                0x0000dc54       0x84 build/sky/contiki-ng-sky.a(rpl-ext-header.)
                0x0000dc54                rpl_ext_header_srh_get_next_hop
 .text.rpl_ext_header_srh_update
                0x0000dcd8      0x106 build/sky/contiki-ng-sky.a(rpl-ext-header.)
                0x0000dcd8                rpl_ext_header_srh_update
 .text.rpl_ext_header_hbh_update
                0x0000ddde       0x9e build/sky/contiki-ng-sky.a(rpl-ext-header.)
                0x0000ddde                rpl_ext_header_hbh_update
 .text.rpl_ext_header_remove
                0x0000de7c       0xcc build/sky/contiki-ng-sky.a(rpl-ext-header.)
                0x0000de7c                rpl_ext_header_remove
 .text.rpl_ext_header_update
                0x0000df48      0x2aa build/sky/contiki-ng-sky.a(rpl-ext-header.)
                0x0000df48                rpl_ext_header_update
 .text.update_state
                0x0000e1f2       0x78 build/sky/contiki-ng-sky.a(rpl-nbr-policy.)
 .text.rpl_nbr_policy_find_removable
                0x0000e26a       0x50 build/sky/contiki-ng-sky.a(rpl-nbr-policy.)
                0x0000e26a                rpl_nbr_policy_find_removable
 .text.reset    0x0000e2ba        0x2 build/sky/contiki-ng-sky.a(rpl-mrhof.o)
 .text.update_metric_container
                0x0000e2bc        0x6 build/sky/contiki-ng-sky.a(rpl-mrhof.o)
 .text.nbr_link_metric
                0x0000e2c2       0x12 build/sky/contiki-ng-sky.a(rpl-mrhof.o)
 .text.nbr_has_usable_link
                0x0000e2d4       0x14 build/sky/contiki-ng-sky.a(rpl-mrhof.o)
 .text.nbr_path_cost
                0x0000e2e8       0x38 build/sky/contiki-ng-sky.a(rpl-mrhof.o)
 .text.within_hysteresis
                0x0000e320       0x54 build/sky/contiki-ng-sky.a(rpl-mrhof.o)
 .text.nbr_is_acceptable_parent
                0x0000e374       0x2c build/sky/contiki-ng-sky.a(rpl-mrhof.o)
 .text.rank_via_nbr
                0x0000e3a0       0x48 build/sky/contiki-ng-sky.a(rpl-mrhof.o)
 .text.best_parent
                0x0000e3e8       0x7c build/sky/contiki-ng-sky.a(rpl-mrhof.o)
 .text.spi_init
                0x0000e464       0x30 build/sky/contiki-ng-sky.a(spi-legacy.o)
                0x0000e464                spi_init
 .text.libgcc   0x0000e494       0x2c /usr/local/bin/../lib/gcc/msp430/4.7.2/mmpy-16/libgcc.a(_mulsi3.o)
                0x0000e494                __mulsi3
 .text.libgcc   0x0000e4c0       0x22 /usr/local/bin/../lib/gcc/msp430/4.7.2/mmpy-16/libgcc.a(_udivmod16.o)
                0x0000e4c0                __udivhi3
                0x0000e4c0                __ext_udivmod16
                0x0000e4da                __umodhi3
 .text.libgcc   0x0000e4e2       0x3a /usr/local/bin/../lib/gcc/msp430/4.7.2/mmpy-16/libgcc.a(_divmod16.o)
                0x0000e4e2                __ext_divmod16
                0x0000e4e2                __divhi3
                0x0000e514                __modhi3
 .text.libgcc   0x0000e51c       0x40 /usr/local/bin/../lib/gcc/msp430/4.7.2/mmpy-16/libgcc.a(_udivmod32.o)
                0x0000e51c                __udivsi3
                0x0000e51c                __ext_udivmod32
                0x0000e552                __umodsi3
 .text.libgcc   0x0000e55c       0x4c /usr/local/bin/../lib/gcc/msp430/4.7.2/mmpy-16/libgcc.a(_divmod32.o)
                0x0000e55c                __ext_divmod32
                0x0000e55c                __divsi3
                0x0000e59e                __modsi3
 .text.printf   0x0000e5a8       0x10 /usr/local/bin/../lib/gcc/msp430/4.7.2/../../../../msp430/lib/mmpy-16/libc.a(printf.o)
                0x0000e5a8                printf
 .text.append   0x0000e5b8       0x22 /usr/local/bin/../lib/gcc/msp430/4.7.2/../../../../msp430/lib/mmpy-16/libc.a(sprintf.o)
 .text.call_vuprintf
                0x0000e5da       0x3a /usr/local/bin/../lib/gcc/msp430/4.7.2/../../../../msp430/lib/mmpy-16/libc.a(sprintf.o)
 .text.sprintf  0x0000e614       0x1c /usr/local/bin/../lib/gcc/msp430/4.7.2/../../../../msp430/lib/mmpy-16/libc.a(sprintf.o)
                0x0000e614                sprintf
 .text.snprintf
                0x0000e630       0x1a /usr/local/bin/../lib/gcc/msp430/4.7.2/../../../../msp430/lib/mmpy-16/libc.a(sprintf.o)
                0x0000e630                snprintf
 .text.print_field
                0x0000e64a      0x194 /usr/local/bin/../lib/gcc/msp430/4.7.2/../../../../msp430/lib/mmpy-16/libc.a(vuprintf.o)
 .text.vuprintf
                0x0000e7de      0x63e /usr/local/bin/../lib/gcc/msp430/4.7.2/../../../../msp430/lib/mmpy-16/libc.a(vuprintf.o)
                0x0000e7de                vuprintf
 .text.puts     0x0000ee1c       0x2c /usr/local/bin/../lib/gcc/msp430/4.7.2/../../../../msp430/lib/mmpy-16/libc.a(puts.o)
                0x0000ee1c                puts
 .text.rand     0x0000ee48       0x26 /usr/local/bin/../lib/gcc/msp430/4.7.2/../../../../msp430/lib/mmpy-16/libc.a(rand.o)
                0x0000ee48                rand
 .text.srand    0x0000ee6e        0xa /usr/local/bin/../lib/gcc/msp430/4.7.2/../../../../msp430/lib/mmpy-16/libc.a(rand.o)
                0x0000ee6e                srand
 .text.strncmp  0x0000ee78       0x2a /usr/local/bin/../lib/gcc/msp430/4.7.2/../../../../msp430/lib/mmpy-16/libc.a(strncmp.o)
                0x0000ee78                strncmp
 .text.memcmp   0x0000eea2       0x30 /usr/local/bin/../lib/gcc/msp430/4.7.2/../../../../msp430/lib/mmpy-16/libc.a(memcmp.o)
                0x0000eea2                memcmp
 .text.strncpy  0x0000eed2       0x2a /usr/local/bin/../lib/gcc/msp430/4.7.2/../../../../msp430/lib/mmpy-16/libc.a(strncpy.o)
                0x0000eed2                strncpy
 .text.memcpy   0x0000eefc       0xfa /usr/local/bin/../lib/gcc/msp430/4.7.2/../../../../msp430/lib/mmpy-16/libc.a(memcpy.o)
                0x0000eefc                memcpy
 .text.memmove  0x0000eff6       0xfa /usr/local/bin/../lib/gcc/msp430/4.7.2/../../../../msp430/lib/mmpy-16/libc.a(memmove.o)
                0x0000eff6                memmove
 .text.memset   0x0000f0f0       0x6a /usr/local/bin/../lib/gcc/msp430/4.7.2/../../../../msp430/lib/mmpy-16/libc.a(memset.o)
                0x0000f0f0                memset
 .text.libgcc   0x0000f15a       0xf0 /usr/local/bin/../lib/gcc/msp430/4.7.2/mmpy-16/libgcc.a(_udivmod64.o)
                0x0000f15a                __xabi_udivmod64
                0x0000f1b8                __udivdi3
                0x0000f1de                __umoddi3
                0x0000f20c                __udivmoddi4
 .text.crt0     0x0000f24a        0x2 /usr/local/bin/../lib/gcc/msp430/4.7.2/mmpy-16/libcrt0.a(_unexpected_.o)
                0x0000f24a                _unexpected_
 *(.near.text .near.text.*)

.rodata         0x0000f24c      0x5dd
                0x0000f24c                . = ALIGN (0x2)
 *(.rodata .rodata.* .gnu.linkonce.r.*)
 .rodata        0x0000f24c       0x6a websense.o
                0x0000f2a0                autostart_processes
 .rodata        0x0000f2b6      0x116 build/sky/obj/httpd-simple.o
                0x0000f30f                http_index_html
                0x0000f311                http_get
                0x0000f316                http_header_404
                0x0000f355                http_header_200
                0x0000f38d                http_content_type_json
                0x0000f3b0                http_content_type_html
 .rodata        0x0000f3cc       0xf3 build/sky/obj/contiki-main.o
 .rodata        0x0000f4bf       0x31 build/sky/contiki-ng-sky.a(platform.o)
 .rodata        0x0000f4f0        0xc build/sky/contiki-ng-sky.a(etimer.o)
 .rodata        0x0000f4fc       0xb6 build/sky/contiki-ng-sky.a(log.o)
 .rodata        0x0000f5b2        0xf build/sky/contiki-ng-sky.a(ctimer.o)
 *fill*         0x0000f5c1        0x1 00
 .rodata        0x0000f5c2        0x8 build/sky/contiki-ng-sky.a(linkaddr.o)
                0x0000f5c2                linkaddr_null
 .rodata        0x0000f5ca       0x14 build/sky/contiki-ng-sky.a(csma.o)
                0x0000f5d0                csma_driver
 .rodata        0x0000f5de        0xd build/sky/contiki-ng-sky.a(tcpip.o)
 *fill*         0x0000f5eb        0x1 00
 .rodata.uip_process
                0x0000f5ec       0x20 build/sky/contiki-ng-sky.a(uip6.o)
 .rodata        0x0000f60c       0x26 build/sky/contiki-ng-sky.a(sicslowpan.o)
                0x0000f618                sicslowpan_driver
                0x0000f620                llprefix
                0x0000f622                unc_mxconf
                0x0000f626                unc_ctxconf
                0x0000f62a                unc_llconf
 .rodata        0x0000f632       0x2d build/sky/contiki-ng-sky.a(uiplib.o)
 *fill*         0x0000f65f        0x1 00
 .rodata        0x0000f660       0x34 build/sky/contiki-ng-sky.a(rpl.o)
                0x0000f66a                rpl_lite_driver
 .rodata        0x0000f694       0x10 build/sky/contiki-ng-sky.a(button-sensor.o)
                0x0000f69c                button_sensor
 .rodata        0x0000f6a4        0x8 build/sky/contiki-ng-sky.a(sensors.o)
 .rodata.get_value
                0x0000f6ac       0x34 build/sky/contiki-ng-sky.a(cc2420.o)
 .rodata.set_value
                0x0000f6e0       0x10 build/sky/contiki-ng-sky.a(cc2420.o)
 .rodata        0x0000f6f0       0x3e build/sky/contiki-ng-sky.a(cc2420.o)
                0x0000f6f0                cc2420_aes_128_driver
                0x0000f6f4                cc2420_driver
 .rodata        0x0000f72e        0x6 build/sky/contiki-ng-sky.a(framer-802154.o)
                0x0000f72e                framer_802154
 .rodata        0x0000f734        0x2 build/sky/contiki-ng-sky.a(frame802154.o)
 .rodata        0x0000f736       0xe0 build/sky/contiki-ng-sky.a(rpl-dag.o)
 .rodata        0x0000f816        0xc build/sky/contiki-ng-sky.a(rpl-timers.o)
 .rodata.vuprintf
                0x0000f822        0x7 /usr/local/bin/../lib/gcc/msp430/4.7.2/../../../../msp430/lib/mmpy-16/libc.a(vuprintf.o)
 *(.near.rodata .near.rodata.*)
                0x0000f82a                . = ALIGN (0x2)
                0x0000f82a                _etext = .

.data           0x00001100      0x142 load address 0x0000f82a
                0x00001100                . = ALIGN (0x2)
                0x00001100                __data_start = .
 *(.data .data.* .gnu.linkonce.d.*)
 .data          0x00001100       0x14 websense.o
                0x00001100                web_sense
                0x0000110a                webserver_nogui_process
 .data          0x00001114        0x8 build/sky/obj/httpd-simple.o
 .data          0x0000111c        0x2 build/sky/contiki-ng-sky.a(msp430.o)
 .data          0x0000111e        0xa build/sky/contiki-ng-sky.a(etimer.o)
                0x0000111e                etimer_process
 .data          0x00001128       0x50 build/sky/contiki-ng-sky.a(log.o)
                0x00001128                all_modules
                0x00001176                curr_log_level_main
 .data          0x00001178        0xa build/sky/contiki-ng-sky.a(ctimer.o)
                0x00001178                ctimer_process
 .data          0x00001182       0x10 build/sky/contiki-ng-sky.a(queuebuf.o)
 .data          0x00001192       0x18 build/sky/contiki-ng-sky.a(csma-output.o)
 .data          0x000011aa        0x8 build/sky/contiki-ng-sky.a(uip-ds6-route.o)
 .data          0x000011b2        0x8 build/sky/contiki-ng-sky.a(uip-ds6-nbr.o)
 .data          0x000011ba        0xa build/sky/contiki-ng-sky.a(tcpip.o)
                0x000011ba                tcpip_process
 .data          0x000011c4        0x6 build/sky/contiki-ng-sky.a(uip-nd6.o)
 .data          0x000011ca       0x18 build/sky/contiki-ng-sky.a(rpl-icmp6.o)
 .data          0x000011e2        0x4 build/sky/contiki-ng-sky.a(contiki-sky-pla)
                0x000011e2                sensors
 .data          0x000011e6        0xa build/sky/contiki-ng-sky.a(sensors.o)
                0x000011e6                sensors_process
 .data          0x000011f0        0xc build/sky/contiki-ng-sky.a(cc2420.o)
                0x000011f0                cc2420_process
 .data          0x000011fc        0x8 build/sky/contiki-ng-sky.a(nbr-table.o)
 .data          0x00001204        0x8 build/sky/contiki-ng-sky.a(link-stats.o)
 .data          0x0000120c        0x2 build/sky/contiki-ng-sky.a(frame802154.o)
 .data          0x0000120e        0xc build/sky/contiki-ng-sky.a(uip-icmp6.o)
 .data          0x0000121a        0x8 build/sky/contiki-ng-sky.a(uip-sr.o)
 .data          0x00001222        0xa build/sky/contiki-ng-sky.a(rpl-neighbor.o)
                0x00001222                rpl_neighbors
 .data          0x0000122c       0x12 build/sky/contiki-ng-sky.a(rpl-mrhof.o)
                0x0000122c                rpl_mrhof
 .data.next     0x0000123e        0x4 /usr/local/bin/../lib/gcc/msp430/4.7.2/../../../../msp430/lib/mmpy-16/libc.a(rand.o)
 *(.near.data .near.data.*)
                0x00001242                . = ALIGN (0x2)
                0x00001242                _edata = .
                0x0000f82a                __data_load_start = LOADADDR (.data)
                0x00000142                __data_size = SIZEOF (.data)

.bss            0x00001242     0x1ec8 load address 0x0000f96c
                0x00001242                __bss_start = .
 *(.bss .bss.*)
 .bss           0x00001242      0x2b8 build/sky/obj/httpd-simple.o
 .bss           0x000014fa        0x8 build/sky/contiki-ng-sky.a(platform.o)
 .bss           0x00001502        0xa build/sky/contiki-ng-sky.a(clock.o)
 .bss           0x0000150c        0x2 build/sky/contiki-ng-sky.a(watchdog.o)
 .bss           0x0000150e        0x6 build/sky/contiki-ng-sky.a(etimer.o)
 .bss           0x00001514       0x16 build/sky/contiki-ng-sky.a(log.o)
                0x00001514                curr_log_level_lwm2m
                0x00001516                curr_log_level_snmp
                0x00001518                curr_log_level_coap
                0x0000151a                curr_log_level_6top
                0x0000151c                curr_log_level_framer
                0x0000151e                curr_log_level_mac
                0x00001520                curr_log_level_nullnet
                0x00001522                curr_log_level_6lowpan
                0x00001524                curr_log_level_ipv6
                0x00001526                curr_log_level_tcpip
                0x00001528                curr_log_level_rpl
 .bss           0x0000152a        0x4 build/sky/contiki-ng-sky.a(ctimer.o)
 .bss           0x0000152e        0x2 build/sky/contiki-ng-sky.a(rtimer.o)
 .bss           0x00001530        0x2 build/sky/contiki-ng-sky.a(node-id.o)
                0x00001530                node_id
 .bss           0x00001532       0xc8 build/sky/contiki-ng-sky.a(process.o)
                0x00001532                process_current
                0x00001534                process_list
 .bss           0x000015fa      0x580 build/sky/contiki-ng-sky.a(queuebuf.o)
 .bss           0x00001b7a       0x86 build/sky/contiki-ng-sky.a(packetbuf.o)
 .bss           0x00001c00        0x2 build/sky/contiki-ng-sky.a(netstack.o)
 .bss           0x00001c02       0xbe build/sky/contiki-ng-sky.a(csma-output.o)
 .bss           0x00001cc0       0x28 build/sky/contiki-ng-sky.a(uip-ds6.o)
 .bss           0x00001ce8       0x3c build/sky/contiki-ng-sky.a(uip-ds6-route.o)
 .bss           0x00001d24      0x120 build/sky/contiki-ng-sky.a(uip-ds6-nbr.o)
 .bss           0x00001e44       0x5e build/sky/contiki-ng-sky.a(tcpip.o)
 .bss           0x00001ea2        0xc build/sky/contiki-ng-sky.a(uip6.o)
                0x00001ea2                uip_last_proto
                0x00001ea4                uip_ext_len
                0x00001ea6                uip_ext_bitmap
 .bss           0x00001eae        0x8 build/sky/contiki-ng-sky.a(uip-nd6.o)
 .bss           0x00001eb6      0x6e0 build/sky/contiki-ng-sky.a(sicslowpan.o)
 .bss           0x00002596        0x1 build/sky/contiki-ng-sky.a(rpl.o)
 *fill*         0x00002597        0x1 00
 .bss           0x00002598       0x12 build/sky/contiki-ng-sky.a(rpl-dag-root.o)
 .bss           0x000025aa        0x8 build/sky/contiki-ng-sky.a(button-sensor.o)
 .bss           0x000025b2        0x6 build/sky/contiki-ng-sky.a(sensors.o)
 .bss           0x000025b8       0x10 build/sky/contiki-ng-sky.a(cc2420.o)
 .bss           0x000025c8       0x9a build/sky/contiki-ng-sky.a(uart1.o)
 .bss           0x00002662       0xe4 build/sky/contiki-ng-sky.a(nbr-table.o)
 .bss           0x00002746       0xa0 build/sky/contiki-ng-sky.a(link-stats.o)
 .bss           0x000027e6       0xe0 build/sky/contiki-ng-sky.a(mac-sequence.o)
 .bss           0x000028c6        0x2 build/sky/contiki-ng-sky.a(framer-802154.o)