Archive member included because of file (symbol)

build/sky/contiki-ng-sky.a(uart1-putchar.o)
                              build/sky/obj/contiki-main.o (putchar)
build/sky/contiki-ng-sky.a(platform.o)
                              build/sky/obj/contiki-main.o (platform_init_stage_one)
build/sky/contiki-ng-sky.a(msp430.o)
                              build/sky/contiki-ng-sky.a(platform.o) (msp430_dco_required)
build/sky/contiki-ng-sky.a(clock.o)
                              build/sky/obj/contiki-main.o (clock_init)
build/sky/contiki-ng-sky.a(leds.o)
                              build/sky/contiki-ng-sky.a(platform.o) (leds_init)
build/sky/contiki-ng-sky.a(leds-arch.o)
                              build/sky/contiki-ng-sky.a(leds.o) (leds_arch_init)
build/sky/contiki-ng-sky.a(watchdog.o)
                              build/sky/obj/contiki-main.o (watchdog_start)
build/sky/contiki-ng-sky.a(rpl-border-rout)
                              build/sky/obj/contiki-main.o (rpl_border_router_init)
build/sky/contiki-ng-sky.a(autostart.o)
                              build/sky/obj/contiki-main.o (autostart_start)
build/sky/contiki-ng-sky.a(energest.o)
                              build/sky/obj/contiki-main.o (energest_init)
build/sky/contiki-ng-sky.a(etimer.o)
                              build/sky/contiki-ng-sky.a(clock.o) (etimer_request_poll)
build/sky/contiki-ng-sky.a(log.o)
                              build/sky/obj/contiki-main.o (log_6addr)
build/sky/contiki-ng-sky.a(ctimer.o)
                              build/sky/obj/contiki-main.o (ctimer_init)
build/sky/contiki-ng-sky.a(rtimer.o)
                              build/sky/obj/contiki-main.o (rtimer_init)
build/sky/contiki-ng-sky.a(node-id.o)
                              build/sky/obj/contiki-main.o (node_id_init)
build/sky/contiki-ng-sky.a(process.o)
                              build/sky/contiki-ng-sky.a(etimer.o) (process_current)
build/sky/contiki-ng-sky.a(timer.o)
                              build/sky/contiki-ng-sky.a(platform.o) (timer_set)
build/sky/contiki-ng-sky.a(list.o)
                              build/sky/contiki-ng-sky.a(ctimer.o) (list_init)
build/sky/contiki-ng-sky.a(random.o)
                              build/sky/contiki-ng-sky.a(platform.o) (random_init)
build/sky/contiki-ng-sky.a(queuebuf.o)
                              build/sky/obj/contiki-main.o (queuebuf_init)
build/sky/contiki-ng-sky.a(packetbuf.o)
                              build/sky/contiki-ng-sky.a(queuebuf.o) (packetbuf_copyto)
build/sky/contiki-ng-sky.a(netstack.o)
                              build/sky/obj/contiki-main.o (netstack_init)
build/sky/contiki-ng-sky.a(linkaddr.o)
                              build/sky/contiki-ng-sky.a(platform.o) (linkaddr_copy)
build/sky/contiki-ng-sky.a(csma.o)
                              build/sky/obj/contiki-main.o (csma_driver)
build/sky/contiki-ng-sky.a(csma-output.o)
                              build/sky/contiki-ng-sky.a(csma.o) (csma_output_packet)
build/sky/contiki-ng-sky.a(uip-ds6.o)
                              build/sky/contiki-ng-sky.a(rpl-border-rout) (uip_ds6_if)
build/sky/contiki-ng-sky.a(uip-ds6-route.o)
                              build/sky/contiki-ng-sky.a(uip-ds6.o) (uip_ds6_route_init)
build/sky/contiki-ng-sky.a(uip-ds6-nbr.o)
                              build/sky/contiki-ng-sky.a(uip-ds6.o) (uip_ds6_neighbors_init)
build/sky/contiki-ng-sky.a(tcpip.o)
                              build/sky/obj/contiki-main.o (tcpip_process)
build/sky/contiki-ng-sky.a(uip6.o)
                              build/sky/contiki-ng-sky.a(tcpip.o) (uip_aligned_buf)
build/sky/contiki-ng-sky.a(uip-nd6.o)
                              build/sky/contiki-ng-sky.a(uip6.o) (uip_nd6_init)
build/sky/contiki-ng-sky.a(sicslowpan.o)
                              build/sky/obj/contiki-main.o (sicslowpan_driver)
build/sky/contiki-ng-sky.a(uiplib.o)
                              build/sky/contiki-ng-sky.a(log.o) (uiplib_ipaddr_snprint)
build/sky/contiki-ng-sky.a(rpl.o)
                              build/sky/obj/contiki-main.o (rpl_lite_driver)
build/sky/contiki-ng-sky.a(rpl-icmp6.o)
                              build/sky/contiki-ng-sky.a(rpl.o) (rpl_icmp6_init)
build/sky/contiki-ng-sky.a(rpl-dag-root.o)
                              build/sky/contiki-ng-sky.a(rpl.o) (rpl_dag_root_set_prefix)
build/sky/contiki-ng-sky.a(slip-bridge.o)
                              build/sky/contiki-ng-sky.a(tcpip.o) (rpl_interface)
build/sky/contiki-ng-sky.a(border-router-e)
                              build/sky/contiki-ng-sky.a(rpl-border-rout) (border_router_process)
build/sky/contiki-ng-sky.a(contiki-sky-pla)
                              build/sky/contiki-ng-sky.a(platform.o) (init_platform)
build/sky/contiki-ng-sky.a(button-sensor.o)
                              build/sky/contiki-ng-sky.a(border-router-e) (button_sensor)
build/sky/contiki-ng-sky.a(ds2411.o)
                              build/sky/contiki-ng-sky.a(platform.o) (ds2411_init)
[...]
Memory Configuration

Name             Origin             Length             Attributes
sfr              0x00000000         0x00000010
peripheral_8bit  0x00000010         0x000000f0
peripheral_16bit 0x00000100         0x00000100
ram_mirror       0x00000200         0x00000800         xw
infomem          0x00001000         0x00000100
infob            0x00001000         0x00000080
infoa            0x00001080         0x00000080
ram              0x00001100         0x00002800         xw
rom              0x00004000         0x0000bfe0         xr
vectors          0x0000ffe0         0x00000020
bsl              0x00000000         0x00000000
infoc            0x00000000         0x00000000
infod            0x00000000         0x00000000
ram2             0x00000000         0x00000000         xw
usbram           0x00000000         0x00000000         xw
far_rom          0x00000000         0x00000000
*default*        0x00000000         0xffffffff

Linker script and memory map

LOAD /usr/local/bin/../lib/gcc/msp430/4.7.2/mmpy-16/crt0ivtbl16.o
                0x000029e0                _stack = _end
LOAD border-router.o
LOAD build/sky/obj/contiki-main.o
LOAD build/sky/contiki-ng-sky.a
LOAD /usr/local/bin/../lib/gcc/msp430/4.7.2/mmpy-16/libgcc.a
LOAD /usr/local/bin/../lib/gcc/msp430/4.7.2/../../../../msp430/lib/mmpy-16/libc.a
LOAD /usr/local/bin/../lib/gcc/msp430/4.7.2/mmpy-16/libgcc.a
LOAD /usr/local/bin/../lib/gcc/msp430/4.7.2/mmpy-16/libcrt0.a
                0x00000080                PROVIDE (__info_segment_size, 0x80)
                0x00001000                PROVIDE (__infob, 0x1000)
                0x00001080                PROVIDE (__infoa, 0x1080)
                0x00000000                __IE1 = 0x0
                0x00000002                __IFG1 = 0x2
                0x00000004                __ME1 = 0x4
                0x00000001                __IE2 = 0x1
                0x00000003                __IFG2 = 0x3
                0x00000005                __ME2 = 0x5
                0x00000120                __WDTCTL = 0x120
                0x00000130                __MPY = 0x130
                0x00000132                __MPYS = 0x132
                0x00000134                __MAC = 0x134
                0x00000136                __MACS = 0x136
                0x00000138                __OP2 = 0x138
                0x0000013a                __RESLO = 0x13a
                0x0000013c                __RESHI = 0x13c
                0x0000013e                __SUMEXT = 0x13e
                0x00000020                __P1IN = 0x20
                0x00000021                __P1OUT = 0x21
                0x00000022                __P1DIR = 0x22
                0x00000023                __P1IFG = 0x23
                0x00000024                __P1IES = 0x24
                0x00000025                __P1IE = 0x25
                0x00000026                __P1SEL = 0x26
                0x00000028                __P2IN = 0x28
                0x00000029                __P2OUT = 0x29
                0x0000002a                __P2DIR = 0x2a
                0x0000002b                __P2IFG = 0x2b
                0x0000002c                __P2IES = 0x2c
                0x0000002d                __P2IE = 0x2d
                0x0000002e                __P2SEL = 0x2e
                0x00000018                __P3IN = 0x18
                0x00000019                __P3OUT = 0x19
                0x0000001a                __P3DIR = 0x1a
                0x0000001b                __P3SEL = 0x1b
                0x0000001c                __P4IN = 0x1c
                0x0000001d                __P4OUT = 0x1d
                0x0000001e                __P4DIR = 0x1e
                0x0000001f                __P4SEL = 0x1f
                0x00000030                __P5IN = 0x30
                0x00000031                __P5OUT = 0x31
                0x00000032                __P5DIR = 0x32
                0x00000033                __P5SEL = 0x33
                0x00000034                __P6IN = 0x34
                0x00000035                __P6OUT = 0x35
                0x00000036                __P6DIR = 0x36
                0x00000037                __P6SEL = 0x37
                0x00000070                __U0CTL = 0x70
                0x00000071                __U0TCTL = 0x71
                0x00000072                __U0RCTL = 0x72
                0x00000073                __U0MCTL = 0x73
                0x00000074                __U0BR0 = 0x74
                0x00000075                __U0BR1 = 0x75
                0x00000076                __U0RXBUF = 0x76
                0x00000077                __U0TXBUF = 0x77
                0x00000078                __U1CTL = 0x78
                0x00000079                __U1TCTL = 0x79
                0x0000007a                __U1RCTL = 0x7a
                0x0000007b                __U1MCTL = 0x7b
                0x0000007c                __U1BR0 = 0x7c
                0x0000007d                __U1BR1 = 0x7d
                0x0000007e                __U1RXBUF = 0x7e
                0x0000007f                __U1TXBUF = 0x7f
                0x00000050                __I2CIE = 0x50
                0x00000051                __I2CIFG = 0x51
                0x00000052                __I2CNDAT = 0x52
                0x00000071                __I2CTCTL = 0x71
                0x00000072                __I2CDCTL = 0x72
                0x00000073                __I2CPSC = 0x73
                0x00000074                __I2CSCLH = 0x74
                0x00000075                __I2CSCLL = 0x75
                0x00000076                __I2CDRB = 0x76
                0x00000076                __I2CDRW = 0x76
                0x00000118                __I2COA = 0x118
                0x0000011a                __I2CSA = 0x11a
                0x0000011c                __I2CIV = 0x11c
                0x0000012e                __TAIV = 0x12e
                0x00000160                __TACTL = 0x160
                0x00000162                __TACCTL0 = 0x162
                0x00000164                __TACCTL1 = 0x164
                0x00000166                __TACCTL2 = 0x166
                0x00000170                __TAR = 0x170
                0x00000172                __TACCR0 = 0x172
                0x00000174                __TACCR1 = 0x174
                0x00000176                __TACCR2 = 0x176
                0x0000011e                __TBIV = 0x11e
                0x00000180                __TBCTL = 0x180
                0x00000182                __TBCCTL0 = 0x182
                0x00000184                __TBCCTL1 = 0x184
                0x00000186                __TBCCTL2 = 0x186
                0x00000188                __TBCCTL3 = 0x188
                0x0000018a                __TBCCTL4 = 0x18a
                0x0000018c                __TBCCTL5 = 0x18c
                0x0000018e                __TBCCTL6 = 0x18e
                0x00000190                __TBR = 0x190
                0x00000192                __TBCCR0 = 0x192
                0x00000194                __TBCCR1 = 0x194
                0x00000196                __TBCCR2 = 0x196
                0x00000198                __TBCCR3 = 0x198
                0x0000019a                __TBCCR4 = 0x19a
                0x0000019c                __TBCCR5 = 0x19c
                0x0000019e                __TBCCR6 = 0x19e
                0x00000056                __DCOCTL = 0x56
                0x00000057                __BCSCTL1 = 0x57
                0x00000058                __BCSCTL2 = 0x58
                0x00000055                __SVSCTL = 0x55
                0x00000128                __FCTL1 = 0x128
                0x0000012a                __FCTL2 = 0x12a
                0x0000012c                __FCTL3 = 0x12c
                0x00000059                __CACTL1 = 0x59
                0x0000005a                __CACTL2 = 0x5a
                0x0000005b                __CAPD = 0x5b
                0x000001a0                __ADC12CTL0 = 0x1a0
                0x000001a2                __ADC12CTL1 = 0x1a2
                0x000001a4                __ADC12IFG = 0x1a4
                0x000001a6                __ADC12IE = 0x1a6
                0x000001a8                __ADC12IV = 0x1a8
                0x00000140                __ADC12MEM0 = 0x140
                0x00000142                __ADC12MEM1 = 0x142
                0x00000144                __ADC12MEM2 = 0x144
                0x00000146                __ADC12MEM3 = 0x146
                0x00000148                __ADC12MEM4 = 0x148
                0x0000014a                __ADC12MEM5 = 0x14a
                0x0000014c                __ADC12MEM6 = 0x14c
                0x0000014e                __ADC12MEM7 = 0x14e
                0x00000150                __ADC12MEM8 = 0x150
                0x00000152                __ADC12MEM9 = 0x152
                0x00000154                __ADC12MEM10 = 0x154
                0x00000156                __ADC12MEM11 = 0x156
                0x00000158                __ADC12MEM12 = 0x158
                0x0000015a                __ADC12MEM13 = 0x15a
                0x0000015c                __ADC12MEM14 = 0x15c
                0x0000015e                __ADC12MEM15 = 0x15e
                0x00000080                __ADC12MCTL0 = 0x80
                0x00000081                __ADC12MCTL1 = 0x81
                0x00000082                __ADC12MCTL2 = 0x82
                0x00000083                __ADC12MCTL3 = 0x83
                0x00000084                __ADC12MCTL4 = 0x84
                0x00000085                __ADC12MCTL5 = 0x85
                0x00000086                __ADC12MCTL6 = 0x86
                0x00000087                __ADC12MCTL7 = 0x87
                0x00000088                __ADC12MCTL8 = 0x88
                0x00000089                __ADC12MCTL9 = 0x89
                0x0000008a                __ADC12MCTL10 = 0x8a
                0x0000008b                __ADC12MCTL11 = 0x8b
                0x0000008c                __ADC12MCTL12 = 0x8c
                0x0000008d                __ADC12MCTL13 = 0x8d
                0x0000008e                __ADC12MCTL14 = 0x8e
                0x0000008f                __ADC12MCTL15 = 0x8f
                0x000001c0                __DAC12_0CTL = 0x1c0
                0x000001c2                __DAC12_1CTL = 0x1c2
                0x000001c8                __DAC12_0DAT = 0x1c8
                0x000001ca                __DAC12_1DAT = 0x1ca
                0x00000122                __DMACTL0 = 0x122
                0x00000124                __DMACTL1 = 0x124
                0x000001e0                __DMA0CTL = 0x1e0
                0x000001e8                __DMA1CTL = 0x1e8
                0x000001f0                __DMA2CTL = 0x1f0
                0x000001e2                __DMA0SA = 0x1e2
                0x000001e4                __DMA0DA = 0x1e4
                0x000001e6                __DMA0SZ = 0x1e6
                0x000001ea                __DMA1SA = 0x1ea
                0x000001ec                __DMA1DA = 0x1ec
                0x000001ee                __DMA1SZ = 0x1ee
                0x000001f2                __DMA2SA = 0x1f2
                0x000001f4                __DMA2DA = 0x1f4
                0x000001f6                __DMA2SZ = 0x1f6

.hash
 *(.hash)

.dynsym
 *(.dynsym)

.dynstr
 *(.dynstr)

.gnu.version
 *(.gnu.version)

.gnu.version_d
 *(.gnu.version_d)

.gnu.version_r
 *(.gnu.version_r)

.rel.init
 *(.rel.init)

.rela.init
 *(.rela.init)

.rel.fini
 *(.rel.fini)

.rela.fini
 *(.rela.fini)

.rel.text
 *(.rel.text .rel.text.* .rel.gnu.linkonce.t.*)

.rela.text
 *(.rela.text .rela.text.* .rela.gnu.linkonce.t.*)

.rel.rodata
 *(.rel.rodata .rel.rodata.* .rel.gnu.linkonce.r.*)

.rela.rodata
 *(.rela.rodata .rela.rodata.* .rela.gnu.linkonce.r.*)

.rel.data
 *(.rel.data .rel.data.* .rel.gnu.linkonce.d.*)

.rela.data
 *(.rela.data .rela.data.* .rela.gnu.linkonce.d.*)

.rel.bss
 *(.rel.bss .rel.bss.* .rel.gnu.linkonce.b.*)

.rela.bss
 *(.rela.bss .rela.bss.* .rela.gnu.linkonce.b.*)

.rel.ctors
 *(.rel.ctors)

.rela.ctors
 *(.rela.ctors)

.rel.dtors
 *(.rel.dtors)

.rela.dtors
 *(.rela.dtors)

.rel.got
 *(.rel.got)

.rela.got
 *(.rela.got)

.rel.plt
 *(.rel.plt)

.rela.plt
 *(.rela.plt)

.text           0x00004000     0xa564
                0x00004000                . = ALIGN (0x2)
 *(.init .init.*)
 *(.init0)
 .init0         0x00004000        0x0 /usr/local/bin/../lib/gcc/msp430/4.7.2/mmpy-16/libcrt0.a(_reset_vector__.o)
                0x00004000                _reset_vector__
 *(.init1)
 .init1         0x00004000        0xc /usr/local/bin/../lib/gcc/msp430/4.7.2/mmpy-16/libcrt0.a(__watchdog_support.o)
                0x00004000                __watchdog_support
 *(.init2)
 .init2         0x0000400c        0x4 /usr/local/bin/../lib/gcc/msp430/4.7.2/mmpy-16/libcrt0.a(__init_stack.o)
                0x0000400c                __init_stack
 *(.init3)
 .init3         0x00004010        0x0 /usr/local/bin/../lib/gcc/msp430/4.7.2/mmpy-16/libcrt0.a(__low_level_init.o)
                0x00004010                __low_level_init
 *(.init4)
 .init4         0x00004010       0x18 /usr/local/bin/../lib/gcc/msp430/4.7.2/mmpy-16/libcrt0.a(_copy_data.o)
                0x00004010                __do_copy_data
 .init4         0x00004028       0x16 /usr/local/bin/../lib/gcc/msp430/4.7.2/mmpy-16/libcrt0.a(_clear_bss.o)
                0x00004028                __do_clear_bss
 *(.init5)
 *(.init6)
 *(.init7)
 *(.init8)
 *(.init9)
 .init9         0x0000403e      0x232 build/sky/obj/contiki-main.o
                0x0000403e                main
 *(.fini9)
 .fini9         0x00004270        0x0 /usr/local/bin/../lib/gcc/msp430/4.7.2/mmpy-16/libcrt0.a(__stop_progExec__.o)
                0x00004270                __stop_progExec__
 *(.fini8)
 *(.fini7)
 *(.fini6)
 *(.fini5)
 *(.fini4)
 *(.fini3)
 *(.fini2)
 *(.fini1)
 *(.fini0)
 .fini0         0x00004270        0x6 /usr/local/bin/../lib/gcc/msp430/4.7.2/mmpy-16/libcrt0.a(_endless_loop__.o)
                0x00004270                _endless_loop__
 *(.fini .fini.*)
                0x00004276                . = ALIGN (0x2)
                0x00004276                __ctors_start = .
 *(.ctors)
                0x00004276                __ctors_end = .
                0x00004276                __dtors_start = .
 *(.dtors)
                0x00004276                __dtors_end = .
                0x00004276                . = ALIGN (0x2)
 *(.text .text.* .gnu.linkonce.t.*)
 .text          0x00004276        0x4 /usr/local/bin/../lib/gcc/msp430/4.7.2/mmpy-16/crt0ivtbl16.o
                0x00004276                __isr_14
                0x00004276                __isr_11
                0x00004276                __isr_2
                0x00004276                __isr_7
                0x00004276                __isr_0
                0x00004276                __isr_8
                0x00004276                __isr_3
                0x00004276                __isr_12
                0x00004276                __isr_13
                0x00004276                __isr_9
 .text.process_thread_contiki_ng_br
                0x0000427a       0x32 border-router.o
 .text.putchar  0x000042ac       0x3c build/sky/contiki-ng-sky.a(uart1-putchar.o)
                0x000042ac                putchar
 .text.platform_init_stage_one
                0x000042e8       0x12 build/sky/contiki-ng-sky.a(platform.o)
                0x000042e8                platform_init_stage_one
 .text.platform_init_stage_two
                0x000042fa       0x64 build/sky/contiki-ng-sky.a(platform.o)
                0x000042fa                platform_init_stage_two
 .text.platform_init_stage_three
                0x0000435e       0x7a build/sky/contiki-ng-sky.a(platform.o)
                0x0000435e                platform_init_stage_three
 .text.platform_idle
                0x000043d8       0x54 build/sky/contiki-ng-sky.a(platform.o)
                0x000043d8                platform_idle
 .text.msp430_init_dco
                0x0000442c       0x82 build/sky/contiki-ng-sky.a(msp430.o)
                0x0000442c                msp430_init_dco
 .text.msp430_add_lpm_req
                0x000044ae        0xc build/sky/contiki-ng-sky.a(msp430.o)
                0x000044ae                msp430_add_lpm_req
 .text.msp430_cpu_init
                0x000044ba       0x2a build/sky/contiki-ng-sky.a(msp430.o)
                0x000044ba                msp430_cpu_init
 .text.splhigh_
                0x000044e4        0x8 build/sky/contiki-ng-sky.a(msp430.o)
                0x000044e4                splhigh_
 .text.msp430_sync_dco
                0x000044ec       0x6c build/sky/contiki-ng-sky.a(msp430.o)
                0x000044ec                msp430_sync_dco
 .text.timera1  0x00004558       0xdc build/sky/contiki-ng-sky.a(clock.o)
                0x00004558                __isr_5
                0x00004558                timera1
 .text.clock_time
                0x00004634       0x1a build/sky/contiki-ng-sky.a(clock.o)
                0x00004634                clock_time
 .text.clock_init
                0x0000464e       0x28 build/sky/contiki-ng-sky.a(clock.o)
                0x0000464e                clock_init
 .text.clock_delay
                0x00004676        0xc build/sky/contiki-ng-sky.a(clock.o)
                0x00004676                clock_delay
 .text.clock_seconds
                0x00004682       0x1a build/sky/contiki-ng-sky.a(clock.o)
                0x00004682                clock_seconds
 .text.leds_init
                0x0000469c        0x6 build/sky/contiki-ng-sky.a(leds.o)
                0x0000469c                leds_init
 .text.leds_on  0x000046a2       0x12 build/sky/contiki-ng-sky.a(leds.o)
                0x000046a2                leds_on
 .text.leds_off
                0x000046b4       0x12 build/sky/contiki-ng-sky.a(leds.o)
                0x000046b4                leds_off
 .text.leds_arch_init
                0x000046c6        0xe build/sky/contiki-ng-sky.a(leds-arch.o)
                0x000046c6                leds_arch_init
 .text.leds_arch_get
                0x000046d4       0x34 build/sky/contiki-ng-sky.a(leds-arch.o)
                0x000046d4                leds_arch_get
 .text.leds_arch_set
                0x00004708       0x3e build/sky/contiki-ng-sky.a(leds-arch.o)
                0x00004708                leds_arch_set
 .text.watchdog_interrupt
                0x00004746        0x6 build/sky/contiki-ng-sky.a(watchdog.o)
                0x00004746                __isr_10
                0x00004746                watchdog_interrupt
 .text.watchdog_start
                0x0000474c       0x14 build/sky/contiki-ng-sky.a(watchdog.o)
                0x0000474c                watchdog_start
 .text.watchdog_periodic
                0x00004760       0x12 build/sky/contiki-ng-sky.a(watchdog.o)
                0x00004760                watchdog_periodic
 .text.watchdog_stop
                0x00004772       0x16 build/sky/contiki-ng-sky.a(watchdog.o)
                0x00004772                watchdog_stop
 .text.watchdog_init
                0x00004788       0x12 build/sky/contiki-ng-sky.a(watchdog.o)
                0x00004788                watchdog_init
 .text.print_local_addresses
                0x0000479a       0x8e build/sky/contiki-ng-sky.a(rpl-border-rout)
                0x0000479a                print_local_addresses
 .text.set_prefix_64
                0x00004828       0x16 build/sky/contiki-ng-sky.a(rpl-border-rout)
                0x00004828                set_prefix_64
 .text.rpl_border_router_init
                0x0000483e        0xc build/sky/contiki-ng-sky.a(rpl-border-rout)
                0x0000483e                rpl_border_router_init
 .text.autostart_start
                0x0000484a       0x16 build/sky/contiki-ng-sky.a(autostart.o)
                0x0000484a                autostart_start
 .text.energest_init
                0x00004860        0x2 build/sky/contiki-ng-sky.a(energest.o)
                0x00004860                energest_init
 .text.energest_flush
                0x00004862        0x2 build/sky/contiki-ng-sky.a(energest.o)
                0x00004862                energest_flush
 .text.update_time
                0x00004864       0x78 build/sky/contiki-ng-sky.a(etimer.o)
 .text.etimer_request_poll
                0x000048dc        0xa build/sky/contiki-ng-sky.a(etimer.o)
                0x000048dc                etimer_request_poll
 .text.process_thread_etimer_process
                0x000048e6       0xcc build/sky/contiki-ng-sky.a(etimer.o)
 .text.add_timer
                0x000049b2       0x40 build/sky/contiki-ng-sky.a(etimer.o)
 .text.etimer_set
                0x000049f2       0x12 build/sky/contiki-ng-sky.a(etimer.o)
                0x000049f2                etimer_set
 .text.etimer_reset
                0x00004a04       0x12 build/sky/contiki-ng-sky.a(etimer.o)
                0x00004a04                etimer_reset
 .text.etimer_expired
                0x00004a16        0xe build/sky/contiki-ng-sky.a(etimer.o)
                0x00004a16                etimer_expired
 .text.etimer_pending
                0x00004a24        0xc build/sky/contiki-ng-sky.a(etimer.o)
                0x00004a24                etimer_pending
 .text.etimer_next_expiration_time
                0x00004a30       0x16 build/sky/contiki-ng-sky.a(etimer.o)
                0x00004a30                etimer_next_expiration_time
 .text.etimer_stop
                0x00004a46       0x3e build/sky/contiki-ng-sky.a(etimer.o)
                0x00004a46                etimer_stop
 .text.log_6addr
                0x00004a84       0x32 build/sky/contiki-ng-sky.a(log.o)
                0x00004a84                log_6addr
 .text.log_lladdr
                0x00004ab6       0x44 build/sky/contiki-ng-sky.a(log.o)
                0x00004ab6                log_lladdr
 .text.process_thread_ctimer_process
                0x00004afa       0xa8 build/sky/contiki-ng-sky.a(ctimer.o)
 .text.ctimer_init
                0x00004ba2       0x18 build/sky/contiki-ng-sky.a(ctimer.o)
                0x00004ba2                ctimer_init
 .text.ctimer_set_with_process
                0x00004bba       0x4e build/sky/contiki-ng-sky.a(ctimer.o)
                0x00004bba                ctimer_set_with_process
 .text.ctimer_set
                0x00004c08       0x10 build/sky/contiki-ng-sky.a(ctimer.o)
                0x00004c08                ctimer_set
 .text.ctimer_reset
                0x00004c18       0x30 build/sky/contiki-ng-sky.a(ctimer.o)
                0x00004c18                ctimer_reset
 .text.ctimer_stop
                0x00004c48       0x28 build/sky/contiki-ng-sky.a(ctimer.o)
                0x00004c48                ctimer_stop
 .text.ctimer_expired
                0x00004c70       0x30 build/sky/contiki-ng-sky.a(ctimer.o)
                0x00004c70                ctimer_expired
 .text.rtimer_init
                0x00004ca0        0x6 build/sky/contiki-ng-sky.a(rtimer.o)
                0x00004ca0                rtimer_init
 .text.rtimer_run_next
                0x00004ca6       0x26 build/sky/contiki-ng-sky.a(rtimer.o)
                0x00004ca6                rtimer_run_next
 .text.node_id_init
                0x00004ccc       0x14 build/sky/contiki-ng-sky.a(node-id.o)
                0x00004ccc                node_id_init
 .text.call_process
                0x00004ce0       0x46 build/sky/contiki-ng-sky.a(process.o)
 .text.exit_process
                0x00004d26       0x96 build/sky/contiki-ng-sky.a(process.o)
 .text.do_poll  0x00004dbc       0x30 build/sky/contiki-ng-sky.a(process.o)
 .text.process_alloc_event
                0x00004dec        0xe build/sky/contiki-ng-sky.a(process.o)
                0x00004dec                process_alloc_event
 .text.process_init
                0x00004dfa       0x18 build/sky/contiki-ng-sky.a(process.o)
                0x00004dfa                process_init
 .text.process_run
                0x00004e12       0x92 build/sky/contiki-ng-sky.a(process.o)
                0x00004e12                process_run
 .text.process_nevents
                0x00004ea4        0xe build/sky/contiki-ng-sky.a(process.o)
                0x00004ea4                process_nevents
 .text.process_post
                0x00004eb2       0x42 build/sky/contiki-ng-sky.a(process.o)
                0x00004eb2                process_post
 .text.process_post_synch
                0x00004ef4       0x12 build/sky/contiki-ng-sky.a(process.o)
                0x00004ef4                process_post_synch
 .text.process_start
                0x00004f06       0x36 build/sky/contiki-ng-sky.a(process.o)
                0x00004f06                process_start
 .text.process_poll
                0x00004f3c       0x18 build/sky/contiki-ng-sky.a(process.o)
                0x00004f3c                process_poll
 .text.timer_set
                0x00004f54       0x1c build/sky/contiki-ng-sky.a(timer.o)
                0x00004f54                timer_set
 .text.timer_expired
                0x00004f70       0x2a build/sky/contiki-ng-sky.a(timer.o)
                0x00004f70                timer_expired
 .text.timer_reset
                0x00004f9a       0x1c build/sky/contiki-ng-sky.a(timer.o)
                0x00004f9a                timer_reset
 .text.list_init
                0x00004fb6        0x6 build/sky/contiki-ng-sky.a(list.o)
                0x00004fb6                list_init
 .text.list_head
                0x00004fbc        0x4 build/sky/contiki-ng-sky.a(list.o)
                0x00004fbc                list_head
 .text.list_tail
                0x00004fc0       0x12 build/sky/contiki-ng-sky.a(list.o)
                0x00004fc0                list_tail
 .text.list_remove
                0x00004fd2       0x34 build/sky/contiki-ng-sky.a(list.o)
                0x00004fd2                list_remove
 .text.list_push
                0x00005006       0x1a build/sky/contiki-ng-sky.a(list.o)
                0x00005006                list_push
 .text.list_add
                0x00005020       0x2a build/sky/contiki-ng-sky.a(list.o)
                0x00005020                list_add
 .text.list_length
                0x0000504a       0x10 build/sky/contiki-ng-sky.a(list.o)
                0x0000504a                list_length
 .text.list_item_next
                0x0000505a        0xc build/sky/contiki-ng-sky.a(list.o)
                0x0000505a                list_item_next
 .text.random_init
                0x00005066        0x6 build/sky/contiki-ng-sky.a(random.o)
                0x00005066                random_init
 .text.random_rand
                0x0000506c        0x6 build/sky/contiki-ng-sky.a(random.o)
                0x0000506c                random_rand
 .text.queuebuf_init
                0x00005072       0x12 build/sky/contiki-ng-sky.a(queuebuf.o)
                0x00005072                queuebuf_init
 .text.queuebuf_numfree
                0x00005084        0xa build/sky/contiki-ng-sky.a(queuebuf.o)
                0x00005084                queuebuf_numfree
 .text.queuebuf_new_from_packetbuf
                0x0000508e       0x52 build/sky/contiki-ng-sky.a(queuebuf.o)
                0x0000508e                queuebuf_new_from_packetbuf
 .text.queuebuf_update_attr_from_packetbuf
                0x000050e0       0x12 build/sky/contiki-ng-sky.a(queuebuf.o)
                0x000050e0                queuebuf_update_attr_from_packetbuf
 .text.queuebuf_free
                0x000050f2       0x2a build/sky/contiki-ng-sky.a(queuebuf.o)
                0x000050f2                queuebuf_free
 .text.queuebuf_to_packetbuf
                0x0000511c       0x32 build/sky/contiki-ng-sky.a(queuebuf.o)
                0x0000511c                queuebuf_to_packetbuf
 .text.packetbuf_hdrreduce
                0x0000514e       0x1a build/sky/contiki-ng-sky.a(packetbuf.o)
                0x0000514e                packetbuf_hdrreduce
 .text.packetbuf_set_datalen
                0x00005168        0x6 build/sky/contiki-ng-sky.a(packetbuf.o)
                0x00005168                packetbuf_set_datalen
 .text.packetbuf_hdrptr
                0x0000516e        0x6 build/sky/contiki-ng-sky.a(packetbuf.o)
                0x0000516e                packetbuf_hdrptr
 .text.packetbuf_datalen
                0x00005174        0x6 build/sky/contiki-ng-sky.a(packetbuf.o)
                0x00005174                packetbuf_datalen
 .text.packetbuf_hdrlen
                0x0000517a        0xa build/sky/contiki-ng-sky.a(packetbuf.o)
                0x0000517a                packetbuf_hdrlen
 .text.packetbuf_dataptr
                0x00005184        0xc build/sky/contiki-ng-sky.a(packetbuf.o)
                0x00005184                packetbuf_dataptr
 .text.packetbuf_copyto
                0x00005190       0x46 build/sky/contiki-ng-sky.a(packetbuf.o)
                0x00005190                packetbuf_copyto
 .text.packetbuf_totlen
                0x000051d6        0xc build/sky/contiki-ng-sky.a(packetbuf.o)
                0x000051d6                packetbuf_totlen
 .text.packetbuf_hdralloc
                0x000051e2       0x3c build/sky/contiki-ng-sky.a(packetbuf.o)
                0x000051e2                packetbuf_hdralloc
 .text.packetbuf_attr_clear
                0x0000521e       0x28 build/sky/contiki-ng-sky.a(packetbuf.o)
                0x0000521e                packetbuf_attr_clear
 .text.packetbuf_clear
                0x00005246       0x12 build/sky/contiki-ng-sky.a(packetbuf.o)
                0x00005246                packetbuf_clear
 .text.packetbuf_copyfrom
                0x00005258       0x2e build/sky/contiki-ng-sky.a(packetbuf.o)
                0x00005258                packetbuf_copyfrom
 .text.packetbuf_attr_copyto
                0x00005286       0x22 build/sky/contiki-ng-sky.a(packetbuf.o)
                0x00005286                packetbuf_attr_copyto
 .text.packetbuf_attr_copyfrom
                0x000052a8       0x24 build/sky/contiki-ng-sky.a(packetbuf.o)
                0x000052a8                packetbuf_attr_copyfrom
 .text.packetbuf_set_attr
                0x000052cc        0xc build/sky/contiki-ng-sky.a(packetbuf.o)
                0x000052cc                packetbuf_set_attr
 .text.packetbuf_attr
                0x000052d8        0xa build/sky/contiki-ng-sky.a(packetbuf.o)
                0x000052d8                packetbuf_attr
 .text.packetbuf_set_addr
                0x000052e2       0x18 build/sky/contiki-ng-sky.a(packetbuf.o)
                0x000052e2                packetbuf_set_addr
 .text.packetbuf_addr
                0x000052fa       0x12 build/sky/contiki-ng-sky.a(packetbuf.o)
                0x000052fa                packetbuf_addr
 .text.packetbuf_holds_broadcast
                0x0000530c        0xe build/sky/contiki-ng-sky.a(packetbuf.o)
                0x0000530c                packetbuf_holds_broadcast
 .text.netstack_process_ip_callback
                0x0000531a       0x4e build/sky/contiki-ng-sky.a(netstack.o)
                0x0000531a                netstack_process_ip_callback
 .text.netstack_init
                0x00005368        0xe build/sky/contiki-ng-sky.a(netstack.o)
                0x00005368                netstack_init
 .text.linkaddr_copy
                0x00005376        0x8 build/sky/contiki-ng-sky.a(linkaddr.o)
                0x00005376                linkaddr_copy
 .text.linkaddr_cmp
                0x0000537e       0x12 build/sky/contiki-ng-sky.a(linkaddr.o)
                0x0000537e                linkaddr_cmp
 .text.linkaddr_set_node_addr
                0x00005390        0xc build/sky/contiki-ng-sky.a(linkaddr.o)
                0x00005390                linkaddr_set_node_addr
 .text.on       0x0000539c        0x6 build/sky/contiki-ng-sky.a(csma.o)
 .text.off      0x000053a2        0x6 build/sky/contiki-ng-sky.a(csma.o)
 .text.max_payload
                0x000053a8       0x38 build/sky/contiki-ng-sky.a(csma.o)
 .text.send_packet
                0x000053e0        0x6 build/sky/contiki-ng-sky.a(csma.o)
 .text.init     0x000053e6       0x1c build/sky/contiki-ng-sky.a(csma.o)
 .text.input_packet
                0x00005402       0x58 build/sky/contiki-ng-sky.a(csma.o)
 .text.schedule_transmission
                0x0000545a       0x70 build/sky/contiki-ng-sky.a(csma-output.o)
 .text.tx_done  0x000054ca       0x9a build/sky/contiki-ng-sky.a(csma-output.o)
 .text.transmit_from_queue
                0x00005564      0x1bc build/sky/contiki-ng-sky.a(csma-output.o)
 .text.csma_output_packet
                0x00005720      0x184 build/sky/contiki-ng-sky.a(csma-output.o)
                0x00005720                csma_output_packet
 .text.csma_output_init
                0x000058a4       0x1a build/sky/contiki-ng-sky.a(csma-output.o)
                0x000058a4                csma_output_init
 .text.uip_ds6_default_prefix
                0x000058be        0x6 build/sky/contiki-ng-sky.a(uip-ds6.o)
                0x000058be                uip_ds6_default_prefix
 .text.uip_ds6_list_loop
                0x000058c4       0x92 build/sky/contiki-ng-sky.a(uip-ds6.o)
                0x000058c4                uip_ds6_list_loop
 .text.uip_ds6_prefix_add
                0x00005956       0x80 build/sky/contiki-ng-sky.a(uip-ds6.o)
                0x00005956                uip_ds6_prefix_add
 .text.uip_ds6_is_addr_onlink
                0x000059d6       0x54 build/sky/contiki-ng-sky.a(uip-ds6.o)
                0x000059d6                uip_ds6_is_addr_onlink
 .text.uip_ds6_addr_lookup
                0x00005a2a       0x2a build/sky/contiki-ng-sky.a(uip-ds6.o)
                0x00005a2a                uip_ds6_addr_lookup
 .text.uip_ds6_get_link_local
                0x00005a54       0x3e build/sky/contiki-ng-sky.a(uip-ds6.o)
                0x00005a54                uip_ds6_get_link_local
 .text.uip_ds6_maddr_add
                0x00005a92       0x4c build/sky/contiki-ng-sky.a(uip-ds6.o)
                0x00005a92                uip_ds6_maddr_add
 .text.uip_ds6_addr_add
                0x00005ade       0xc4 build/sky/contiki-ng-sky.a(uip-ds6.o)
                0x00005ade                uip_ds6_addr_add
 .text.uip_ds6_maddr_rm
                0x00005ba2        0xa build/sky/contiki-ng-sky.a(uip-ds6.o)
                0x00005ba2                uip_ds6_maddr_rm
 .text.uip_ds6_maddr_lookup
                0x00005bac       0x2a build/sky/contiki-ng-sky.a(uip-ds6.o)
                0x00005bac                uip_ds6_maddr_lookup
 .text.uip_ds6_addr_rm
                0x00005bd6       0x54 build/sky/contiki-ng-sky.a(uip-ds6.o)
                0x00005bd6                uip_ds6_addr_rm
 .text.uip_ds6_periodic
                0x00005c2a       0x46 build/sky/contiki-ng-sky.a(uip-ds6.o)
                0x00005c2a                uip_ds6_periodic
 .text.uip_ds6_set_addr_iid
                0x00005c70       0x14 build/sky/contiki-ng-sky.a(uip-ds6.o)
                0x00005c70                uip_ds6_set_addr_iid
 .text.uip_ds6_set_lladdr_from_iid
                0x00005c84       0x14 build/sky/contiki-ng-sky.a(uip-ds6.o)
                0x00005c84                uip_ds6_set_lladdr_from_iid
 .text.get_match_length
                0x00005c98       0x44 build/sky/contiki-ng-sky.a(uip-ds6.o)
                0x00005c98                get_match_length
 .text.uip_ds6_select_src
                0x00005cdc       0xaa build/sky/contiki-ng-sky.a(uip-ds6.o)
                0x00005cdc                uip_ds6_select_src
 .text.uip_ds6_compute_reachable_time
                0x00005d86       0x3e build/sky/contiki-ng-sky.a(uip-ds6.o)
                0x00005d86                uip_ds6_compute_reachable_time
 .text.uip_ds6_init
                0x00005dc4      0x164 build/sky/contiki-ng-sky.a(uip-ds6.o)
                0x00005dc4                uip_ds6_init
 .text.uip_ds6_route_init
                0x00005f28       0x12 build/sky/contiki-ng-sky.a(uip-ds6-route.o)
                0x00005f28                uip_ds6_route_init
 .text.uip_ds6_route_nexthop
                0x00005f3a        0x4 build/sky/contiki-ng-sky.a(uip-ds6-route.o)
                0x00005f3a                uip_ds6_route_nexthop
 .text.uip_ds6_route_lookup
                0x00005f3e        0x4 build/sky/contiki-ng-sky.a(uip-ds6-route.o)
                0x00005f3e                uip_ds6_route_lookup
 .text.uip_ds6_route_rm
                0x00005f42        0x2 build/sky/contiki-ng-sky.a(uip-ds6-route.o)
                0x00005f42                uip_ds6_route_rm
 .text.uip_ds6_defrt_rm
                0x00005f44       0x3c build/sky/contiki-ng-sky.a(uip-ds6-route.o)
                0x00005f44                uip_ds6_defrt_rm
 .text.uip_ds6_defrt_lookup
                0x00005f80       0x40 build/sky/contiki-ng-sky.a(uip-ds6-route.o)
                0x00005f80                uip_ds6_defrt_lookup
 .text.uip_ds6_defrt_add
                0x00005fc0       0x72 build/sky/contiki-ng-sky.a(uip-ds6-route.o)
                0x00005fc0                uip_ds6_defrt_add
 .text.uip_ds6_defrt_choose
                0x00006032       0x3a build/sky/contiki-ng-sky.a(uip-ds6-route.o)
                0x00006032                uip_ds6_defrt_choose
 .text.uip_ds6_defrt_periodic
                0x0000606c       0x38 build/sky/contiki-ng-sky.a(uip-ds6-route.o)
                0x0000606c                uip_ds6_defrt_periodic
 .text.uip_ds6_nbr_rm
                0x000060a4       0x1e build/sky/contiki-ng-sky.a(uip-ds6-nbr.o)
                0x000060a4                uip_ds6_nbr_rm
 .text.uip_ds6_neighbors_init
                0x000060c2       0x12 build/sky/contiki-ng-sky.a(uip-ds6-nbr.o)
                0x000060c2                uip_ds6_neighbors_init
 .text.uip_ds6_nbr_add
                0x000060d4       0x3e build/sky/contiki-ng-sky.a(uip-ds6-nbr.o)
                0x000060d4                uip_ds6_nbr_add
 .text.uip_ds6_nbr_get_ll
                0x00006112        0xc build/sky/contiki-ng-sky.a(uip-ds6-nbr.o)
                0x00006112                uip_ds6_nbr_get_ll
 .text.uip_ds6_nbr_head
                0x0000611e        0xa build/sky/contiki-ng-sky.a(uip-ds6-nbr.o)
                0x0000611e                uip_ds6_nbr_head
 .text.uip_ds6_nbr_next
                0x00006128        0xc build/sky/contiki-ng-sky.a(uip-ds6-nbr.o)
                0x00006128                uip_ds6_nbr_next
 .text.uip_ds6_nbr_lookup
                0x00006134       0x3a build/sky/contiki-ng-sky.a(uip-ds6-nbr.o)
                0x00006134                uip_ds6_nbr_lookup
 .text.uip_ds6_nbr_ll_lookup
                0x0000616e        0xc build/sky/contiki-ng-sky.a(uip-ds6-nbr.o)
                0x0000616e                uip_ds6_nbr_ll_lookup
 .text.uip_ds6_nbr_update_ll
                0x0000617a       0x76 build/sky/contiki-ng-sky.a(uip-ds6-nbr.o)
                0x0000617a                uip_ds6_nbr_update_ll
 .text.uip_ds6_nbr_ipaddr_from_lladdr
                0x000061f0        0x6 build/sky/contiki-ng-sky.a(uip-ds6-nbr.o)
                0x000061f0                uip_ds6_nbr_ipaddr_from_lladdr
 .text.uip_ds6_nbr_lladdr_from_ipaddr
                0x000061f6       0x12 build/sky/contiki-ng-sky.a(uip-ds6-nbr.o)
                0x000061f6                uip_ds6_nbr_lladdr_from_ipaddr
 .text.uip_ds6_link_callback
                0x00006208        0x2 build/sky/contiki-ng-sky.a(uip-ds6-nbr.o)
                0x00006208                uip_ds6_link_callback
 .text.tcpip_output
                0x0000620a       0x22 build/sky/contiki-ng-sky.a(tcpip.o)
                0x0000620a                tcpip_output
 .text.tcpip_input
                0x0000622c       0x1e build/sky/contiki-ng-sky.a(tcpip.o)
                0x0000622c                tcpip_input
 .text.tcpip_ipv6_output
                0x0000624a      0x13c build/sky/contiki-ng-sky.a(tcpip.o)
                0x0000624a                tcpip_ipv6_output
 .text.packet_input.part.3
                0x00006386       0x12 build/sky/contiki-ng-sky.a(tcpip.o)
 .text.process_thread_tcpip_process
                0x00006398       0xd0 build/sky/contiki-ng-sky.a(tcpip.o)
 .text.tcpip_uipcall
                0x00006468       0x2a build/sky/contiki-ng-sky.a(tcpip.o)
                0x00006468                tcpip_uipcall
 .text.chksum   0x00006492       0x32 build/sky/contiki-ng-sky.a(uip6.o)
 .text.upper_layer_chksum
                0x000064c4       0x58 build/sky/contiki-ng-sky.a(uip6.o)
 .text.ext_hdr_options_process
                0x0000651c       0xa4 build/sky/contiki-ng-sky.a(uip6.o)
 .text.uip_check_mtu
                0x000065c0       0x1e build/sky/contiki-ng-sky.a(uip6.o)
 .text.uip_update_ttl
                0x000065de       0x24 build/sky/contiki-ng-sky.a(uip6.o)
 .text.uip_icmp6chksum
                0x00006602        0xa build/sky/contiki-ng-sky.a(uip6.o)
                0x00006602                uip_icmp6chksum
 .text.uip_udpchksum
                0x0000660c        0xa build/sky/contiki-ng-sky.a(uip6.o)
                0x0000660c                uip_udpchksum
 .text.uip_init
                0x00006616       0x3c build/sky/contiki-ng-sky.a(uip6.o)
                0x00006616                uip_init
 .text.uip_remove_ext_hdr
                0x00006652       0x5e build/sky/contiki-ng-sky.a(uip6.o)
                0x00006652                uip_remove_ext_hdr
 .text.uip_process
                0x000066b0      0x4be build/sky/contiki-ng-sky.a(uip6.o)
                0x000066b0                uip_process
 .text.uip_htonl
                0x00006b6e       0x2e build/sky/contiki-ng-sky.a(uip6.o)
                0x00006b6e                uip_htonl
 .text.ns_input
                0x00006b9c      0x286 build/sky/contiki-ng-sky.a(uip-nd6.o)
 .text.uip_nd6_init
                0x00006e22        0xa build/sky/contiki-ng-sky.a(uip-nd6.o)
                0x00006e22                uip_nd6_init
 .text.clear_fragments
                0x00006e2c       0x40 build/sky/contiki-ng-sky.a(sicslowpan.o)
 .text.addr_context_lookup_by_number
                0x00006e6c       0x16 build/sky/contiki-ng-sky.a(sicslowpan.o)
 .text.sicslowpan_init
                0x00006e82       0x18 build/sky/contiki-ng-sky.a(sicslowpan.o)
                0x00006e82                sicslowpan_init
 .text.set_packet_attrs
                0x00006e9a       0x66 build/sky/contiki-ng-sky.a(sicslowpan.o)
 .text.compress_addr_64
                0x00006f00       0xae build/sky/contiki-ng-sky.a(sicslowpan.o)
 .text.addr_context_lookup_by_prefix
                0x00006fae       0x20 build/sky/contiki-ng-sky.a(sicslowpan.o)
 .text.send_packet
                0x00006fce       0x1a build/sky/contiki-ng-sky.a(sicslowpan.o)
 .text.fragment_copy_payload_and_send
                0x00006fe8       0x66 build/sky/contiki-ng-sky.a(sicslowpan.o)
 .text.output   0x0000704e      0x7c6 build/sky/contiki-ng-sky.a(sicslowpan.o)
 .text.packet_sent
                0x00007814       0x56 build/sky/contiki-ng-sky.a(sicslowpan.o)
 .text.store_fragment
                0x0000786a       0xb4 build/sky/contiki-ng-sky.a(sicslowpan.o)
 .text.add_fragment
                0x0000791e      0x1fc build/sky/contiki-ng-sky.a(sicslowpan.o)
 .text.uncompress_addr
                0x00007b1a       0xb4 build/sky/contiki-ng-sky.a(sicslowpan.o)
 .text.input    0x00007bce      0x8b0 build/sky/contiki-ng-sky.a(sicslowpan.o)
 .text.uiplib_ipaddr_snprint
                0x0000847e      0x12c build/sky/contiki-ng-sky.a(uiplib.o)
                0x0000847e                uiplib_ipaddr_snprint
 .text.rpl_has_joined
                0x000085aa       0x12 build/sky/contiki-ng-sky.a(rpl.o)
                0x000085aa                rpl_has_joined
 .text.rpl_is_reachable
                0x000085bc       0x12 build/sky/contiki-ng-sky.a(rpl.o)
                0x000085bc                rpl_is_reachable
 .text.neighbor_state_changed
                0x000085ce        0x2 build/sky/contiki-ng-sky.a(rpl.o)
 .text.drop_route
                0x000085d0        0x2 build/sky/contiki-ng-sky.a(rpl.o)
 .text.rpl_get_leaf_only
                0x000085d2        0x6 build/sky/contiki-ng-sky.a(rpl.o)
                0x000085d2                rpl_get_leaf_only
 .text.get_sr_node_ipaddr
                0x000085d8       0x34 build/sky/contiki-ng-sky.a(rpl.o)
 .text.init     0x0000860c       0x42 build/sky/contiki-ng-sky.a(rpl.o)
 .text.set_ip_from_prefix
                0x0000864e       0x38 build/sky/contiki-ng-sky.a(rpl.o)
 .text.rpl_link_callback
                0x00008686       0x1e build/sky/contiki-ng-sky.a(rpl.o)
                0x00008686                rpl_link_callback
 .text.rpl_lollipop_greater_than
                0x000086a4       0x3c build/sky/contiki-ng-sky.a(rpl.o)
                0x000086a4                rpl_lollipop_greater_than
 .text.rpl_get_global_address
                0x000086e0       0xbe build/sky/contiki-ng-sky.a(rpl.o)
                0x000086e0                rpl_get_global_address
 .text.rpl_reset_prefix
                0x0000879e       0x24 build/sky/contiki-ng-sky.a(rpl.o)
                0x0000879e                rpl_reset_prefix
 .text.rpl_set_prefix_from_addr
                0x000087c2       0x92 build/sky/contiki-ng-sky.a(rpl.o)
                0x000087c2                rpl_set_prefix_from_addr
 .text.get32    0x00008854       0x46 build/sky/contiki-ng-sky.a(rpl-icmp6.o)
 .text.set32    0x0000889a       0x2a build/sky/contiki-ng-sky.a(rpl-icmp6.o)
 .text.get16    0x000088c4        0xe build/sky/contiki-ng-sky.a(rpl-icmp6.o)
 .text.set16    0x000088d2       0x10 build/sky/contiki-ng-sky.a(rpl-icmp6.o)
 .text.dao_ack_input
                0x000088e2       0x30 build/sky/contiki-ng-sky.a(rpl-icmp6.o)
 .text.dao_input
                0x00008912      0x13c build/sky/contiki-ng-sky.a(rpl-icmp6.o)
 .text.dio_input
                0x00008a4e      0x29c build/sky/contiki-ng-sky.a(rpl-icmp6.o)
 .text.dis_input
                0x00008cea       0x1e build/sky/contiki-ng-sky.a(rpl-icmp6.o)
 .text.rpl_icmp6_update_nbr_table
                0x00008d08       0x36 build/sky/contiki-ng-sky.a(rpl-icmp6.o)
                0x00008d08                rpl_icmp6_update_nbr_table
 .text.rpl_icmp6_dis_output
                0x00008d3e       0x34 build/sky/contiki-ng-sky.a(rpl-icmp6.o)
                0x00008d3e                rpl_icmp6_dis_output
 .text.rpl_icmp6_dio_output
                0x00008d72      0x23a build/sky/contiki-ng-sky.a(rpl-icmp6.o)
                0x00008d72                rpl_icmp6_dio_output
 .text.rpl_icmp6_dao_output
                0x00008fac       0xe2 build/sky/contiki-ng-sky.a(rpl-icmp6.o)
                0x00008fac                rpl_icmp6_dao_output
 .text.rpl_icmp6_dao_ack_output
                0x0000908e       0x4e build/sky/contiki-ng-sky.a(rpl-icmp6.o)
                0x0000908e                rpl_icmp6_dao_ack_output
 .text.rpl_icmp6_init
                0x000090dc       0x22 build/sky/contiki-ng-sky.a(rpl-icmp6.o)
                0x000090dc                rpl_icmp6_init
 .text.rpl_dag_root_set_prefix
                0x000090fe       0x62 build/sky/contiki-ng-sky.a(rpl-dag-root.o)
                0x000090fe                rpl_dag_root_set_prefix
 .text.rpl_dag_root_start
                0x00009160       0x8e build/sky/contiki-ng-sky.a(rpl-dag-root.o)
                0x00009160                rpl_dag_root_start
 .text.rpl_dag_root_is_root
                0x000091ee       0x14 build/sky/contiki-ng-sky.a(rpl-dag-root.o)
                0x000091ee                rpl_dag_root_is_root
 .text.output   0x00009202       0x1c build/sky/contiki-ng-sky.a(slip-bridge.o)
 .text.init     0x0000921e       0x18 build/sky/contiki-ng-sky.a(slip-bridge.o)
 .text.slip_input_callback
                0x00009236       0xb2 build/sky/contiki-ng-sky.a(slip-bridge.o)
 .text.request_prefix
                0x000092e8       0x20 build/sky/contiki-ng-sky.a(slip-bridge.o)
                0x000092e8                request_prefix
 .text.process_thread_border_router_process
                0x00009308      0x10e build/sky/contiki-ng-sky.a(border-router-e)
 .text.init_platform
                0x00009416        0xc build/sky/contiki-ng-sky.a(contiki-sky-pla)
                0x00009416                init_platform
 .text.status   0x00009422       0x18 build/sky/contiki-ng-sky.a(button-sensor.o)
 .text.value    0x0000943a       0x20 build/sky/contiki-ng-sky.a(button-sensor.o)
 .text.configure
                0x0000945a       0x4c build/sky/contiki-ng-sky.a(button-sensor.o)
 .text.irq_p2   0x000094a6       0x46 build/sky/contiki-ng-sky.a(button-sensor.o)
                0x000094a6                irq_p2
                0x000094a6                __isr_1
 .text.owreadb  0x000094ec       0x50 build/sky/contiki-ng-sky.a(ds2411.o)
 .text.ds2411_init
                0x0000953c      0x120 build/sky/contiki-ng-sky.a(ds2411.o)
                0x0000953c                ds2411_init
 .text.xmem_init
                0x0000965c       0x3c build/sky/contiki-ng-sky.a(xmem.o)
                0x0000965c                xmem_init
 .text.process_thread_sensors_process
                0x00009698       0xc2 build/sky/contiki-ng-sky.a(sensors.o)
 .text.sensors_changed
                0x0000975a       0x2a build/sky/contiki-ng-sky.a(sensors.o)
                0x0000975a                sensors_changed
 .text.get_object
                0x00009784        0x4 build/sky/contiki-ng-sky.a(cc2420.o)
 .text.set_object
                0x00009788        0x4 build/sky/contiki-ng-sky.a(cc2420.o)
 .text.strobe   0x0000978c       0x1c build/sky/contiki-ng-sky.a(cc2420.o)
 .text.getreg   0x000097a8       0x4c build/sky/contiki-ng-sky.a(cc2420.o)
 .text.setreg   0x000097f4       0x4c build/sky/contiki-ng-sky.a(cc2420.o)
 .text.write_ram
                0x00009840       0x7c build/sky/contiki-ng-sky.a(cc2420.o)
 .text.write_fifo_buf
                0x000098bc       0x3c build/sky/contiki-ng-sky.a(cc2420.o)
 .text.get_status
                0x000098f8       0x20 build/sky/contiki-ng-sky.a(cc2420.o)
 .text.on       0x00009918       0x1a build/sky/contiki-ng-sky.a(cc2420.o)
 .text.cc2420_receiving_packet
                0x00009932        0xc build/sky/contiki-ng-sky.a(cc2420.o)
 .text.pending_packet
                0x0000993e        0x8 build/sky/contiki-ng-sky.a(cc2420.o)
 .text.wait_for_transmission
                0x00009946       0x22 build/sky/contiki-ng-sky.a(cc2420.o)
 .text.wait_for_status
                0x00009968       0x28 build/sky/contiki-ng-sky.a(cc2420.o)
 .text.getrxdata
                0x00009990       0x50 build/sky/contiki-ng-sky.a(cc2420.o)
 .text.flushrx  0x000099e0       0x1a build/sky/contiki-ng-sky.a(cc2420.o)
 .text.off      0x000099fa       0x28 build/sky/contiki-ng-sky.a(cc2420.o)
 .text.RELEASE_LOCK
                0x00009a22       0x28 build/sky/contiki-ng-sky.a(cc2420.o)
 .text.set_key  0x00009a4a       0x18 build/sky/contiki-ng-sky.a(cc2420.o)
 .text.set_frame_filtering
                0x00009a62       0x30 build/sky/contiki-ng-sky.a(cc2420.o)
 .text.set_auto_ack
                0x00009a92       0x30 build/sky/contiki-ng-sky.a(cc2420.o)
 .text.set_poll_mode
                0x00009ac2       0x2c build/sky/contiki-ng-sky.a(cc2420.o)
 .text.cc2420_prepare
                0x00009aee       0x46 build/sky/contiki-ng-sky.a(cc2420.o)
 .text.cc2420_on
                0x00009b34       0x22 build/sky/contiki-ng-sky.a(cc2420.o)
                0x00009b34                cc2420_on
 .text.cc2420_transmit
                0x00009b56       0x66 build/sky/contiki-ng-sky.a(cc2420.o)
 .text.cc2420_send
                0x00009bbc       0x12 build/sky/contiki-ng-sky.a(cc2420.o)
 .text.cc2420_off
                0x00009bce       0x30 build/sky/contiki-ng-sky.a(cc2420.o)
                0x00009bce                cc2420_off
 .text.cc2420_cca
                0x00009bfe       0x68 build/sky/contiki-ng-sky.a(cc2420.o)
 .text.cc2420_read
                0x00009c66       0xbe build/sky/contiki-ng-sky.a(cc2420.o)
 .text.process_thread_cc2420_process
                0x00009d24       0x62 build/sky/contiki-ng-sky.a(cc2420.o)
 .text.encrypt  0x00009d86       0x88 build/sky/contiki-ng-sky.a(cc2420.o)
 .text.cc2420_set_channel
                0x00009e0e       0x3c build/sky/contiki-ng-sky.a(cc2420.o)
                0x00009e0e                cc2420_set_channel
 .text.cc2420_set_pan_addr
                0x00009e4a       0x4c build/sky/contiki-ng-sky.a(cc2420.o)
                0x00009e4a                cc2420_set_pan_addr
 .text.cc2420_interrupt
                0x00009e96       0x16 build/sky/contiki-ng-sky.a(cc2420.o)
                0x00009e96                cc2420_interrupt
 .text.cc2420_set_txpower
                0x00009eac       0x2c build/sky/contiki-ng-sky.a(cc2420.o)
                0x00009eac                cc2420_set_txpower
 .text.cc2420_get_txpower
                0x00009ed8       0x1e build/sky/contiki-ng-sky.a(cc2420.o)
                0x00009ed8                cc2420_get_txpower
 .text.cc2420_rssi
                0x00009ef6       0x4c build/sky/contiki-ng-sky.a(cc2420.o)
                0x00009ef6                cc2420_rssi
 .text.get_value
                0x00009f42      0x11e build/sky/contiki-ng-sky.a(cc2420.o)
 .text.cc2420_set_cca_threshold
                0x0000a060       0x16 build/sky/contiki-ng-sky.a(cc2420.o)
                0x0000a060                cc2420_set_cca_threshold
 .text.set_value
                0x0000a076      0x150 build/sky/contiki-ng-sky.a(cc2420.o)
 .text.cc2420_init
                0x0000a1c6       0xea build/sky/contiki-ng-sky.a(cc2420.o)
                0x0000a1c6                cc2420_init
 .text.cc2420_port1_interrupt
                0x0000a2b0       0x20 build/sky/contiki-ng-sky.a(cc2420-arch.o)
                0x0000a2b0                __isr_4
                0x0000a2b0                cc2420_port1_interrupt
 .text.cc2420_arch_init
                0x0000a2d0       0x1a build/sky/contiki-ng-sky.a(cc2420-arch.o)
                0x0000a2d0                cc2420_arch_init
 .text.handle_rxdma_timer
                0x0000a2ea       0x3a build/sky/contiki-ng-sky.a(uart1.o)
 .text.uart1_active
                0x0000a324       0x18 build/sky/contiki-ng-sky.a(uart1.o)
                0x0000a324                uart1_active
 .text.uart1_set_input
                0x0000a33c       0x20 build/sky/contiki-ng-sky.a(uart1.o)
                0x0000a33c                uart1_set_input
 .text.uart1_writeb
                0x0000a35c       0x18 build/sky/contiki-ng-sky.a(uart1.o)
                0x0000a35c                uart1_writeb
 .text.uart1_init
                0x0000a374       0xf4 build/sky/contiki-ng-sky.a(uart1.o)
                0x0000a374                uart1_init
 .text.slip_arch_writeb
                0x0000a468        0x6 build/sky/contiki-ng-sky.a(slip_uart1.o)
                0x0000a468                slip_arch_writeb
 .text.slip_arch_init
                0x0000a46e        0xa build/sky/contiki-ng-sky.a(slip_uart1.o)
                0x0000a46e                slip_arch_init
 .text.process_thread_slip_process
                0x0000a478      0x1c2 build/sky/contiki-ng-sky.a(slip.o)
 .text.slip_set_input_callback
                0x0000a63a        0x6 build/sky/contiki-ng-sky.a(slip.o)
                0x0000a63a                slip_set_input_callback
 .text.slip_write
                0x0000a640       0x58 build/sky/contiki-ng-sky.a(slip.o)
                0x0000a640                slip_write
 .text.slip_send
                0x0000a698        0xe build/sky/contiki-ng-sky.a(slip.o)
                0x0000a698                slip_send
 .text.slip_input_byte
                0x0000a6a6       0x96 build/sky/contiki-ng-sky.a(slip.o)
                0x0000a6a6                slip_input_byte
 .text.timera0  0x0000a73c       0x2e build/sky/contiki-ng-sky.a(rtimer-arch.o)
                0x0000a73c                __isr_6
                0x0000a73c                timera0
 .text.rtimer_arch_init
                0x0000a76a        0xe build/sky/contiki-ng-sky.a(rtimer-arch.o)
                0x0000a76a                rtimer_arch_init
 .text.rtimer_arch_now
                0x0000a778        0xe build/sky/contiki-ng-sky.a(rtimer-arch.o)
                0x0000a778                rtimer_arch_now
 .text.rtimer_arch_schedule
                0x0000a786        0x6 build/sky/contiki-ng-sky.a(rtimer-arch.o)
                0x0000a786                rtimer_arch_schedule
 .text.stimer_set
                0x0000a78c       0x1c build/sky/contiki-ng-sky.a(stimer.o)
                0x0000a78c                stimer_set
 .text.stimer_expired
                0x0000a7a8       0x30 build/sky/contiki-ng-sky.a(stimer.o)
                0x0000a7a8                stimer_expired
 .text.memb_init
                0x0000a7d8       0x36 build/sky/contiki-ng-sky.a(memb.o)
                0x0000a7d8                memb_init
 .text.memb_alloc
                0x0000a80e       0x3e build/sky/contiki-ng-sky.a(memb.o)
                0x0000a80e                memb_alloc
 .text.memb_free
                0x0000a84c       0x32 build/sky/contiki-ng-sky.a(memb.o)
                0x0000a84c                memb_free
 .text.memb_inmemb
                0x0000a87e       0x2a build/sky/contiki-ng-sky.a(memb.o)
                0x0000a87e                memb_inmemb
 .text.memb_numfree
                0x0000a8a8       0x26 build/sky/contiki-ng-sky.a(memb.o)
                0x0000a8a8                memb_numfree
 .text.item_from_index
                0x0000a8ce       0x2a build/sky/contiki-ng-sky.a(nbr-table.o)
 .text.index_from_key
                0x0000a8f8       0x26 build/sky/contiki-ng-sky.a(nbr-table.o)
 .text.index_from_item
                0x0000a91e       0x1e build/sky/contiki-ng-sky.a(nbr-table.o)
 .text.nbr_set_bit
                0x0000a93c       0x58 build/sky/contiki-ng-sky.a(nbr-table.o)
 .text.index_from_lladdr
                0x0000a994       0x42 build/sky/contiki-ng-sky.a(nbr-table.o)
 .text.nbr_get_bit.constprop.0
                0x0000a9d6       0x2e build/sky/contiki-ng-sky.a(nbr-table.o)
 .text.nbr_table_is_registered
                0x0000aa04       0x22 build/sky/contiki-ng-sky.a(nbr-table.o)
                0x0000aa04                nbr_table_is_registered
 .text.nbr_table_register
                0x0000aa26       0x40 build/sky/contiki-ng-sky.a(nbr-table.o)
                0x0000aa26                nbr_table_register
 .text.nbr_table_next
                0x0000aa66       0x54 build/sky/contiki-ng-sky.a(nbr-table.o)
                0x0000aa66                nbr_table_next
 .text.nbr_table_head
                0x0000aaba       0x3a build/sky/contiki-ng-sky.a(nbr-table.o)
                0x0000aaba                nbr_table_head
 .text.nbr_table_add_lladdr
                0x0000aaf4      0x168 build/sky/contiki-ng-sky.a(nbr-table.o)
                0x0000aaf4                nbr_table_add_lladdr
 .text.nbr_table_get_from_lladdr
                0x0000ac5c       0x2c build/sky/contiki-ng-sky.a(nbr-table.o)
                0x0000ac5c                nbr_table_get_from_lladdr
 .text.nbr_table_remove
                0x0000ac88       0x32 build/sky/contiki-ng-sky.a(nbr-table.o)
                0x0000ac88                nbr_table_remove
 .text.nbr_table_lock
                0x0000acba       0x10 build/sky/contiki-ng-sky.a(nbr-table.o)
                0x0000acba                nbr_table_lock
 .text.nbr_table_unlock
                0x0000acca       0x10 build/sky/contiki-ng-sky.a(nbr-table.o)
                0x0000acca                nbr_table_unlock
 .text.nbr_table_get_lladdr
                0x0000acda       0x22 build/sky/contiki-ng-sky.a(nbr-table.o)
                0x0000acda                nbr_table_get_lladdr
 .text.periodic
                0x0000acfc       0x28 build/sky/contiki-ng-sky.a(link-stats.o)
 .text.link_stats_from_lladdr
                0x0000ad24        0xc build/sky/contiki-ng-sky.a(link-stats.o)
                0x0000ad24                link_stats_from_lladdr
 .text.link_stats_is_fresh
                0x0000ad30       0x30 build/sky/contiki-ng-sky.a(link-stats.o)
                0x0000ad30                link_stats_is_fresh
 .text.guess_etx_from_rssi
                0x0000ad60       0x42 build/sky/contiki-ng-sky.a(link-stats.o)
                0x0000ad60                guess_etx_from_rssi
 .text.link_stats_packet_sent
                0x0000ada2       0xda build/sky/contiki-ng-sky.a(link-stats.o)
                0x0000ada2                link_stats_packet_sent
 .text.link_stats_input_callback
                0x0000ae7c       0xb4 build/sky/contiki-ng-sky.a(link-stats.o)
                0x0000ae7c                link_stats_input_callback
 .text.link_stats_reset
                0x0000af30       0x2a build/sky/contiki-ng-sky.a(link-stats.o)
                0x0000af30                link_stats_reset
 .text.link_stats_init
                0x0000af5a       0x22 build/sky/contiki-ng-sky.a(link-stats.o)
                0x0000af5a                link_stats_init
 .text.mac_sequence_is_duplicate
                0x0000af7c       0x84 build/sky/contiki-ng-sky.a(mac-sequence.o)
                0x0000af7c                mac_sequence_is_duplicate
 .text.mac_sequence_register_seqno
                0x0000b000       0x90 build/sky/contiki-ng-sky.a(mac-sequence.o)
                0x0000b000                mac_sequence_register_seqno
 .text.mac_call_sent_callback
                0x0000b090       0x14 build/sky/contiki-ng-sky.a(mac.o)
                0x0000b090                mac_call_sent_callback
 .text.parse    0x0000b0a4       0xa0 build/sky/contiki-ng-sky.a(framer-802154.o)
 .text.framer_802154_setup_params
                0x0000b144       0xb8 build/sky/contiki-ng-sky.a(framer-802154.o)
                0x0000b144                framer_802154_setup_params
 .text.create_frame
                0x0000b1fc       0xde build/sky/contiki-ng-sky.a(framer-802154.o)
 .text.create   0x0000b2da        0x8 build/sky/contiki-ng-sky.a(framer-802154.o)
 .text.hdr_length
                0x0000b2e2        0x8 build/sky/contiki-ng-sky.a(framer-802154.o)
 .text.frame802154_get_pan_id
                0x0000b2ea        0x6 build/sky/contiki-ng-sky.a(frame802154.o)
                0x0000b2ea                frame802154_get_pan_id
 .text.frame802154_has_panid
                0x0000b2f0       0xe0 build/sky/contiki-ng-sky.a(frame802154.o)
                0x0000b2f0                frame802154_has_panid
 .text.field_len
                0x0000b3d0       0xac build/sky/contiki-ng-sky.a(frame802154.o)
 .text.frame802154_is_broadcast_addr
                0x0000b47c       0x28 build/sky/contiki-ng-sky.a(frame802154.o)
                0x0000b47c                frame802154_is_broadcast_addr
 .text.frame802154_hdrlen
                0x0000b4a4       0x32 build/sky/contiki-ng-sky.a(frame802154.o)
                0x0000b4a4                frame802154_hdrlen
 .text.frame802154_create_fcf
                0x0000b4d6       0x96 build/sky/contiki-ng-sky.a(frame802154.o)
                0x0000b4d6                frame802154_create_fcf
 .text.frame802154_create
                0x0000b56c       0xe4 build/sky/contiki-ng-sky.a(frame802154.o)
                0x0000b56c                frame802154_create
 .text.frame802154_parse_fcf
                0x0000b650       0xbc build/sky/contiki-ng-sky.a(frame802154.o)
                0x0000b650                frame802154_parse_fcf
 .text.frame802154_parse
                0x0000b70c      0x168 build/sky/contiki-ng-sky.a(frame802154.o)
                0x0000b70c                frame802154_parse
 .text.csma_security_create_frame
                0x0000b874       0x10 build/sky/contiki-ng-sky.a(csma-security.o)
                0x0000b874                csma_security_create_frame
 .text.csma_security_parse_frame
                0x0000b884        0x6 build/sky/contiki-ng-sky.a(csma-security.o)
                0x0000b884                csma_security_parse_frame
 .text.uipbuf_add_ext_hdr
                0x0000b88a       0x1c build/sky/contiki-ng-sky.a(uipbuf.o)
                0x0000b88a                uipbuf_add_ext_hdr
 .text.uipbuf_set_len
                0x0000b8a6       0x12 build/sky/contiki-ng-sky.a(uipbuf.o)
                0x0000b8a6                uipbuf_set_len
 .text.uipbuf_set_len_field
                0x0000b8b8        0xe build/sky/contiki-ng-sky.a(uipbuf.o)
                0x0000b8b8                uipbuf_set_len_field
 .text.uipbuf_get_len_field
                0x0000b8c6        0xe build/sky/contiki-ng-sky.a(uipbuf.o)
                0x0000b8c6                uipbuf_get_len_field
 .text.uipbuf_get_next_header
                0x0000b8d4       0x62 build/sky/contiki-ng-sky.a(uipbuf.o)
                0x0000b8d4                uipbuf_get_next_header
 .text.uipbuf_get_last_header
                0x0000b936       0x3e build/sky/contiki-ng-sky.a(uipbuf.o)
                0x0000b936                uipbuf_get_last_header
 .text.uipbuf_search_header
                0x0000b974       0x4e build/sky/contiki-ng-sky.a(uipbuf.o)
                0x0000b974                uipbuf_search_header
 .text.uipbuf_get_attr
                0x0000b9c2       0x14 build/sky/contiki-ng-sky.a(uipbuf.o)
                0x0000b9c2                uipbuf_get_attr
 .text.uipbuf_clear_attr
                0x0000b9d6       0x12 build/sky/contiki-ng-sky.a(uipbuf.o)
                0x0000b9d6                uipbuf_clear_attr
 .text.uipbuf_clear
                0x0000b9e8       0x12 build/sky/contiki-ng-sky.a(uipbuf.o)
                0x0000b9e8                uipbuf_clear
 .text.uipbuf_init
                0x0000b9fa       0x1a build/sky/contiki-ng-sky.a(uipbuf.o)
                0x0000b9fa                uipbuf_init
 .text.echo_reply_input
                0x0000ba14       0x68 build/sky/contiki-ng-sky.a(uip-icmp6.o)
 .text.echo_request_input
                0x0000ba7c       0x86 build/sky/contiki-ng-sky.a(uip-icmp6.o)
 .text.uip_icmp6_input
                0x0000bb02       0x48 build/sky/contiki-ng-sky.a(uip-icmp6.o)
                0x0000bb02                uip_icmp6_input
 .text.uip_icmp6_register_input_handler
                0x0000bb4a        0xc build/sky/contiki-ng-sky.a(uip-icmp6.o)
                0x0000bb4a                uip_icmp6_register_input_handler
 .text.uip_icmp6_error_output
                0x0000bb56      0x146 build/sky/contiki-ng-sky.a(uip-icmp6.o)
                0x0000bb56                uip_icmp6_error_output
 .text.uip_icmp6_send
                0x0000bc9c       0x94 build/sky/contiki-ng-sky.a(uip-icmp6.o)
                0x0000bc9c                uip_icmp6_send
 .text.uip_icmp6_init
                0x0000bd30       0x12 build/sky/contiki-ng-sky.a(uip-icmp6.o)
                0x0000bd30                uip_icmp6_init
 .text.node_matches_address.part.0
                0x0000bd42       0x2e build/sky/contiki-ng-sky.a(uip-sr.o)
 .text.uip_sr_get_node
                0x0000bd70       0x44 build/sky/contiki-ng-sky.a(uip-sr.o)
                0x0000bd70                uip_sr_get_node
 .text.uip_sr_is_addr_reachable
                0x0000bdb4       0x4e build/sky/contiki-ng-sky.a(uip-sr.o)
                0x0000bdb4                uip_sr_is_addr_reachable
 .text.uip_sr_expire_parent
                0x0000be02       0x42 build/sky/contiki-ng-sky.a(uip-sr.o)
                0x0000be02                uip_sr_expire_parent
 .text.uip_sr_update_node
                0x0000be44       0xbc build/sky/contiki-ng-sky.a(uip-sr.o)
                0x0000be44                uip_sr_update_node
 .text.uip_sr_init
                0x0000bf00       0x16 build/sky/contiki-ng-sky.a(uip-sr.o)
                0x0000bf00                uip_sr_init
 .text.uip_sr_periodic
                0x0000bf16       0x9a build/sky/contiki-ng-sky.a(uip-sr.o)
                0x0000bf16                uip_sr_periodic
 .text.uip_sr_free_all
                0x0000bfb0       0x3c build/sky/contiki-ng-sky.a(uip-sr.o)
                0x0000bfb0                uip_sr_free_all
 .text.init_dag
                0x0000bfec       0x84 build/sky/contiki-ng-sky.a(rpl-dag.o)
 .text.process_dio_init_dag
                0x0000c070       0xb0 build/sky/contiki-ng-sky.a(rpl-dag.o)
 .text.rpl_dag_get_root_ipaddr
                0x0000c120       0x1e build/sky/contiki-ng-sky.a(rpl-dag.o)
                0x0000c120                rpl_dag_get_root_ipaddr
 .text.rpl_dag_leave
                0x0000c13e       0x4a build/sky/contiki-ng-sky.a(rpl-dag.o)
                0x0000c13e                rpl_dag_leave
 .text.rpl_dag_poison_and_leave
                0x0000c188        0xc build/sky/contiki-ng-sky.a(rpl-dag.o)
                0x0000c188                rpl_dag_poison_and_leave
 .text.rpl_dag_periodic
                0x0000c194       0x6a build/sky/contiki-ng-sky.a(rpl-dag.o)
                0x0000c194                rpl_dag_periodic
 .text.rpl_is_addr_in_our_dag
                0x0000c1fe       0x34 build/sky/contiki-ng-sky.a(rpl-dag.o)
                0x0000c1fe                rpl_is_addr_in_our_dag
 .text.rpl_local_repair
                0x0000c232       0x2a build/sky/contiki-ng-sky.a(rpl-dag.o)
                0x0000c232                rpl_local_repair
 .text.rpl_global_repair
                0x0000c25c       0x2e build/sky/contiki-ng-sky.a(rpl-dag.o)
                0x0000c25c                rpl_global_repair
 .text.rpl_dag_ready_to_advertise
                0x0000c28a       0x22 build/sky/contiki-ng-sky.a(rpl-dag.o)
                0x0000c28a                rpl_dag_ready_to_advertise
 .text.rpl_dag_update_state
                0x0000c2ac      0x140 build/sky/contiki-ng-sky.a(rpl-dag.o)
                0x0000c2ac                rpl_dag_update_state
 .text.rpl_process_dio
                0x0000c3ec      0x1b6 build/sky/contiki-ng-sky.a(rpl-dag.o)
                0x0000c3ec                rpl_process_dio
 .text.rpl_process_dis
                0x0000c5a2       0x2a build/sky/contiki-ng-sky.a(rpl-dag.o)
                0x0000c5a2                rpl_process_dis
 .text.rpl_process_dao
                0x0000c5cc       0x6c build/sky/contiki-ng-sky.a(rpl-dag.o)
                0x0000c5cc                rpl_process_dao
 .text.rpl_process_dao_ack
                0x0000c638       0x54 build/sky/contiki-ng-sky.a(rpl-dag.o)
                0x0000c638                rpl_process_dao_ack
 .text.rpl_process_hbh
                0x0000c68c       0x2e build/sky/contiki-ng-sky.a(rpl-dag.o)
                0x0000c68c                rpl_process_hbh
 .text.rpl_dag_init_root
                0x0000c6ba       0xbc build/sky/contiki-ng-sky.a(rpl-dag.o)
                0x0000c6ba                rpl_dag_init_root
 .text.rpl_dag_init
                0x0000c776       0x10 build/sky/contiki-ng-sky.a(rpl-dag.o)
                0x0000c776                rpl_dag_init
 .text.remove_neighbor
                0x0000c786       0x24 build/sky/contiki-ng-sky.a(rpl-neighbor.o)
 .text.rpl_neighbor_get_from_lladdr
                0x0000c7aa        0xc build/sky/contiki-ng-sky.a(rpl-neighbor.o)
                0x0000c7aa                rpl_neighbor_get_from_lladdr
 .text.rpl_neighbor_rank_via_nbr
                0x0000c7b6       0x18 build/sky/contiki-ng-sky.a(rpl-neighbor.o)
                0x0000c7b6                rpl_neighbor_rank_via_nbr
 .text.rpl_neighbor_get_lladdr
                0x0000c7ce        0xc build/sky/contiki-ng-sky.a(rpl-neighbor.o)
                0x0000c7ce                rpl_neighbor_get_lladdr
 .text.rpl_neighbor_get_ipaddr
                0x0000c7da        0xa build/sky/contiki-ng-sky.a(rpl-neighbor.o)
                0x0000c7da                rpl_neighbor_get_ipaddr
 .text.rpl_neighbor_get_link_stats
                0x0000c7e4        0xa build/sky/contiki-ng-sky.a(rpl-neighbor.o)
                0x0000c7e4                rpl_neighbor_get_link_stats
 .text.rpl_neighbor_is_fresh
                0x0000c7ee        0xa build/sky/contiki-ng-sky.a(rpl-neighbor.o)
                0x0000c7ee                rpl_neighbor_is_fresh
 .text.best_parent
                0x0000c7f8       0xb4 build/sky/contiki-ng-sky.a(rpl-neighbor.o)
 .text.rpl_neighbor_is_parent
                0x0000c8ac       0x18 build/sky/contiki-ng-sky.a(rpl-neighbor.o)
                0x0000c8ac                rpl_neighbor_is_parent
 .text.rpl_neighbor_set_preferred_parent
                0x0000c8c4       0x48 build/sky/contiki-ng-sky.a(rpl-neighbor.o)
                0x0000c8c4                rpl_neighbor_set_preferred_parent
 .text.rpl_neighbor_remove_all
                0x0000c90c       0x30 build/sky/contiki-ng-sky.a(rpl-neighbor.o)
                0x0000c90c                rpl_neighbor_remove_all
 .text.rpl_neighbor_get_from_ipaddr
                0x0000c93c       0x14 build/sky/contiki-ng-sky.a(rpl-neighbor.o)
                0x0000c93c                rpl_neighbor_get_from_ipaddr
 .text.rpl_neighbor_select_best
                0x0000c950       0x54 build/sky/contiki-ng-sky.a(rpl-neighbor.o)
                0x0000c950                rpl_neighbor_select_best
 .text.rpl_neighbor_init
                0x0000c9a4        0xe build/sky/contiki-ng-sky.a(rpl-neighbor.o)
                0x0000c9a4                rpl_neighbor_init
 .text.handle_state_update
                0x0000c9b2        0x6 build/sky/contiki-ng-sky.a(rpl-timers.o)
 .text.handle_leaving_timer
                0x0000c9b8        0xc build/sky/contiki-ng-sky.a(rpl-timers.o)
 .text.schedule_dao_retransmission
                0x0000c9c4       0x34 build/sky/contiki-ng-sky.a(rpl-timers.o)
 .text.new_dio_interval
                0x0000c9f8       0x8a build/sky/contiki-ng-sky.a(rpl-timers.o)
 .text.handle_unicast_dio_timer
                0x0000ca82       0x12 build/sky/contiki-ng-sky.a(rpl-timers.o)
 .text.send_new_dao
                0x0000ca94       0x28 build/sky/contiki-ng-sky.a(rpl-timers.o)
 .text.resend_dao
                0x0000cabc       0x24 build/sky/contiki-ng-sky.a(rpl-timers.o)
 .text.handle_dao_ack_timer
                0x0000cae0       0x12 build/sky/contiki-ng-sky.a(rpl-timers.o)
 .text.handle_dio_timer
                0x0000caf2       0x6e build/sky/contiki-ng-sky.a(rpl-timers.o)
 .text.rpl_timers_schedule_periodic_dis
                0x0000cb60       0x40 build/sky/contiki-ng-sky.a(rpl-timers.o)
                0x0000cb60                rpl_timers_schedule_periodic_dis
 .text.handle_periodic_timer
                0x0000cba0       0x3a build/sky/contiki-ng-sky.a(rpl-timers.o)
 .text.handle_dis_timer
                0x0000cbda       0x26 build/sky/contiki-ng-sky.a(rpl-timers.o)
 .text.rpl_timers_dio_reset
                0x0000cc00       0x2e build/sky/contiki-ng-sky.a(rpl-timers.o)
                0x0000cc00                rpl_timers_dio_reset
 .text.rpl_timers_schedule_unicast_dio
                0x0000cc2e       0x20 build/sky/contiki-ng-sky.a(rpl-timers.o)
                0x0000cc2e                rpl_timers_schedule_unicast_dio
 .text.rpl_timers_schedule_dao
                0x0000cc4e       0x3c build/sky/contiki-ng-sky.a(rpl-timers.o)
                0x0000cc4e                rpl_timers_schedule_dao
 .text.rpl_timers_schedule_dao_ack
                0x0000cc8a       0x34 build/sky/contiki-ng-sky.a(rpl-timers.o)
                0x0000cc8a                rpl_timers_schedule_dao_ack
 .text.rpl_timers_notify_dao_ack
                0x0000ccbe       0x82 build/sky/contiki-ng-sky.a(rpl-timers.o)
                0x0000ccbe                rpl_timers_notify_dao_ack
 .text.get_probing_delay
                0x0000cd40       0x1c build/sky/contiki-ng-sky.a(rpl-timers.o)
                0x0000cd40                get_probing_delay
 .text.get_probing_target
                0x0000cd5c       0xee build/sky/contiki-ng-sky.a(rpl-timers.o)
                0x0000cd5c                get_probing_target
 .text.rpl_schedule_probing
                0x0000ce4a       0x20 build/sky/contiki-ng-sky.a(rpl-timers.o)
                0x0000ce4a                rpl_schedule_probing
 .text.handle_probing_timer
                0x0000ce6a       0x2a build/sky/contiki-ng-sky.a(rpl-timers.o)
 .text.rpl_schedule_probing_now
                0x0000ce94       0x24 build/sky/contiki-ng-sky.a(rpl-timers.o)
                0x0000ce94                rpl_schedule_probing_now
 .text.rpl_timers_unschedule_leaving
                0x0000ceb8       0x1c build/sky/contiki-ng-sky.a(rpl-timers.o)
                0x0000ceb8                rpl_timers_unschedule_leaving
 .text.rpl_timers_schedule_leaving
                0x0000ced4       0x2a build/sky/contiki-ng-sky.a(rpl-timers.o)
                0x0000ced4                rpl_timers_schedule_leaving
 .text.rpl_timers_init
                0x0000cefe       0x1c build/sky/contiki-ng-sky.a(rpl-timers.o)
                0x0000cefe                rpl_timers_init
 .text.rpl_timers_stop_dag_timers
                0x0000cf1a       0x4c build/sky/contiki-ng-sky.a(rpl-timers.o)
                0x0000cf1a                rpl_timers_stop_dag_timers
 .text.rpl_timers_unschedule_state_update
                0x0000cf66       0x10 build/sky/contiki-ng-sky.a(rpl-timers.o)
                0x0000cf66                rpl_timers_unschedule_state_update
 .text.rpl_timers_schedule_state_update
                0x0000cf76       0x1c build/sky/contiki-ng-sky.a(rpl-timers.o)
                0x0000cf76                rpl_timers_schedule_state_update
 .text.update_hbh_header
                0x0000cf92       0x4a build/sky/contiki-ng-sky.a(rpl-ext-header.)
 .text.rpl_ext_header_srh_get_next_hop
                0x0000cfdc       0x84 build/sky/contiki-ng-sky.a(rpl-ext-header.)
                0x0000cfdc                rpl_ext_header_srh_get_next_hop
 .text.rpl_ext_header_srh_update
                0x0000d060      0x106 build/sky/contiki-ng-sky.a(rpl-ext-header.)
                0x0000d060                rpl_ext_header_srh_update
 .text.rpl_ext_header_hbh_update
                0x0000d166       0x9e build/sky/contiki-ng-sky.a(rpl-ext-header.)
                0x0000d166                rpl_ext_header_hbh_update
 .text.rpl_ext_header_remove
                0x0000d204       0xcc build/sky/contiki-ng-sky.a(rpl-ext-header.)
                0x0000d204                rpl_ext_header_remove
 .text.rpl_ext_header_update
                0x0000d2d0      0x2aa build/sky/contiki-ng-sky.a(rpl-ext-header.)
                0x0000d2d0                rpl_ext_header_update
 .text.update_state
                0x0000d57a       0x78 build/sky/contiki-ng-sky.a(rpl-nbr-policy.)
 .text.rpl_nbr_policy_find_removable
                0x0000d5f2       0x50 build/sky/contiki-ng-sky.a(rpl-nbr-policy.)
                0x0000d5f2                rpl_nbr_policy_find_removable
 .text.reset    0x0000d642        0x2 build/sky/contiki-ng-sky.a(rpl-mrhof.o)
 .text.update_metric_container
                0x0000d644        0x6 build/sky/contiki-ng-sky.a(rpl-mrhof.o)
 .text.nbr_link_metric
                0x0000d64a       0x12 build/sky/contiki-ng-sky.a(rpl-mrhof.o)
 .text.nbr_has_usable_link
                0x0000d65c       0x14 build/sky/contiki-ng-sky.a(rpl-mrhof.o)
 .text.nbr_path_cost
                0x0000d670       0x38 build/sky/contiki-ng-sky.a(rpl-mrhof.o)
 .text.within_hysteresis
                0x0000d6a8       0x54 build/sky/contiki-ng-sky.a(rpl-mrhof.o)
 .text.nbr_is_acceptable_parent
                0x0000d6fc       0x2c build/sky/contiki-ng-sky.a(rpl-mrhof.o)
 .text.rank_via_nbr
                0x0000d728       0x48 build/sky/contiki-ng-sky.a(rpl-mrhof.o)
 .text.best_parent
                0x0000d770       0x7c build/sky/contiki-ng-sky.a(rpl-mrhof.o)
 .text.spi_init
                0x0000d7ec       0x30 build/sky/contiki-ng-sky.a(spi-legacy.o)
                0x0000d7ec                spi_init
 .text.libgcc   0x0000d81c       0x2c /usr/local/bin/../lib/gcc/msp430/4.7.2/mmpy-16/libgcc.a(_mulsi3.o)
                0x0000d81c                __mulsi3
 .text.libgcc   0x0000d848       0x22 /usr/local/bin/../lib/gcc/msp430/4.7.2/mmpy-16/libgcc.a(_udivmod16.o)
                0x0000d848                __udivhi3
                0x0000d848                __ext_udivmod16
                0x0000d862                __umodhi3
 .text.libgcc   0x0000d86a       0x3a /usr/local/bin/../lib/gcc/msp430/4.7.2/mmpy-16/libgcc.a(_divmod16.o)
                0x0000d86a                __ext_divmod16
                0x0000d86a                __divhi3
                0x0000d89c                __modhi3
 .text.libgcc   0x0000d8a4       0x40 /usr/local/bin/../lib/gcc/msp430/4.7.2/mmpy-16/libgcc.a(_udivmod32.o)
                0x0000d8a4                __udivsi3
                0x0000d8a4                __ext_udivmod32
                0x0000d8da                __umodsi3
 .text.libgcc   0x0000d8e4       0x4c /usr/local/bin/../lib/gcc/msp430/4.7.2/mmpy-16/libgcc.a(_divmod32.o)
                0x0000d8e4                __ext_divmod32
                0x0000d8e4                __divsi3
                0x0000d926                __modsi3
 .text.printf   0x0000d930       0x10 /usr/local/bin/../lib/gcc/msp430/4.7.2/../../../../msp430/lib/mmpy-16/libc.a(printf.o)
                0x0000d930                printf
 .text.append   0x0000d940       0x22 /usr/local/bin/../lib/gcc/msp430/4.7.2/../../../../msp430/lib/mmpy-16/libc.a(sprintf.o)
 .text.call_vuprintf
                0x0000d962       0x3a /usr/local/bin/../lib/gcc/msp430/4.7.2/../../../../msp430/lib/mmpy-16/libc.a(sprintf.o)
 .text.snprintf
                0x0000d99c       0x1a /usr/local/bin/../lib/gcc/msp430/4.7.2/../../../../msp430/lib/mmpy-16/libc.a(sprintf.o)
                0x0000d99c                snprintf
 .text.print_field
                0x0000d9b6      0x194 /usr/local/bin/../lib/gcc/msp430/4.7.2/../../../../msp430/lib/mmpy-16/libc.a(vuprintf.o)
 .text.vuprintf
                0x0000db4a      0x63e /usr/local/bin/../lib/gcc/msp430/4.7.2/../../../../msp430/lib/mmpy-16/libc.a(vuprintf.o)
                0x0000db4a                vuprintf
 .text.puts     0x0000e188       0x2c /usr/local/bin/../lib/gcc/msp430/4.7.2/../../../../msp430/lib/mmpy-16/libc.a(puts.o)
                0x0000e188                puts
 .text.rand     0x0000e1b4       0x26 /usr/local/bin/../lib/gcc/msp430/4.7.2/../../../../msp430/lib/mmpy-16/libc.a(rand.o)
                0x0000e1b4                rand
 .text.srand    0x0000e1da        0xa /usr/local/bin/../lib/gcc/msp430/4.7.2/../../../../msp430/lib/mmpy-16/libc.a(rand.o)
                0x0000e1da                srand
 .text.memcmp   0x0000e1e4       0x30 /usr/local/bin/../lib/gcc/msp430/4.7.2/../../../../msp430/lib/mmpy-16/libc.a(memcmp.o)
                0x0000e1e4                memcmp
 .text.memcpy   0x0000e214       0xfa /usr/local/bin/../lib/gcc/msp430/4.7.2/../../../../msp430/lib/mmpy-16/libc.a(memcpy.o)
                0x0000e214                memcpy
 .text.memmove  0x0000e30e       0xfa /usr/local/bin/../lib/gcc/msp430/4.7.2/../../../../msp430/lib/mmpy-16/libc.a(memmove.o)
                0x0000e30e                memmove
 .text.memset   0x0000e408       0x6a /usr/local/bin/../lib/gcc/msp430/4.7.2/../../../../msp430/lib/mmpy-16/libc.a(memset.o)
                0x0000e408                memset
 .text.libgcc   0x0000e472       0xf0 /usr/local/bin/../lib/gcc/msp430/4.7.2/mmpy-16/libgcc.a(_udivmod64.o)
                0x0000e472                __xabi_udivmod64
                0x0000e4d0                __udivdi3
                0x0000e4f6                __umoddi3
                0x0000e524                __udivmoddi4
 .text.crt0     0x0000e562        0x2 /usr/local/bin/../lib/gcc/msp430/4.7.2/mmpy-16/libcrt0.a(_unexpected_.o)
                0x0000e562                _unexpected_
 *(.near.text .near.text.*)

.rodata         0x0000e564      0x569
                0x0000e564                . = ALIGN (0x2)
 *(.rodata .rodata.* .gnu.linkonce.r.*)
 .rodata        0x0000e564       0x5a border-router.o
                0x0000e5a0                autostart_processes
 .rodata        0x0000e5be       0xf1 build/sky/obj/contiki-main.o
 .rodata        0x0000e6af       0x31 build/sky/contiki-ng-sky.a(platform.o)
 .rodata        0x0000e6e0       0x31 build/sky/contiki-ng-sky.a(rpl-border-rout)
 .rodata        0x0000e711        0xc build/sky/contiki-ng-sky.a(etimer.o)
 *fill*         0x0000e71d        0x1 00
 .rodata        0x0000e71e       0xb6 build/sky/contiki-ng-sky.a(log.o)
 .rodata        0x0000e7d4        0xf build/sky/contiki-ng-sky.a(ctimer.o)
 *fill*         0x0000e7e3        0x1 00
 .rodata        0x0000e7e4        0x8 build/sky/contiki-ng-sky.a(linkaddr.o)
                0x0000e7e4                linkaddr_null
 .rodata        0x0000e7ec       0x14 build/sky/contiki-ng-sky.a(csma.o)
                0x0000e7f2                csma_driver
 .rodata        0x0000e800        0xd build/sky/contiki-ng-sky.a(tcpip.o)
 *fill*         0x0000e80d        0x1 00
 .rodata        0x0000e80e       0x26 build/sky/contiki-ng-sky.a(sicslowpan.o)
                0x0000e81a                sicslowpan_driver
                0x0000e822                llprefix
                0x0000e824                unc_mxconf
                0x0000e828                unc_ctxconf
                0x0000e82c                unc_llconf
 .rodata        0x0000e834       0x2d build/sky/contiki-ng-sky.a(uiplib.o)
 *fill*         0x0000e861        0x1 00
 .rodata        0x0000e862       0x34 build/sky/contiki-ng-sky.a(rpl.o)
                0x0000e86c                rpl_lite_driver
 .rodata        0x0000e896       0x16 build/sky/contiki-ng-sky.a(slip-bridge.o)
                0x0000e8a8                rpl_interface
 .rodata        0x0000e8ac       0x80 build/sky/contiki-ng-sky.a(border-router-e)
 .rodata        0x0000e92c       0x10 build/sky/contiki-ng-sky.a(button-sensor.o)
                0x0000e934                button_sensor
 .rodata        0x0000e93c        0x8 build/sky/contiki-ng-sky.a(sensors.o)
 .rodata.get_value
                0x0000e944       0x34 build/sky/contiki-ng-sky.a(cc2420.o)
 .rodata.set_value
                0x0000e978       0x10 build/sky/contiki-ng-sky.a(cc2420.o)
 .rodata        0x0000e988       0x3e build/sky/contiki-ng-sky.a(cc2420.o)
                0x0000e988                cc2420_aes_128_driver
                0x0000e98c                cc2420_driver
 .rodata        0x0000e9c6        0xc build/sky/contiki-ng-sky.a(slip.o)
 .rodata        0x0000e9d2        0x6 build/sky/contiki-ng-sky.a(framer-802154.o)
                0x0000e9d2                framer_802154
 .rodata        0x0000e9d8        0x2 build/sky/contiki-ng-sky.a(frame802154.o)
 .rodata        0x0000e9da       0xe0 build/sky/contiki-ng-sky.a(rpl-dag.o)
 .rodata        0x0000eaba        0xc build/sky/contiki-ng-sky.a(rpl-timers.o)
 .rodata.vuprintf
                0x0000eac6        0x7 /usr/local/bin/../lib/gcc/msp430/4.7.2/../../../../msp430/lib/mmpy-16/libc.a(vuprintf.o)
 *(.near.rodata .near.rodata.*)
                0x0000eace                . = ALIGN (0x2)
                0x0000eace                _etext = .

.data           0x00001100      0x144 load address 0x0000eace
                0x00001100                . = ALIGN (0x2)
                0x00001100                __data_start = .
 *(.data .data.* .gnu.linkonce.d.*)
 .data          0x00001100        0xa border-router.o
                0x00001100                contiki_ng_br
 .data          0x0000110a        0x2 build/sky/contiki-ng-sky.a(msp430.o)
 .data          0x0000110c        0xa build/sky/contiki-ng-sky.a(etimer.o)
                0x0000110c                etimer_process
 .data          0x00001116       0x50 build/sky/contiki-ng-sky.a(log.o)
                0x00001116                all_modules
                0x00001164                curr_log_level_main
 .data          0x00001166        0xa build/sky/contiki-ng-sky.a(ctimer.o)
                0x00001166                ctimer_process
 .data          0x00001170       0x10 build/sky/contiki-ng-sky.a(queuebuf.o)
 .data          0x00001180       0x18 build/sky/contiki-ng-sky.a(csma-output.o)
 .data          0x00001198        0x8 build/sky/contiki-ng-sky.a(uip-ds6-route.o)
 .data          0x000011a0        0x8 build/sky/contiki-ng-sky.a(uip-ds6-nbr.o)
 .data          0x000011a8        0xa build/sky/contiki-ng-sky.a(tcpip.o)
                0x000011a8                tcpip_process
 .data          0x000011b2        0x6 build/sky/contiki-ng-sky.a(uip-nd6.o)
 .data          0x000011b8       0x18 build/sky/contiki-ng-sky.a(rpl-icmp6.o)
 .data          0x000011d0        0xa build/sky/contiki-ng-sky.a(border-router-e)
                0x000011d0                border_router_process
 .data          0x000011da        0x4 build/sky/contiki-ng-sky.a(contiki-sky-pla)
                0x000011da                sensors
 .data          0x000011de        0xa build/sky/contiki-ng-sky.a(sensors.o)
                0x000011de                sensors_process
 .data          0x000011e8        0xc build/sky/contiki-ng-sky.a(cc2420.o)
                0x000011e8                cc2420_process
 .data          0x000011f4        0xa build/sky/contiki-ng-sky.a(slip.o)
                0x000011f4                slip_process
 .data          0x000011fe        0x8 build/sky/contiki-ng-sky.a(nbr-table.o)
 .data          0x00001206        0x8 build/sky/contiki-ng-sky.a(link-stats.o)
 .data          0x0000120e        0x2 build/sky/contiki-ng-sky.a(frame802154.o)
 .data          0x00001210        0xc build/sky/contiki-ng-sky.a(uip-icmp6.o)
 .data          0x0000121c        0x8 build/sky/contiki-ng-sky.a(uip-sr.o)
 .data          0x00001224        0xa build/sky/contiki-ng-sky.a(rpl-neighbor.o)
                0x00001224                rpl_neighbors
 .data          0x0000122e       0x12 build/sky/contiki-ng-sky.a(rpl-mrhof.o)
                0x0000122e                rpl_mrhof
 .data.next     0x00001240        0x4 /usr/local/bin/../lib/gcc/msp430/4.7.2/../../../../msp430/lib/mmpy-16/libc.a(rand.o)
 *(.near.data .near.data.*)
                0x00001244                . = ALIGN (0x2)
                0x00001244                _edata = .
                0x0000eace                __data_load_start = LOADADDR (.data)
                0x00000144                __data_size = SIZEOF (.data)

.bss            0x00001244     0x179a load address 0x0000ec12
                0x00001244                __bss_start = .
 *(.bss .bss.*)
 .bss           0x00001244        0x1 build/sky/contiki-ng-sky.a(uart1-putchar.o)
 *fill*         0x00001245        0x1 00
 .bss           0x00001246        0x8 build/sky/contiki-ng-sky.a(platform.o)
 .bss           0x0000124e        0xa build/sky/contiki-ng-sky.a(clock.o)
 .bss           0x00001258        0x2 build/sky/contiki-ng-sky.a(watchdog.o)
 .bss           0x0000125a        0x6 build/sky/contiki-ng-sky.a(etimer.o)
 .bss           0x00001260       0x16 build/sky/contiki-ng-sky.a(log.o)
                0x00001260                curr_log_level_lwm2m
                0x00001262                curr_log_level_snmp
                0x00001264                curr_log_level_coap
                0x00001266                curr_log_level_6top
                0x00001268                curr_log_level_framer
                0x0000126a                curr_log_level_mac
                0x0000126c                curr_log_level_nullnet
                0x0000126e                curr_log_level_6lowpan
                0x00001270                curr_log_level_ipv6
                0x00001272                curr_log_level_tcpip
                0x00001274                curr_log_level_rpl
 .bss           0x00001276        0x4 build/sky/contiki-ng-sky.a(ctimer.o)
 .bss           0x0000127a        0x2 build/sky/contiki-ng-sky.a(rtimer.o)
 .bss           0x0000127c        0x2 build/sky/contiki-ng-sky.a(node-id.o)
                0x0000127c                node_id
 .bss           0x0000127e       0xc8 build/sky/contiki-ng-sky.a(process.o)
                0x0000127e                process_current
                0x00001280                process_list
 .bss           0x00001346      0x2c0 build/sky/contiki-ng-sky.a(queuebuf.o)
 .bss           0x00001606       0x86 build/sky/contiki-ng-sky.a(packetbuf.o)
 .bss           0x0000168c        0x2 build/sky/contiki-ng-sky.a(netstack.o)
 .bss           0x0000168e       0x86 build/sky/contiki-ng-sky.a(csma-output.o)
 .bss           0x00001714       0x28 build/sky/contiki-ng-sky.a(uip-ds6.o)
 .bss           0x0000173c       0x3c build/sky/contiki-ng-sky.a(uip-ds6-route.o)
 .bss           0x00001778      0x120 build/sky/contiki-ng-sky.a(uip-ds6-nbr.o)
 .bss           0x00001898        0xc build/sky/contiki-ng-sky.a(tcpip.o)
 .bss           0x000018a4        0x8 build/sky/contiki-ng-sky.a(uip6.o)
                0x000018a4                uip_last_proto
                0x000018a6                uip_ext_len
                0x000018a8                uip_ext_bitmap
 .bss           0x000018ac        0x8 build/sky/contiki-ng-sky.a(uip-nd6.o)
 .bss           0x000018b4      0x6e0 build/sky/contiki-ng-sky.a(sicslowpan.o)
 .bss           0x00001f94        0x1 build/sky/contiki-ng-sky.a(rpl.o)
 *fill*         0x00001f95        0x1 00
 .bss           0x00001f96       0x12 build/sky/contiki-ng-sky.a(rpl-dag-root.o)
 .bss           0x00001fa8       0x10 build/sky/contiki-ng-sky.a(slip-bridge.o)
 .bss           0x00001fb8        0xc build/sky/contiki-ng-sky.a(border-router-e)
 .bss           0x00001fc4        0x8 build/sky/contiki-ng-sky.a(button-sensor.o)
 .bss           0x00001fcc        0x6 build/sky/contiki-ng-sky.a(sensors.o)
 .bss           0x00001fd2       0x10 build/sky/contiki-ng-sky.a(cc2420.o)
 .bss           0x00001fe2       0x9a build/sky/contiki-ng-sky.a(uart1.o)
 .bss           0x0000207c       0xa8 build/sky/contiki-ng-sky.a(slip.o)
 .bss           0x00002124       0xe4 build/sky/contiki-ng-sky.a(nbr-table.o)
 .bss           0x00002208       0xa0 build/sky/contiki-ng-sky.a(link-stats.o)
 .bss           0x000022a8       0xe0 build/sky/contiki-ng-sky.a(mac-sequence.o)
 .bss           0x00002388        0x2 build/sky/contiki-ng-sky.a(framer-802154.o)
 .bss           0x0000238a       0x18 build/sky/contiki-ng-sky.a(uipbuf.o)
 .bss           0x000023a2       0x14 build/sky/contiki-ng-sky.a(uip-icmp6.o)
 .bss           0x000023b6      0x134 build/sky/contiki-ng-sky.a(uip-sr.o)
 .bss           0x000024ea       0x80 build/sky/contiki-ng-sky.a(rpl-neighbor.o)
 .bss           0x0000256a       0x28 build/sky/contiki-ng-sky.a(rpl-timers.o)
 .bss           0x00002592        0x8 build/sky/contiki-ng-sky.a(rpl-nbr-policy.)
 .bss.destination_
                0x0000259a        0x2 /usr/local/bin/../lib/gcc/msp430/4.7.2/../../../../msp430/lib/mmpy-16/libc.a(sprintf.o)
 .bss.available_
                0x0000259c        0x2 /usr/local/bin/../lib/gcc/msp430/4.7.2/../../../../msp430/lib/mmpy-16/libc.a(sprintf.o)
 *(.near.bss .near.bss.*)
 *(COMMON)
 COMMON         0x0000259e        0x2 build/sky/contiki-ng-sky.a(msp430.o)
                0x0000259e                msp430_dco_required