Archive member included to satisfy reference by file (symbol)

build/native/contiki-ng-native.a(webserver.o)
                              border-router.o (webserver_nogui_process)
build/native/contiki-ng-native.a(contiki-main.o)
                              /usr/lib/gcc/i686-linux-gnu/7/../../../i386-linux-gnu/Scrt1.o (main)
build/native/contiki-ng-native.a(autostart.o)
                              build/native/contiki-ng-native.a(contiki-main.o) (autostart_start)
build/native/contiki-ng-native.a(energest.o)
                              build/native/contiki-ng-native.a(contiki-main.o) (energest_init)
build/native/contiki-ng-native.a(etimer.o)
                              build/native/contiki-ng-native.a(contiki-main.o) (etimer_process)
build/native/contiki-ng-native.a(log.o)
                              build/native/contiki-ng-native.a(contiki-main.o) (log_6addr)
build/native/contiki-ng-native.a(ctimer.o)
                              build/native/contiki-ng-native.a(contiki-main.o) (ctimer_init)
build/native/contiki-ng-native.a(rtimer.o)
                              build/native/contiki-ng-native.a(contiki-main.o) (rtimer_init)
build/native/contiki-ng-native.a(node-id.o)
                              build/native/contiki-ng-native.a(contiki-main.o) (node_id_init)
build/native/contiki-ng-native.a(process.o)
                              build/native/contiki-ng-native.a(etimer.o) (process_current)
build/native/contiki-ng-native.a(timer.o)
                              build/native/contiki-ng-native.a(etimer.o) (timer_set)
build/native/contiki-ng-native.a(list.o)
                              build/native/contiki-ng-native.a(ctimer.o) (list_init)
build/native/contiki-ng-native.a(queuebuf.o)
                              build/native/contiki-ng-native.a(contiki-main.o) (queuebuf_init)
build/native/contiki-ng-native.a(packetbuf.o)
                              build/native/contiki-ng-native.a(queuebuf.o) (packetbuf_copyto)
build/native/contiki-ng-native.a(netstack.o)
                              build/native/contiki-ng-native.a(contiki-main.o) (netstack_init)
build/native/contiki-ng-native.a(linkaddr.o)
                              build/native/contiki-ng-native.a(packetbuf.o) (linkaddr_copy)
build/native/contiki-ng-native.a(uip-sr.o)
                              build/native/contiki-ng-native.a(webserver.o) (uip_sr_num_nodes)
build/native/contiki-ng-native.a(uip-ds6.o)
                              build/native/contiki-ng-native.a(contiki-main.o) (uip_ds6_get_link_local)
build/native/contiki-ng-native.a(uip-ds6-route.o)
                              build/native/contiki-ng-native.a(uip-ds6.o) (uip_ds6_route_init)
build/native/contiki-ng-native.a(psock.o)
                              build/native/contiki-ng-native.a(webserver.o) (psock_send)
build/native/contiki-ng-native.a(uip-ds6-nbr.o)
                              build/native/contiki-ng-native.a(uip-ds6.o) (uip_ds6_neighbors_init)
build/native/contiki-ng-native.a(tcpip.o)
                              build/native/contiki-ng-native.a(contiki-main.o) (tcpip_process)
build/native/contiki-ng-native.a(uip6.o)
                              build/native/contiki-ng-native.a(tcpip.o) (uip_aligned_buf)
build/native/contiki-ng-native.a(uip-nd6.o)
                              build/native/contiki-ng-native.a(uip6.o) (uip_nd6_init)
build/native/contiki-ng-native.a(sicslowpan.o)
                              build/native/contiki-ng-native.a(contiki-main.o) (sicslowpan_driver)
build/native/contiki-ng-native.a(uiplib.o)
                              build/native/contiki-ng-native.a(log.o) (uiplib_ipaddr_snprint)
build/native/contiki-ng-native.a(rpl.o)
                              build/native/contiki-ng-native.a(webserver.o) (rpl_lite_driver)
build/native/contiki-ng-native.a(rpl-icmp6.o)
                              build/native/contiki-ng-native.a(rpl.o) (rpl_icmp6_init)
build/native/contiki-ng-native.a(rpl-dag-root.o)
                              build/native/contiki-ng-native.a(rpl.o) (rpl_dag_root_set_prefix)
build/native/contiki-ng-native.a(tun-bridge.o)
                              build/native/contiki-ng-native.a(tcpip.o) (rpl_interface)
build/native/contiki-ng-native.a(slip-dev.o)
                              build/native/contiki-ng-native.a(tun-bridge.o) (slip_init)
build/native/contiki-ng-native.a(slip-config.o)
                              build/native/contiki-ng-native.a(slip-dev.o) (slip_config_verbose)
build/native/contiki-ng-native.a(border-router-m)
                              build/native/contiki-ng-native.a(contiki-main.o) (border_router_mac_driver)
build/native/contiki-ng-native.a(border-router-c)
                              build/native/contiki-ng-native.a(slip-dev.o) (command_context)
build/native/contiki-ng-native.a(cmd.o)
                              build/native/contiki-ng-native.a(slip-dev.o) (cmd_input)
build/native/contiki-ng-native.a(packetutils.o)
[...]
Memory Configuration

Name             Origin             Length             Attributes
*default*        0x0000000000000000 0xffffffffffffffff

Linker script and memory map

LOAD /usr/lib/gcc/i686-linux-gnu/7/../../../i386-linux-gnu/Scrt1.o
LOAD /usr/lib/gcc/i686-linux-gnu/7/../../../i386-linux-gnu/crti.o
LOAD /usr/lib/gcc/i686-linux-gnu/7/crtbeginS.o
LOAD border-router.o
LOAD build/native/contiki-ng-native.a
LOAD /usr/lib/gcc/i686-linux-gnu/7/../../../i386-linux-gnu/librt.so
LOAD /usr/lib/gcc/i686-linux-gnu/7/libgcc.a
LOAD /usr/lib/gcc/i686-linux-gnu/7/libgcc_s.so
START GROUP
LOAD /usr/lib/gcc/i686-linux-gnu/7/libgcc_s.so.1
LOAD /usr/lib/gcc/i686-linux-gnu/7/libgcc.a
END GROUP
LOAD /usr/lib/gcc/i686-linux-gnu/7/../../../i386-linux-gnu/libc.so
START GROUP
LOAD /lib/i386-linux-gnu/libc.so.6
LOAD /usr/lib/i386-linux-gnu/libc_nonshared.a
LOAD /lib/i386-linux-gnu/ld-linux.so.2
END GROUP
LOAD /usr/lib/gcc/i686-linux-gnu/7/libgcc.a
LOAD /usr/lib/gcc/i686-linux-gnu/7/libgcc_s.so
START GROUP
LOAD /usr/lib/gcc/i686-linux-gnu/7/libgcc_s.so.1
LOAD /usr/lib/gcc/i686-linux-gnu/7/libgcc.a
END GROUP
LOAD /usr/lib/gcc/i686-linux-gnu/7/crtendS.o
LOAD /usr/lib/gcc/i686-linux-gnu/7/../../../i386-linux-gnu/crtn.o
                [!provide]                        PROVIDE (__executable_start = SEGMENT_START ("text-segment", 0x0))
                0x0000000000000154                . = (SEGMENT_START ("text-segment", 0x0) + SIZEOF_HEADERS)

.interp         0x0000000000000154       0x13
 *(.interp)
 .interp        0x0000000000000154       0x13 /usr/lib/gcc/i686-linux-gnu/7/../../../i386-linux-gnu/Scrt1.o

.note.ABI-tag   0x0000000000000168       0x20
 .note.ABI-tag  0x0000000000000168       0x20 /usr/lib/gcc/i686-linux-gnu/7/../../../i386-linux-gnu/Scrt1.o

.note.gnu.build-id
                0x0000000000000188       0x24
 *(.note.gnu.build-id)
 .note.gnu.build-id
                0x0000000000000188       0x24 /usr/lib/gcc/i686-linux-gnu/7/../../../i386-linux-gnu/Scrt1.o

.hash
 *(.hash)

.gnu.hash       0x00000000000001ac     0x137c
 *(.gnu.hash)
 .gnu.hash      0x00000000000001ac     0x137c /usr/lib/gcc/i686-linux-gnu/7/../../../i386-linux-gnu/Scrt1.o

.dynsym         0x0000000000001528     0x29c0
 *(.dynsym)
 .dynsym        0x0000000000001528     0x29c0 /usr/lib/gcc/i686-linux-gnu/7/../../../i386-linux-gnu/Scrt1.o

.dynstr         0x0000000000003ee8     0x2d53
 *(.dynstr)
 .dynstr        0x0000000000003ee8     0x2d53 /usr/lib/gcc/i686-linux-gnu/7/../../../i386-linux-gnu/Scrt1.o

.gnu.version    0x0000000000006c3c      0x538
 *(.gnu.version)
 .gnu.version   0x0000000000006c3c      0x538 /usr/lib/gcc/i686-linux-gnu/7/../../../i386-linux-gnu/Scrt1.o

.gnu.version_d  0x0000000000007174        0x0
 *(.gnu.version_d)
 .gnu.version_d
                0x0000000000007174        0x0 /usr/lib/gcc/i686-linux-gnu/7/../../../i386-linux-gnu/Scrt1.o

.gnu.version_r  0x0000000000007174       0xa0
 *(.gnu.version_r)
 .gnu.version_r
                0x0000000000007174       0xa0 /usr/lib/gcc/i686-linux-gnu/7/../../../i386-linux-gnu/Scrt1.o

.rel.dyn        0x0000000000007214      0x680
 *(.rel.init)
 *(.rel.text .rel.text.* .rel.gnu.linkonce.t.*)
 *(.rel.fini)
 *(.rel.rodata .rel.rodata.* .rel.gnu.linkonce.r.*)
 *(.rel.data.rel.ro .rel.data.rel.ro.* .rel.gnu.linkonce.d.rel.ro.*)
 .rel.data.rel.ro
                0x0000000000007214       0xb0 /usr/lib/gcc/i686-linux-gnu/7/../../../i386-linux-gnu/Scrt1.o
 .rel.data.rel.ro.local
                0x00000000000072c4      0x290 /usr/lib/gcc/i686-linux-gnu/7/../../../i386-linux-gnu/Scrt1.o
 *(.rel.data .rel.data.* .rel.gnu.linkonce.d.*)
 .rel.data.rel.local
                0x0000000000007554      0x278 /usr/lib/gcc/i686-linux-gnu/7/../../../i386-linux-gnu/Scrt1.o
 *(.rel.tdata .rel.tdata.* .rel.gnu.linkonce.td.*)
 *(.rel.tbss .rel.tbss.* .rel.gnu.linkonce.tb.*)
 *(.rel.ctors)
 *(.rel.dtors)
 *(.rel.got)
 .rel.got       0x00000000000077cc       0xb8 /usr/lib/gcc/i686-linux-gnu/7/../../../i386-linux-gnu/Scrt1.o
 *(.rel.bss .rel.bss.* .rel.gnu.linkonce.b.*)
 .rel.bss       0x0000000000007884        0x0 /usr/lib/gcc/i686-linux-gnu/7/../../../i386-linux-gnu/Scrt1.o
 *(.rel.ifunc)
 .rel.ifunc     0x0000000000007884        0x0 /usr/lib/gcc/i686-linux-gnu/7/../../../i386-linux-gnu/Scrt1.o
 .rel.fini_array
                0x0000000000007884        0x8 /usr/lib/gcc/i686-linux-gnu/7/../../../i386-linux-gnu/Scrt1.o
 .rel.init_array
                0x000000000000788c        0x8 /usr/lib/gcc/i686-linux-gnu/7/../../../i386-linux-gnu/Scrt1.o

.rel.plt        0x0000000000007894      0x208
 *(.rel.plt)
 .rel.plt       0x0000000000007894      0x208 /usr/lib/gcc/i686-linux-gnu/7/../../../i386-linux-gnu/Scrt1.o
                [!provide]                        PROVIDE (__rel_iplt_start = .)
 *(.rel.iplt)
                [!provide]                        PROVIDE (__rel_iplt_end = .)

.init           0x0000000000007a9c       0x23
 *(SORT_NONE(.init))
 .init          0x0000000000007a9c       0x1e /usr/lib/gcc/i686-linux-gnu/7/../../../i386-linux-gnu/crti.o
                0x0000000000007a9c                _init
 .init          0x0000000000007aba        0x5 /usr/lib/gcc/i686-linux-gnu/7/../../../i386-linux-gnu/crtn.o

.plt            0x0000000000007ac0      0x420
 *(.plt)
 .plt           0x0000000000007ac0      0x420 /usr/lib/gcc/i686-linux-gnu/7/../../../i386-linux-gnu/Scrt1.o
 *(.iplt)

.plt.got        0x0000000000007ee0       0x10
 *(.plt.got)
 .plt.got       0x0000000000007ee0       0x10 /usr/lib/gcc/i686-linux-gnu/7/../../../i386-linux-gnu/Scrt1.o

.plt.sec
 *(.plt.sec)

.text           0x0000000000007ef0    0x17704
 *(.text.unlikely .text.*_unlikely .text.unlikely.*)
 .text.unlikely
                0x0000000000007ef0      0x111 build/native/contiki-ng-native.a(uip6.o)
 *(.text.exit .text.exit.*)
 *(.text.startup .text.startup.*)
 *fill*         0x0000000000008001        0xf 
 .text.startup  0x0000000000008010      0x342 build/native/contiki-ng-native.a(contiki-main.o)
                0x0000000000008010                main
 *(.text.hot .text.hot.*)
 *(.text .stub .text.* .gnu.linkonce.t.*)
 .text          0x0000000000008352       0x36 /usr/lib/gcc/i686-linux-gnu/7/../../../i386-linux-gnu/Scrt1.o
                0x0000000000008352                _start
 .text          0x0000000000008388        0x0 /usr/lib/gcc/i686-linux-gnu/7/../../../i386-linux-gnu/crti.o
 *fill*         0x0000000000008388        0x8 
 .gnu.linkonce.t.__x86.get_pc_thunk.bx
                0x0000000000008390        0x4 /usr/lib/gcc/i686-linux-gnu/7/../../../i386-linux-gnu/crti.o
                0x0000000000008390                __x86.get_pc_thunk.bx
 *fill*         0x0000000000008394        0xc 
 .text          0x00000000000083a0       0xe9 /usr/lib/gcc/i686-linux-gnu/7/crtbeginS.o
 .text.__x86.get_pc_thunk.dx
                0x0000000000008489        0x4 /usr/lib/gcc/i686-linux-gnu/7/crtbeginS.o
                0x0000000000008489                __x86.get_pc_thunk.dx
 *fill*         0x000000000000848d        0x3 
 .text          0x0000000000008490       0x68 border-router.o
 *fill*         0x00000000000084f8        0x8 
 .text          0x0000000000008500      0x7b1 build/native/contiki-ng-native.a(webserver.o)
                0x0000000000008ca0                httpd_simple_get_script
 .text.__x86.get_pc_thunk.ax
                0x0000000000008cb1        0x4 build/native/contiki-ng-native.a(webserver.o)
                0x0000000000008cb1                __x86.get_pc_thunk.ax
 .text          0x0000000000008cb5        0x0 build/native/contiki-ng-native.a(contiki-main.o)
 *fill*         0x0000000000008cb5        0xb 
 .text          0x0000000000008cc0       0x7c build/native/contiki-ng-native.a(autostart.o)
                0x0000000000008cc0                autostart_start
                0x0000000000008d00                autostart_exit
 *fill*         0x0000000000008d3c        0x4 
 .text          0x0000000000008d40       0x25 build/native/contiki-ng-native.a(energest.o)
                0x0000000000008d40                energest_init
                0x0000000000008d50                energest_flush
                0x0000000000008d60                energest_get_total_time
 *fill*         0x0000000000008d65        0xb 
 .text          0x0000000000008d70      0x4b1 build/native/contiki-ng-native.a(etimer.o)
                0x0000000000009010                etimer_request_poll
                0x0000000000009030                etimer_set
                0x0000000000009060                etimer_reset_with_new_interval
                0x0000000000009090                etimer_reset
                0x00000000000090c0                etimer_restart
                0x00000000000090f0                etimer_adjust
                0x0000000000009130                etimer_expired
                0x0000000000009140                etimer_expiration_time
                0x0000000000009150                etimer_start_time
                0x0000000000009160                etimer_pending
                0x0000000000009180                etimer_next_expiration_time
                0x00000000000091a0                etimer_stop
 *fill*         0x0000000000009221        0xf 
 .text          0x0000000000009230      0x3e7 build/native/contiki-ng-native.a(log.o)
                0x0000000000009230                log_6addr
                0x0000000000009290                log_6addr_compact_snprint
                0x0000000000009330                log_6addr_compact
                0x0000000000009390                log_lladdr
                0x0000000000009430                log_lladdr_compact
                0x00000000000094b0                log_set_level
                0x0000000000009530                log_get_level
                0x00000000000095a0                log_level_to_str
 *fill*         0x0000000000009617        0x9 
 .text          0x0000000000009620      0x398 build/native/contiki-ng-native.a(ctimer.o)
                0x0000000000009730                ctimer_init
                0x0000000000009770                ctimer_set_with_process
                0x00000000000097f0                ctimer_set
                0x0000000000009820                ctimer_reset
                0x0000000000009880                ctimer_restart
                0x00000000000098e0                ctimer_stop
                0x0000000000009940                ctimer_expired
 *fill*         0x00000000000099b8        0x8 
 .text          0x00000000000099c0       0xcc build/native/contiki-ng-native.a(rtimer.o)
                0x00000000000099c0                rtimer_init
                0x00000000000099e0                rtimer_set
                0x0000000000009a40                rtimer_run_next
 *fill*         0x0000000000009a8c        0x4 
 .text          0x0000000000009a90       0x26 build/native/contiki-ng-native.a(node-id.o)
                0x0000000000009a90                node_id_init
 *fill*         0x0000000000009ab6        0xa 
 .text          0x0000000000009ac0      0x4cf build/native/contiki-ng-native.a(process.o)
                0x0000000000009c90                process_alloc_event
                0x0000000000009cb0                process_start
                0x0000000000009d20                process_exit
                0x0000000000009d40                process_init
                0x0000000000009d80                process_run
                0x0000000000009e80                process_nevents
                0x0000000000009ea0                process_post
                0x0000000000009f00                process_post_synch
                0x0000000000009f40                process_poll
                0x0000000000009f80                process_is_running
 .text.__x86.get_pc_thunk.cx
                0x0000000000009f8f        0x4 build/native/contiki-ng-native.a(process.o)
                0x0000000000009f8f                __x86.get_pc_thunk.cx
 .text.__x86.get_pc_thunk.di
                0x0000000000009f93        0x4 build/native/contiki-ng-native.a(process.o)
                0x0000000000009f93                __x86.get_pc_thunk.di
 *fill*         0x0000000000009f97        0x9 
 .text          0x0000000000009fa0       0xe8 build/native/contiki-ng-native.a(timer.o)
                0x0000000000009fa0                timer_set
                0x0000000000009fd0                timer_reset
                0x000000000000a010                timer_restart
                0x000000000000a030                timer_expired
                0x000000000000a060                timer_remaining
 *fill*         0x000000000000a088        0x8 
 .text          0x000000000000a090      0x303 build/native/contiki-ng-native.a(list.o)
                0x000000000000a090                list_init
                0x000000000000a0a0                list_head
                0x000000000000a0b0                list_copy
                0x000000000000a0c0                list_tail
                0x000000000000a0e0                list_add
                0x000000000000a150                list_push
                0x000000000000a1b0                list_chop
                0x000000000000a1f0                list_pop
                0x000000000000a200                list_remove
                0x000000000000a260                list_length
                0x000000000000a290                list_insert
                0x000000000000a340                list_item_next
                0x000000000000a360                list_contains
 *fill*         0x000000000000a393        0xd 
 .text          0x000000000000a3a0      0x282 build/native/contiki-ng-native.a(queuebuf.o)
                0x000000000000a3a0                queuebuf_init
                0x000000000000a3d0                queuebuf_numfree
                0x000000000000a3f0                queuebuf_new_from_packetbuf
                0x000000000000a480                queuebuf_update_attr_from_packetbuf
                0x000000000000a4b0                queuebuf_update_from_packetbuf
                0x000000000000a4f0                queuebuf_free
                0x000000000000a540                queuebuf_to_packetbuf
                0x000000000000a5a0                queuebuf_dataptr
                0x000000000000a5e0                queuebuf_datalen
                0x000000000000a5f0                queuebuf_addr
                0x000000000000a600                queuebuf_attr
                0x000000000000a620                queuebuf_debug_print
 *fill*         0x000000000000a622        0xe 
 .text          0x000000000000a630      0x589 build/native/contiki-ng-native.a(packetbuf.o)
                0x000000000000a630                packetbuf_copyto
                0x000000000000a720                packetbuf_hdralloc
                0x000000000000a7a0                packetbuf_hdrreduce
                0x000000000000a7e0                packetbuf_set_datalen
                0x000000000000a800                packetbuf_dataptr
                0x000000000000a830                packetbuf_hdrptr
                0x000000000000a850                packetbuf_datalen
                0x000000000000a870                packetbuf_hdrlen
                0x000000000000a890                packetbuf_totlen
                0x000000000000a8c0                packetbuf_remaininglen
                0x000000000000a8f0                packetbuf_attr_clear
                0x000000000000a960                packetbuf_clear
                0x000000000000a990                packetbuf_copyfrom
                0x000000000000aa00                packetbuf_attr_copyto
                0x000000000000aa70                packetbuf_attr_copyfrom
                0x000000000000aae0                packetbuf_set_attr
                0x000000000000ab10                packetbuf_attr
                0x000000000000ab30                packetbuf_set_addr
                0x000000000000ab70                packetbuf_addr
                0x000000000000ab90                packetbuf_holds_broadcast
 *fill*         0x000000000000abb9        0x7 
 .text          0x000000000000abc0      0x11f build/native/contiki-ng-native.a(netstack.o)
                0x000000000000abc0                netstack_process_ip_callback
                0x000000000000ac50                netstack_ip_packet_processor_add
                0x000000000000ac80                uip_ds6_ip_packet_processor_rm
                0x000000000000acb0                netstack_init
 *fill*         0x000000000000acdf        0x1 
 .text          0x000000000000ace0       0x71 build/native/contiki-ng-native.a(linkaddr.o)
                0x000000000000ace0                linkaddr_copy
                0x000000000000ad00                linkaddr_cmp
                0x000000000000ad30                linkaddr_set_node_addr
 *fill*         0x000000000000ad51        0xf 
 .text          0x000000000000ad60      0x695 build/native/contiki-ng-native.a(uip-sr.o)
                0x000000000000ade0                uip_sr_num_nodes
                0x000000000000ae00                uip_sr_get_node
                0x000000000000ae80                uip_sr_is_addr_reachable
                0x000000000000af20                uip_sr_expire_parent
                0x000000000000af80                uip_sr_update_node
                0x000000000000b0a0                uip_sr_init
                0x000000000000b0e0                uip_sr_node_head
                0x000000000000b100                uip_sr_node_next
                0x000000000000b120                uip_sr_periodic
                0x000000000000b200                uip_sr_free_all
                0x000000000000b270                uip_sr_link_snprint
 *fill*         0x000000000000b3f5        0xb 
 .text          0x000000000000b400      0xcea build/native/contiki-ng-native.a(uip-ds6.o)
                0x000000000000b4c0                uip_ds6_default_prefix
                0x000000000000b4e0                uip_ds6_set_default_prefix
                0x000000000000b520                uip_ds6_list_loop
                0x000000000000b5a0                uip_ds6_prefix_add
                0x000000000000b650                uip_ds6_prefix_rm
                0x000000000000b660                uip_ds6_prefix_lookup
                0x000000000000b6c0                uip_ds6_is_addr_onlink
                0x000000000000b740                uip_ds6_addr_lookup
                0x000000000000b7a0                uip_ds6_get_link_local
                0x000000000000b820                uip_ds6_get_global
                0x000000000000b8a0                uip_ds6_maddr_add
                0x000000000000b920                uip_ds6_addr_add
                0x000000000000ba40                uip_ds6_maddr_rm
                0x000000000000ba50                uip_ds6_maddr_lookup
                0x000000000000bb30                uip_ds6_addr_rm
                0x000000000000bb50                uip_ds6_periodic
                0x000000000000bbe0                uip_ds6_aaddr_add
                0x000000000000bc60                uip_ds6_aaddr_rm
                0x000000000000bc70                uip_ds6_aaddr_lookup
                0x000000000000bcd0                uip_ds6_select_src
                0x000000000000be50                uip_ds6_set_addr_iid
                0x000000000000be70                uip_ds6_set_lladdr_from_iid
                0x000000000000be90                get_match_length
                0x000000000000bee0                uip_ds6_compute_reachable_time
                0x000000000000bf30                uip_ds6_init
 .text.__x86.get_pc_thunk.si
                0x000000000000c0ea        0x4 build/native/contiki-ng-native.a(uip-ds6.o)
                0x000000000000c0ea                __x86.get_pc_thunk.si
 .text.__x86.get_pc_thunk.bp
                0x000000000000c0ee        0x4 build/native/contiki-ng-native.a(uip-ds6.o)
                0x000000000000c0ee                __x86.get_pc_thunk.bp
 *fill*         0x000000000000c0f2        0xe 
 .text          0x000000000000c100      0x389 build/native/contiki-ng-native.a(uip-ds6-route.o)
                0x000000000000c100                uip_ds6_route_init
                0x000000000000c130                uip_ds6_route_nexthop
                0x000000000000c140                uip_ds6_route_head
                0x000000000000c150                uip_ds6_route_next
                0x000000000000c160                uip_ds6_route_is_nexthop
                0x000000000000c170                uip_ds6_route_num_routes
                0x000000000000c180                uip_ds6_route_lookup
                0x000000000000c190                uip_ds6_route_add
                0x000000000000c1a0                uip_ds6_route_rm
                0x000000000000c1b0                uip_ds6_route_rm_by_nexthop
                0x000000000000c1c0                uip_ds6_defrt_head
                0x000000000000c1e0                uip_ds6_defrt_rm
                0x000000000000c250                uip_ds6_defrt_lookup
                0x000000000000c2d0                uip_ds6_defrt_add
                0x000000000000c3a0                uip_ds6_defrt_choose
                0x000000000000c410                uip_ds6_defrt_periodic
 *fill*         0x000000000000c489        0x7 
 .text          0x000000000000c490      0x54a build/native/contiki-ng-native.a(psock.o)
                0x000000000000c490                psock_send
                0x000000000000c5d0                psock_generator_send
                0x000000000000c6b0                psock_datalen
                0x000000000000c6c0                psock_newdata
                0x000000000000c700                psock_readto
                0x000000000000c820                psock_readbuf_len
                0x000000000000c9b0                psock_init
 *fill*         0x000000000000c9da        0x6 
 .text          0x000000000000c9e0      0x412 build/native/contiki-ng-native.a(uip-ds6-nbr.o)
                0x000000000000ca20                uip_ds6_nbr_rm
                0x000000000000ca40                uip_ds6_neighbors_init
                0x000000000000ca70                uip_ds6_nbr_add
                0x000000000000caf0                uip_ds6_nbr_update_ll
                0x000000000000cbf0                uip_ds6_nbr_get_ipaddr
                0x000000000000cc00                uip_ds6_nbr_get_ll
                0x000000000000cc30                uip_ds6_nbr_num
                0x000000000000cc80                uip_ds6_nbr_head
                0x000000000000cca0                uip_ds6_nbr_next
                0x000000000000ccd0                uip_ds6_nbr_lookup
                0x000000000000cd40                uip_ds6_nbr_ll_lookup
                0x000000000000cd70                uip_ds6_nbr_ipaddr_from_lladdr
                0x000000000000cda0                uip_ds6_nbr_lladdr_from_ipaddr
                0x000000000000cdf0                uip_ds6_link_callback
 *fill*         0x000000000000cdf2        0xe 
 .text          0x000000000000ce00      0xa15 build/native/contiki-ng-native.a(tcpip.o)
                0x000000000000ce40                tcpip_output
                0x000000000000ce90                tcp_connect
                0x000000000000cef0                tcp_unlisten
                0x000000000000cf50                tcp_listen
                0x000000000000cfb0                tcp_attach
                0x000000000000cfe0                udp_attach
                0x000000000000d010                udp_new
                0x000000000000d050                udp_broadcast_new
                0x000000000000d0e0                tcpip_input
                0x000000000000d120                tcpip_ipv6_output
                0x000000000000d720                tcpip_poll_udp
                0x000000000000d750                tcpip_poll_tcp
                0x000000000000d780                tcpip_uipcall
 *fill*         0x000000000000d815        0xb 
 .text          0x000000000000d820     0x1e43 build/native/contiki-ng-native.a(uip6.o)
                0x000000000000d920                uip_add32
                0x000000000000d9c0                uip_chksum
                0x000000000000d9e0                uip_icmp6chksum
                0x000000000000d9f0                uip_tcpchksum
                0x000000000000da00                uip_udpchksum
                0x000000000000da10                uip_init
                0x000000000000dae0                uip_connect
                0x000000000000dc40                uip_remove_ext_hdr
                0x000000000000dd00                uip_udp_new
                0x000000000000de00                uip_unlisten
                0x000000000000de40                uip_listen
                0x000000000000de80                uip_process
                0x000000000000f5a0                uip_htons
                0x000000000000f5b0                uip_htonl
                0x000000000000f5d0                uip_send
 *fill*         0x000000000000f663        0xd 
 .text          0x000000000000f670      0x460 build/native/contiki-ng-native.a(uip-nd6.o)
                0x000000000000fab0                uip_nd6_init
 .text          0x000000000000fad0     0x2341 build/native/contiki-ng-native.a(sicslowpan.o)
                0x000000000000fad0                sicslowpan_init
                0x0000000000011dc0                netstack_sniffer_add
                0x0000000000011de0                netstack_sniffer_remove
                0x0000000000011e00                sicslowpan_get_last_rssi
 *fill*         0x0000000000011e11        0xf 
 .text          0x0000000000011e20      0x519 build/native/contiki-ng-native.a(uiplib.o)
                0x0000000000011e20                uiplib_ip6addrconv
                0x0000000000011fe0                uiplib_ip4addrconv
                0x00000000000120a0                uiplib_ipaddr_snprint
                0x00000000000122e0                uiplib_ipaddr_print
 *fill*         0x0000000000012339        0x7 
 .text          0x0000000000012340      0x565 build/native/contiki-ng-native.a(rpl.o)
                0x0000000000012340                rpl_has_joined
                0x0000000000012370                rpl_is_reachable
                0x00000000000123b0                rpl_get_leaf_only
                0x0000000000012540                rpl_link_callback
                0x00000000000125b0                rpl_lollipop_greater_than
                0x0000000000012600                rpl_get_global_address
                0x00000000000126e0                rpl_reset_prefix
                0x0000000000012750                rpl_set_prefix_from_addr
                0x0000000000012830                rpl_set_prefix
                0x0000000000012890                rpl_set_leaf_only
 *fill*         0x00000000000128a5        0xb 
 .text          0x00000000000128b0      0xcda build/native/contiki-ng-native.a(rpl-icmp6.o)
                0x0000000000012f40                rpl_icmp6_update_nbr_table
                0x0000000000012fa0                rpl_icmp6_dis_output
                0x0000000000012ff0                rpl_icmp6_dio_output
                0x00000000000133c0                rpl_icmp6_dao_output
                0x00000000000134d0                rpl_icmp6_dao_ack_output
                0x0000000000013540                rpl_icmp6_init
 *fill*         0x000000000001358a        0x6 
 .text          0x0000000000013590      0x268 build/native/contiki-ng-native.a(rpl-dag-root.o)
                0x0000000000013640                rpl_dag_root_print_links
                0x00000000000136e0                rpl_dag_root_set_prefix
                0x0000000000013720                rpl_dag_root_start
                0x00000000000137d0                rpl_dag_root_is_root
 *fill*         0x00000000000137f8        0x8 
 .text          0x0000000000013800      0x5d7 build/native/contiki-ng-native.a(tun-bridge.o)
                0x0000000000013810                sigcleanup
                0x0000000000013900                ssystem
                0x0000000000013990                cleanup
                0x00000000000139d0                ifconf
                0x0000000000013a20                devopen
                0x0000000000013a90                tun_alloc
                0x0000000000013b70                tun_init
                0x0000000000013c40                tun_input
 *fill*         0x0000000000013dd7        0x9 
 .text          0x0000000000013de0      0xeaf build/native/contiki-ng-native.a(slip-dev.o)
                0x0000000000013f00                is_sensible_string
                0x0000000000013f60                slip_packet_input
                0x0000000000013fc0                serial_input
                0x00000000000144b0                slip_empty
                0x00000000000144d0                slip_flushbuf
                0x00000000000146b0                write_to_slip
                0x00000000000147e0                slip_init
 *fill*         0x0000000000014c8f        0x1 
 .text          0x0000000000014c90      0x4ce build/native/contiki-ng-native.a(slip-config.o)
                0x0000000000014c90                slip_config_handle_arguments
 *fill*         0x000000000001515e        0x2 
 .text          0x0000000000015160      0x2a3 build/native/contiki-ng-native.a(border-router-m)
                0x0000000000015380                init_sec
                0x0000000000015390                packet_sent
 *fill*         0x0000000000015403        0xd 
 .text          0x0000000000015410      0x5e7 build/native/contiki-ng-native.a(border-router-c)
                0x0000000000015670                border_router_cmd_handler
                0x00000000000159a0                border_router_cmd_output
 *fill*         0x00000000000159f7        0x9 
 .text          0x0000000000015a00       0x81 build/native/contiki-ng-native.a(cmd.o)
                0x0000000000015a00                cmd_input
                0x0000000000015a60                cmd_send
 *fill*         0x0000000000015a81        0xf 
 .text          0x0000000000015a90      0x127 build/native/contiki-ng-native.a(packetutils.o)
                0x0000000000015a90                packetutils_serialize_atts
                0x0000000000015b20                packetutils_deserialize_atts
 *fill*         0x0000000000015bb7        0x9 
 .text          0x0000000000015bc0      0x3a9 build/native/contiki-ng-native.a(shell.o)
                0x0000000000015bc0                shell_output_6addr
                0x0000000000015c40                shell_output_lladdr
                0x0000000000015d80                shell_input
                0x0000000000015f50                shell_init
 *fill*         0x0000000000015f69        0x7 
 .text          0x0000000000015f70     0x1d16 build/native/contiki-ng-native.a(shell-commands.)
                0x0000000000017b30                shell_commands_init
                0x0000000000017b80                shell_command_set_register
                0x0000000000017bb0                shell_command_set_deregister
                0x0000000000017c00                shell_command_lookup
 *fill*         0x0000000000017c86        0xa 
 .text          0x0000000000017c90      0x112 build/native/contiki-ng-native.a(serial-shell.o)
                0x0000000000017d80                serial_shell_init
 *fill*         0x0000000000017da2        0xe 
 .text          0x0000000000017db0      0x53e build/native/contiki-ng-native.a(platform.o)
                0x0000000000017e40                select_set_callback
                0x0000000000017ee0                native_uart_set_input
                0x0000000000017f00                platform_process_args
                0x0000000000017f30                platform_init_stage_one
                0x0000000000017f60                platform_init_stage_two
                0x0000000000017fd0                platform_init_stage_three
                0x0000000000018100                platform_main_loop
                0x0000000000018280                log_message
                0x00000000000182c0                uip_log
 *fill*         0x00000000000182ee        0x2 
 .text          0x00000000000182f0       0xd2 build/native/contiki-ng-native.a(clock.o)
                0x00000000000182f0                clock_time
                0x0000000000018360                clock_seconds
                0x00000000000183b0                clock_delay
                0x00000000000183c0                clock_init
 *fill*         0x00000000000183c2        0xe 
 .text          0x00000000000183d0       0xe3 build/native/contiki-ng-native.a(rtimer-arch.o)
                0x0000000000018400                rtimer_arch_init
                0x0000000000018430                rtimer_arch_schedule
 *fill*         0x00000000000184b3        0xd 
 .text          0x00000000000184c0       0x56 build/native/contiki-ng-native.a(watchdog.o)
                0x00000000000184c0                watchdog_init
                0x00000000000184d0                watchdog_start
                0x00000000000184e0                watchdog_periodic
                0x00000000000184f0                watchdog_stop
                0x0000000000018500                watchdog_reboot
 *fill*         0x0000000000018516        0xa 
 .text          0x0000000000018520      0x53c build/native/contiki-ng-native.a(httpd-simple.o)
                0x00000000000188d0                httpd_appcall
                0x0000000000018a30                httpd_init
 *fill*         0x0000000000018a5c        0x4 
 .text          0x0000000000018a60      0x121 build/native/contiki-ng-native.a(rpl-border-rout)
                0x0000000000018a60                print_local_addresses
                0x0000000000018b30                set_prefix_64
                0x0000000000018b60                rpl_border_router_init
 *fill*         0x0000000000018b81        0xf 
 .text          0x0000000000018b90       0xff build/native/contiki-ng-native.a(stimer.o)
                0x0000000000018b90                stimer_set
                0x0000000000018bc0                stimer_reset
                0x0000000000018bf0                stimer_restart
                0x0000000000018c10                stimer_expired
                0x0000000000018c40                stimer_remaining
                0x0000000000018c70                stimer_elapsed
 *fill*         0x0000000000018c8f        0x1 
 .text          0x0000000000018c90      0x163 build/native/contiki-ng-native.a(memb.o)
                0x0000000000018c90                memb_init
                0x0000000000018ce0                memb_alloc
                0x0000000000018d30                memb_free
                0x0000000000018d90                memb_inmemb
                0x0000000000018dc0                memb_numfree
 *fill*         0x0000000000018df3        0xd 
 .text          0x0000000000018e00       0x39 build/native/contiki-ng-native.a(random.o)
                0x0000000000018e00                random_init
                0x0000000000018e20                random_rand
 *fill*         0x0000000000018e39        0x7 
 .text          0x0000000000018e40      0x3d3 build/native/contiki-ng-native.a(button-hal.o)
                0x0000000000018fb0                button_hal_get_by_id
                0x0000000000018ff0                button_hal_get_by_index
                0x0000000000019030                button_hal_get_state
                0x0000000000019130                button_hal_init
 *fill*         0x0000000000019213        0xd 
 .text          0x0000000000019220      0x20c build/native/contiki-ng-native.a(serial-line.o)
                0x0000000000019360                serial_line_input_byte
                0x00000000000193f0                serial_line_init
 *fill*         0x000000000001942c        0x4 
 .text          0x0000000000019430       0x83 build/native/contiki-ng-native.a(leds.o)
                0x0000000000019430                leds_init
                0x0000000000019440                leds_single_on
                0x0000000000019450                leds_single_off
                0x0000000000019460                leds_single_toggle
                0x0000000000019470                leds_on
                0x0000000000019480                leds_off
                0x0000000000019490                leds_toggle
                0x00000000000194a0                leds_set
                0x00000000000194b0                leds_get
 *fill*         0x00000000000194b3        0xd 
 .text          0x00000000000194c0      0x103 build/native/contiki-ng-native.a(nullradio.o)
 *fill*         0x00000000000195c3        0xd 
 .text          0x00000000000195d0      0x18b build/native/contiki-ng-native.a(gpio-hal.o)
                0x00000000000195d0                gpio_hal_register_handler
                0x0000000000019600                gpio_hal_event_handler
                0x0000000000019660                gpio_hal_init
                0x0000000000019690                gpio_hal_arch_port_toggle_pin
                0x00000000000196c0                gpio_hal_arch_port_toggle_pins
                0x00000000000196f0                gpio_hal_arch_no_port_toggle_pin
                0x0000000000019730                gpio_hal_arch_no_port_toggle_pins
 *fill*         0x000000000001975b        0x5 
 .text          0x0000000000019760      0x79c build/native/contiki-ng-native.a(nbr-table.o)
                0x00000000000197f0                nbr_table_register
                0x0000000000019860                nbr_table_is_registered
                0x0000000000019890                nbr_table_next
                0x0000000000019940                nbr_table_head
                0x00000000000199c0                nbr_table_add_lladdr
                0x0000000000019d30                nbr_table_get_from_lladdr
                0x0000000000019d90                nbr_table_remove
                0x0000000000019e10                nbr_table_lock
                0x0000000000019e60                nbr_table_unlock
                0x0000000000019eb0                nbr_table_get_lladdr
 *fill*         0x0000000000019efc        0x4 
 .text          0x0000000000019f00      0x3fb build/native/contiki-ng-native.a(link-stats.o)
                0x0000000000019f50                link_stats_from_lladdr
                0x0000000000019f80                link_stats_get_lladdr
                0x0000000000019fb0                link_stats_is_fresh
                0x0000000000019ff0                guess_etx_from_rssi
                0x000000000001a050                link_stats_packet_sent
                0x000000000001a1a0                link_stats_input_callback
                0x000000000001a270                link_stats_reset
                0x000000000001a2c0                link_stats_init
 *fill*         0x000000000001a2fb        0x5 
 .text          0x000000000001a300       0x2a build/native/contiki-ng-native.a(mac.o)
                0x000000000001a300                mac_call_sent_callback
 *fill*         0x000000000001a32a        0x6 
 .text          0x000000000001a330      0x407 build/native/contiki-ng-native.a(framer-802154.o)
                0x000000000001a470                framer_802154_setup_params
 *fill*         0x000000000001a737        0x9 
 .text          0x000000000001a740      0x9ac build/native/contiki-ng-native.a(frame802154.o)
                0x000000000001a740                frame802154_get_pan_id
                0x000000000001a760                frame802154_set_pan_id
                0x000000000001a780                frame802154_has_panid
                0x000000000001a9f0                frame802154_check_dest_panid
                0x000000000001aa80                frame802154_is_broadcast_addr
                0x000000000001aac0                frame802154_extract_linkaddr
                0x000000000001ac00                frame802154_hdrlen
                0x000000000001ac60                frame802154_create_fcf
                0x000000000001ace0                frame802154_create
                0x000000000001ae00                frame802154_parse_fcf
                0x000000000001ae80                frame802154_parse
 *fill*         0x000000000001b0ec        0x4 
 .text          0x000000000001b0f0      0x494 build/native/contiki-ng-native.a(uipbuf.o)
                0x000000000001b0f0                uipbuf_clear
                0x000000000001b140                uipbuf_add_ext_hdr
                0x000000000001b1a0                uipbuf_set_len
                0x000000000001b1d0                uipbuf_set_len_field
                0x000000000001b1e0                uipbuf_get_len_field
                0x000000000001b200                uipbuf_get_next_header
                0x000000000001b2b0                uipbuf_get_last_header
                0x000000000001b350                uipbuf_search_header
                0x000000000001b420                uipbuf_get_attr
                0x000000000001b450                uipbuf_set_attr
                0x000000000001b480                uipbuf_set_default_attr
                0x000000000001b4b0                uipbuf_clear_attr
                0x000000000001b4e0                uipbuf_set_attr_flag
                0x000000000001b500                uipbuf_clr_attr_flag
                0x000000000001b520                uipbuf_is_attr_flag
                0x000000000001b550                uipbuf_init
 *fill*         0x000000000001b584        0xc 
 .text          0x000000000001b590      0x598 build/native/contiki-ng-native.a(uip-icmp6.o)
                0x000000000001b740                uip_icmp6_input
                0x000000000001b7b0                uip_icmp6_register_input_handler
                0x000000000001b7e0                uip_icmp6_error_output
                0x000000000001b9c0                uip_icmp6_send
                0x000000000001ba80                uip_icmp6_echo_reply_callback_add
                0x000000000001bac0                uip_icmp6_echo_reply_callback_rm
                0x000000000001baf0                uip_icmp6_init
 *fill*         0x000000000001bb28        0x8 
 .text          0x000000000001bb30      0x147 build/native/contiki-ng-native.a(uip-packetqueue)
                0x000000000001bb60                uip_packetqueue_new
                0x000000000001bb70                uip_packetqueue_alloc
                0x000000000001bbd0                uip_packetqueue_free
                0x000000000001bc20                uip_packetqueue_buf
                0x000000000001bc40                uip_packetqueue_buflen
                0x000000000001bc60                uip_packetqueue_set_buflen
 *fill*         0x000000000001bc77        0x9 
 .text          0x000000000001bc80      0xdce build/native/contiki-ng-native.a(rpl-dag.o)
                0x000000000001c0f0                rpl_dag_state_to_str
                0x000000000001c140                rpl_dag_get_root_ipaddr
                0x000000000001c190                rpl_dag_leave
                0x000000000001c210                rpl_dag_poison_and_leave
                0x000000000001c240                rpl_dag_periodic
                0x000000000001c2c0                rpl_is_addr_in_our_dag
                0x000000000001c310                rpl_get_default_instance
                0x000000000001c330                rpl_get_any_dag
                0x000000000001c350                rpl_refresh_routes
                0x000000000001c390                rpl_global_repair
                0x000000000001c3c0                rpl_local_repair
                0x000000000001c3f0                rpl_dag_ready_to_advertise
                0x000000000001c430                rpl_dag_update_state
                0x000000000001c460                rpl_process_dio
                0x000000000001c720                rpl_process_dis
                0x000000000001c780                rpl_process_dao
                0x000000000001c800                rpl_process_dao_ack
                0x000000000001c8a0                rpl_process_hbh
                0x000000000001c910                rpl_dag_init_root
                0x000000000001ca30                rpl_dag_init
 *fill*         0x000000000001ca4e        0x2 
 .text          0x000000000001ca50      0x9e6 build/native/contiki-ng-native.a(rpl-neighbor.o)
                0x000000000001cab0                rpl_neighbor_count
                0x000000000001cb10                rpl_neighbor_get_from_lladdr
                0x000000000001cb40                rpl_neighbor_is_acceptable_parent
                0x000000000001cb70                rpl_neighbor_get_link_metric
                0x000000000001cba0                rpl_neighbor_rank_via_nbr
                0x000000000001cbd0                rpl_neighbor_get_lladdr
                0x000000000001cc00                rpl_neighbor_get_ipaddr
                0x000000000001cc30                rpl_neighbor_get_link_stats
                0x000000000001cd60                rpl_neighbor_snprint
                0x000000000001d0f0                rpl_neighbor_print_list
                0x000000000001d180                rpl_neighbor_is_fresh
                0x000000000001d1b0                rpl_neighbor_is_reachable
                0x000000000001d210                rpl_neighbor_is_parent
                0x000000000001d240                rpl_neighbor_set_preferred_parent
                0x000000000001d2c0                rpl_neighbor_remove_all
                0x000000000001d320                rpl_neighbor_get_from_ipaddr
                0x000000000001d360                rpl_neighbor_select_best
                0x000000000001d410                rpl_neighbor_init
 *fill*         0x000000000001d436        0xa 
 .text          0x000000000001d440      0xae7 build/native/contiki-ng-native.a(rpl-timers.o)
                0x000000000001d770                rpl_timers_schedule_periodic_dis
                0x000000000001d8b0                rpl_timers_dio_reset
                0x000000000001d910                rpl_timers_schedule_unicast_dio
                0x000000000001d950                rpl_timers_schedule_dao
                0x000000000001d9d0                rpl_timers_schedule_dao_ack
                0x000000000001da30                rpl_timers_notify_dao_ack
                0x000000000001dab0                get_probing_delay
                0x000000000001dae0                get_probing_target
                0x000000000001dcc0                rpl_schedule_probing
                0x000000000001dcf0                rpl_schedule_probing_now
                0x000000000001dd50                rpl_timers_unschedule_leaving
                0x000000000001dda0                rpl_timers_schedule_leaving
                0x000000000001de00                rpl_timers_init
                0x000000000001de40                rpl_timers_stop_dag_timers
                0x000000000001dec0                rpl_timers_unschedule_state_update
                0x000000000001def0                rpl_timers_schedule_state_update
 *fill*         0x000000000001df27        0x9 
 .text          0x000000000001df30      0xa9c build/native/contiki-ng-native.a(rpl-ext-header.)
                0x000000000001dfa0                rpl_ext_header_srh_get_next_hop
                0x000000000001e070                rpl_ext_header_srh_update
                0x000000000001e270                rpl_ext_header_hbh_update
                0x000000000001e350                rpl_ext_header_remove
                0x000000000001e4c0                rpl_ext_header_update
 *fill*         0x000000000001e9cc        0x4 
 .text          0x000000000001e9d0      0x163 build/native/contiki-ng-native.a(rpl-nbr-policy.)
                0x000000000001eaa0                rpl_nbr_policy_find_removable
 *fill*         0x000000000001eb33        0xd 
 .text          0x000000000001eb40      0x327 build/native/contiki-ng-native.a(rpl-mrhof.o)
 *fill*         0x000000000001ee67        0x9 
 .text          0x000000000001ee70      0x333 build/native/contiki-ng-native.a(border-router-n)
                0x000000000001f100                border_router_set_mac
                0x000000000001f160                border_router_print_stat
 .text          0x000000000001f1a3        0x0 build/native/contiki-ng-native.a(buttons.o)
 *fill*         0x000000000001f1a3        0xd 
 .text          0x000000000001f1b0       0x76 build/native/contiki-ng-native.a(int-master.o)
                0x000000000001f1b0                int_master_enable
                0x000000000001f1d0                int_master_read_and_disable
                0x000000000001f1f0                int_master_status_set
                0x000000000001f210                int_master_is_enabled
 *fill*         0x000000000001f226        0xa 
 .text          0x000000000001f230      0x23e build/native/contiki-ng-native.a(gpio-hal-arch.o)
                0x000000000001f230                gpio_hal_arch_init
                0x000000000001f240                gpio_hal_arch_no_port_interrupt_enable
                0x000000000001f250                gpio_hal_arch_no_port_interrupt_disable
                0x000000000001f260                gpio_hal_arch_no_port_pin_cfg_set
                0x000000000001f290                gpio_hal_arch_no_port_pin_cfg_get
                0x000000000001f2c0                gpio_hal_arch_no_port_pin_set_input
                0x000000000001f2d0                gpio_hal_arch_no_port_pin_set_output
                0x000000000001f2e0                gpio_hal_arch_no_port_set_pin
                0x000000000001f300                gpio_hal_arch_no_port_clear_pin
                0x000000000001f320                gpio_hal_arch_no_port_read_pin
                0x000000000001f350                gpio_hal_arch_no_port_write_pin
                0x000000000001f380                gpio_hal_arch_no_port_set_pins
                0x000000000001f3c0                gpio_hal_arch_no_port_clear_pins
                0x000000000001f400                gpio_hal_arch_no_port_read_pins
                0x000000000001f430                gpio_hal_arch_no_port_write_pins
 *fill*         0x000000000001f46e        0x2 
 .text          0x000000000001f470       0xc5 build/native/contiki-ng-native.a(ringbuf.o)
                0x000000000001f470                ringbuf_init
                0x000000000001f490                ringbuf_put
                0x000000000001f4d0                ringbuf_get
                0x000000000001f510                ringbuf_size
                0x000000000001f520                ringbuf_elements
 *fill*         0x000000000001f535        0xb 
 .text          0x000000000001f540       0x62 /usr/lib/i386-linux-gnu/libc_nonshared.a(elf-init.oS)
                0x000000000001f540                __libc_csu_init
                0x000000000001f5a0                __libc_csu_fini
 *fill*         0x000000000001f5a2        0xe 
 .text          0x000000000001f5b0       0x25 /usr/lib/i386-linux-gnu/libc_nonshared.a(atexit.oS)
                0x000000000001f5b0                atexit
 *fill*         0x000000000001f5d5        0xb 
 .text          0x000000000001f5e0       0x14 /usr/lib/i386-linux-gnu/libc_nonshared.a(stack_chk_fail_local.oS)
                0x000000000001f5e0                __stack_chk_fail_local
 .text          0x000000000001f5f4        0x0 /usr/lib/gcc/i686-linux-gnu/7/crtendS.o
 .text          0x000000000001f5f4        0x0 /usr/lib/gcc/i686-linux-gnu/7/../../../i386-linux-gnu/crtn.o
 *(.gnu.warning)

.fini           0x000000000001f5f4       0x14
 *(SORT_NONE(.fini))
 .fini          0x000000000001f5f4        0xf /usr/lib/gcc/i686-linux-gnu/7/../../../i386-linux-gnu/crti.o
                0x000000000001f5f4                _fini
 .fini          0x000000000001f603        0x5 /usr/lib/gcc/i686-linux-gnu/7/../../../i386-linux-gnu/crtn.o
                [!provide]                        PROVIDE (__etext = .)
                [!provide]                        PROVIDE (_etext = .)
                [!provide]                        PROVIDE (etext = .)

.rodata         0x000000000001f620     0x1791
 *(.rodata .rodata.* .gnu.linkonce.r.*)
 .rodata        0x000000000001f620        0x4 /usr/lib/gcc/i686-linux-gnu/7/../../../i386-linux-gnu/Scrt1.o
                0x000000000001f620                _fp_hw
 .rodata.cst4   0x000000000001f624        0x4 /usr/lib/gcc/i686-linux-gnu/7/../../../i386-linux-gnu/Scrt1.o
                0x000000000001f624                _IO_stdin_used
 .rodata.str1.1
                0x000000000001f628       0x34 border-router.o
 .rodata.str1.4
                0x000000000001f65c       0x21 border-router.o
 .rodata.str1.1
                0x000000000001f67d       0x81 build/native/contiki-ng-native.a(webserver.o)
                                         0x83 (size before relaxing)
 *fill*         0x000000000001f6fe        0x2 
 .rodata.str1.4
                0x000000000001f700       0x40 build/native/contiki-ng-native.a(webserver.o)
 .rodata.str1.1
                0x000000000001f740       0x66 build/native/contiki-ng-native.a(contiki-main.o)
                                         0x7a (size before relaxing)
 *fill*         0x000000000001f7a6        0x2 
 .rodata.str1.4
                0x000000000001f7a8       0x7c build/native/contiki-ng-native.a(contiki-main.o)
 .rodata.str1.1
                0x000000000001f824        0xc build/native/contiki-ng-native.a(etimer.o)
 .rodata.str1.1
                0x000000000001f830       0xa0 build/native/contiki-ng-native.a(log.o)
                                         0xac (size before relaxing)
 .rodata        0x000000000001f8d0       0x14 build/native/contiki-ng-native.a(log.o)
 .rodata.str1.1
                0x000000000001f8e4        0xf build/native/contiki-ng-native.a(ctimer.o)
 *fill*         0x000000000001f8f3        0x1 
 .rodata        0x000000000001f8f4        0x8 build/native/contiki-ng-native.a(linkaddr.o)
                0x000000000001f8f4                linkaddr_null
 .rodata.str1.1
                0x000000000001f8fc       0x44 build/native/contiki-ng-native.a(uip-sr.o)
 .rodata.str1.1
                0x000000000001f940        0xd build/native/contiki-ng-native.a(tcpip.o)
 *fill*         0x000000000001f94d        0x3 
 .rodata        0x000000000001f950       0x84 build/native/contiki-ng-native.a(uip6.o)
 .rodata.str1.1
                0x000000000001f9d4        0xb build/native/contiki-ng-native.a(sicslowpan.o)
 *fill*         0x000000000001f9df        0x1 
 .rodata        0x000000000001f9e0       0x14 build/native/contiki-ng-native.a(sicslowpan.o)
                0x000000000001f9e4                llprefix
                0x000000000001f9e8                unc_mxconf
                0x000000000001f9ec                unc_ctxconf
                0x000000000001f9f0                unc_llconf
 .rodata.str1.1
                0x000000000001f9f4       0x22 build/native/contiki-ng-native.a(uiplib.o)
                                         0x2d (size before relaxing)
 .rodata.str1.1
                0x000000000001fa16        0x9 build/native/contiki-ng-native.a(rpl.o)
 .rodata.str1.1
                0x000000000001fa1f       0x9b build/native/contiki-ng-native.a(tun-bridge.o)
                                         0x9f (size before relaxing)
 *fill*         0x000000000001faba        0x2 
 .rodata.str1.4
                0x000000000001fabc       0x6b build/native/contiki-ng-native.a(tun-bridge.o)
 .rodata.str1.1
                0x000000000001fb27      0x135 build/native/contiki-ng-native.a(slip-dev.o)
                                        0x137 (size before relaxing)
 .rodata.str1.4
                0x000000000001fc5c       0xc5 build/native/contiki-ng-native.a(slip-dev.o)
 .rodata.str1.1
                0x000000000001fd21       0x5d build/native/contiki-ng-native.a(slip-config.o)
 *fill*         0x000000000001fd7e        0x2 
 .rodata.str1.4
                0x000000000001fd80      0x4b2 build/native/contiki-ng-native.a(slip-config.o)
 *fill*         0x0000000000020232        0x2 
 .rodata        0x0000000000020234       0xd4 build/native/contiki-ng-native.a(slip-config.o)
 .rodata.str1.1
                0x0000000000020308        0x7 build/native/contiki-ng-native.a(border-router-m)
 .rodata.str1.1
                0x000000000002030f       0x7d build/native/contiki-ng-native.a(border-router-c)
                                         0x80 (size before relaxing)
 .rodata.str1.1
                0x000000000002038c        0x8 build/native/contiki-ng-native.a(shell.o)
 .rodata.str1.1
                0x000000000002038c      0x2c0 build/native/contiki-ng-native.a(shell-commands.)
                                        0x2d8 (size before relaxing)
 .rodata.str1.4
                0x000000000002064c      0x3c0 build/native/contiki-ng-native.a(shell-commands.)
 .rodata        0x0000000000020a0c       0x14 build/native/contiki-ng-native.a(shell-commands.)
 .rodata.str1.1
                0x0000000000020a20       0x15 build/native/contiki-ng-native.a(serial-shell.o)
                                         0x18 (size before relaxing)
 .rodata.str1.1
                0x0000000000020a35       0x2f build/native/contiki-ng-native.a(platform.o)
                                         0x47 (size before relaxing)
 .rodata        0x0000000000020a64        0x8 build/native/contiki-ng-native.a(platform.o)
 .rodata.str1.4
                0x0000000000020a6c       0x59 build/native/contiki-ng-native.a(httpd-simple.o)
 *fill*         0x0000000000020ac5       0x1b 
 .rodata        0x0000000000020ae0       0xf4 build/native/contiki-ng-native.a(httpd-simple.o)
                0x0000000000020ae0                http_index_html
                0x0000000000020aec                http_get
                0x0000000000020b00                http_header_404
                0x0000000000020b60                http_header_200
                0x0000000000020bb8                http_content_type_html
 .rodata.str1.1
                0x0000000000020bd4       0x1a build/native/contiki-ng-native.a(rpl-border-rout)
                                         0x31 (size before relaxing)
 .rodata.str1.1
                0x0000000000020bee       0x13 build/native/contiki-ng-native.a(button-hal.o)
 .rodata.str1.1
                0x0000000000020c01        0xe build/native/contiki-ng-native.a(serial-line.o)
 .rodata.str1.1
                0x0000000000020c0f       0xa6 build/native/contiki-ng-native.a(rpl-dag.o)
                                         0xb0 (size before relaxing)
 *fill*         0x0000000000020cb5        0x3 
 .rodata.str1.4
                0x0000000000020cb8       0x22 build/native/contiki-ng-native.a(rpl-neighbor.o)
 .rodata.str1.1
                0x0000000000020cda       0x34 build/native/contiki-ng-native.a(rpl-neighbor.o)
                                         0x36 (size before relaxing)
 .rodata.str1.1
                0x0000000000020d0e        0xc build/native/contiki-ng-native.a(rpl-timers.o)
 .rodata.str1.1
                0x0000000000020d1a       0x73 build/native/contiki-ng-native.a(border-router-n)
                                         0x8a (size before relaxing)
 *fill*         0x0000000000020d8d        0x3 
 .rodata.str1.4
                0x0000000000020d90       0x20 build/native/contiki-ng-native.a(border-router-n)
                                         0x1f (size before relaxing)
 .rodata        0x0000000000020db0        0x1 build/native/contiki-ng-native.a(buttons.o)
                0x0000000000020db0                button_hal_button_count

.rodata1
 *(.rodata1)

.eh_frame_hdr   0x0000000000020db4     0x13c4
 *(.eh_frame_hdr)
 .eh_frame_hdr  0x0000000000020db4     0x13c4 border-router.o
                0x0000000000020db4                __GNU_EH_FRAME_HDR
 *(.eh_frame_entry .eh_frame_entry.*)

.eh_frame       0x0000000000022178     0x97a4
 *(.eh_frame)
 .eh_frame      0x0000000000022178       0x3c /usr/lib/gcc/i686-linux-gnu/7/../../../i386-linux-gnu/Scrt1.o
                                         0x40 (size before relaxing)
 .eh_frame      0x00000000000221b4       0x14 /usr/lib/gcc/i686-linux-gnu/7/../../../i386-linux-gnu/Scrt1.o
                                         0x2c (size before relaxing)
 .eh_frame      0x00000000000221c8       0x48 border-router.o
                                         0x74 (size before relaxing)
 .eh_frame      0x0000000000022210      0x258 build/native/contiki-ng-native.a(webserver.o)
                                        0x284 (size before relaxing)
 .eh_frame      0x0000000000022468       0x48 build/native/contiki-ng-native.a(contiki-main.o)
                                         0x74 (size before relaxing)
 .eh_frame      0x00000000000224b0       0x6c build/native/contiki-ng-native.a(autostart.o)
                                         0x98 (size before relaxing)
 .eh_frame      0x000000000002251c       0x3c build/native/contiki-ng-native.a(energest.o)
                                         0x54 (size before relaxing)
 .eh_frame      0x0000000000022558      0x264 build/native/contiki-ng-native.a(etimer.o)
                                        0x2b8 (size before relaxing)
 .eh_frame      0x00000000000227bc      0x254 build/native/contiki-ng-native.a(log.o)
                                        0x294 (size before relaxing)
 .eh_frame      0x0000000000022a10      0x274 build/native/contiki-ng-native.a(ctimer.o)
                                        0x2b4 (size before relaxing)
 .eh_frame      0x0000000000022c84       0x98 build/native/contiki-ng-native.a(rtimer.o)
                                         0xc4 (size before relaxing)
 .eh_frame      0x0000000000022d1c       0x14 build/native/contiki-ng-native.a(node-id.o)
                                         0x40 (size before relaxing)
 .eh_frame      0x0000000000022d30      0x228 build/native/contiki-ng-native.a(process.o)
                                        0x27c (size before relaxing)
 .eh_frame      0x0000000000022f58       0xd0 build/native/contiki-ng-native.a(timer.o)
                                         0xfc (size before relaxing)
 .eh_frame      0x0000000000023028      0x19c build/native/contiki-ng-native.a(list.o)
                                        0x1b4 (size before relaxing)
 .eh_frame      0x00000000000231c4      0x234 build/native/contiki-ng-native.a(queuebuf.o)
                                        0x260 (size before relaxing)
 .eh_frame      0x00000000000233f8      0x2bc build/native/contiki-ng-native.a(packetbuf.o)
                                        0x324 (size before relaxing)
 .eh_frame      0x00000000000236b4       0xe0 build/native/contiki-ng-native.a(netstack.o)
                                        0x10c (size before relaxing)
 .eh_frame      0x0000000000023794       0x4c build/native/contiki-ng-native.a(linkaddr.o)
                                         0x78 (size before relaxing)
 .eh_frame      0x00000000000237e0      0x3dc build/native/contiki-ng-native.a(uip-sr.o)
                                        0x430 (size before relaxing)
 .eh_frame      0x0000000000023bbc      0x644 build/native/contiki-ng-native.a(uip-ds6.o)
                                        0x698 (size before relaxing)
 .eh_frame      0x0000000000024200      0x2b8 build/native/contiki-ng-native.a(uip-ds6-route.o)
                                        0x2e4 (size before relaxing)
 .eh_frame      0x00000000000244b8      0x1f4 build/native/contiki-ng-native.a(psock.o)
                                        0x248 (size before relaxing)
 .eh_frame      0x00000000000246ac      0x2d4 build/native/contiki-ng-native.a(uip-ds6-nbr.o)
                                        0x300 (size before relaxing)
 .eh_frame      0x0000000000024980      0x430 build/native/contiki-ng-native.a(tcpip.o)
                                        0x470 (size before relaxing)
 .eh_frame      0x0000000000024db0      0x4f0 build/native/contiki-ng-native.a(uip6.o)
                                        0x56c (size before relaxing)
 .eh_frame      0x00000000000252a0       0xc8 build/native/contiki-ng-native.a(uip-nd6.o)
                                         0xf4 (size before relaxing)
 .eh_frame      0x0000000000025368      0x464 build/native/contiki-ng-native.a(sicslowpan.o)
                                        0x4cc (size before relaxing)
 .eh_frame      0x00000000000257cc      0x19c build/native/contiki-ng-native.a(uiplib.o)
                                        0x1dc (size before relaxing)
 .eh_frame      0x0000000000025968      0x29c build/native/contiki-ng-native.a(rpl.o)
                                        0x304 (size before relaxing)
 .eh_frame      0x0000000000025c04      0x2c8 build/native/contiki-ng-native.a(rpl-icmp6.o)
                                        0x2f4 (size before relaxing)
 .eh_frame      0x0000000000025ecc      0x118 build/native/contiki-ng-native.a(rpl-dag-root.o)
                                        0x158 (size before relaxing)
 .eh_frame      0x0000000000025fe4      0x394 build/native/contiki-ng-native.a(tun-bridge.o)
                                        0x3c0 (size before relaxing)
 .eh_frame      0x0000000000026378      0x664 build/native/contiki-ng-native.a(slip-dev.o)
                                        0x6b8 (size before relaxing)
 .eh_frame      0x00000000000269dc      0x1d0 build/native/contiki-ng-native.a(slip-config.o)
                                        0x1fc (size before relaxing)
 .eh_frame      0x0000000000026bac      0x1ac build/native/contiki-ng-native.a(border-router-m)
                                        0x1ec (size before relaxing)
 .eh_frame      0x0000000000026d58      0x204 build/native/contiki-ng-native.a(border-router-c)
                                        0x230 (size before relaxing)
 .eh_frame      0x0000000000026f5c       0x70 build/native/contiki-ng-native.a(cmd.o)
                                         0xb0 (size before relaxing)
 .eh_frame      0x0000000000026fcc       0xc0 build/native/contiki-ng-native.a(packetutils.o)
                                         0xec (size before relaxing)
 .eh_frame      0x000000000002708c      0x1c4 build/native/contiki-ng-native.a(shell.o)
                                        0x1f0 (size before relaxing)
 .eh_frame      0x0000000000027250      0xc6c build/native/contiki-ng-native.a(shell-commands.)
                                        0xcac (size before relaxing)
 .eh_frame      0x0000000000027ebc       0xb8 build/native/contiki-ng-native.a(serial-shell.o)
                                         0xe4 (size before relaxing)
 .eh_frame      0x0000000000027f74      0x26c build/native/contiki-ng-native.a(platform.o)
                                        0x2c0 (size before relaxing)
 .eh_frame      0x00000000000281e0       0x80 build/native/contiki-ng-native.a(clock.o)
                                         0xac (size before relaxing)
 .eh_frame      0x0000000000028260       0x84 build/native/contiki-ng-native.a(rtimer-arch.o)
                                         0xb0 (size before relaxing)
 .eh_frame      0x00000000000282e4       0x6c build/native/contiki-ng-native.a(watchdog.o)
                                         0x98 (size before relaxing)
 .eh_frame      0x0000000000028350      0x280 build/native/contiki-ng-native.a(httpd-simple.o)
                                        0x2ac (size before relaxing)
 .eh_frame      0x00000000000285d0       0xb8 build/native/contiki-ng-native.a(rpl-border-rout)
                                         0xf8 (size before relaxing)
 .eh_frame      0x0000000000028688       0xf0 build/native/contiki-ng-native.a(stimer.o)
                                        0x11c (size before relaxing)
 .eh_frame      0x0000000000028778       0xdc build/native/contiki-ng-native.a(memb.o)
                                        0x108 (size before relaxing)
 .eh_frame      0x0000000000028854       0x44 build/native/contiki-ng-native.a(random.o)
                                         0x70 (size before relaxing)
 .eh_frame      0x0000000000028898      0x234 build/native/contiki-ng-native.a(button-hal.o)
                                        0x288 (size before relaxing)
 .eh_frame      0x0000000000028acc       0xf0 build/native/contiki-ng-native.a(serial-line.o)
                                        0x11c (size before relaxing)
 .eh_frame      0x0000000000028bbc       0xb4 build/native/contiki-ng-native.a(leds.o)
                                         0xcc (size before relaxing)
 .eh_frame      0x0000000000028c70      0x118 build/native/contiki-ng-native.a(nullradio.o)
                                        0x130 (size before relaxing)
 .eh_frame      0x0000000000028d88      0x16c build/native/contiki-ng-native.a(gpio-hal.o)
                                        0x198 (size before relaxing)
 .eh_frame      0x0000000000028ef4      0x2c8 build/native/contiki-ng-native.a(nbr-table.o)
                                        0x330 (size before relaxing)
 .eh_frame      0x00000000000291bc      0x240 build/native/contiki-ng-native.a(link-stats.o)
                                        0x26c (size before relaxing)
 .eh_frame      0x00000000000293fc       0x24 build/native/contiki-ng-native.a(mac.o)
                                         0x3c (size before relaxing)
 .eh_frame      0x0000000000029420      0x200 build/native/contiki-ng-native.a(framer-802154.o)
                                        0x22c (size before relaxing)
 .eh_frame      0x0000000000029620      0x280 build/native/contiki-ng-native.a(frame802154.o)
                                        0x2d4 (size before relaxing)
 .eh_frame      0x00000000000298a0      0x240 build/native/contiki-ng-native.a(uipbuf.o)
                                        0x2a8 (size before relaxing)
 .eh_frame      0x0000000000029ae0      0x284 build/native/contiki-ng-native.a(uip-icmp6.o)
                                        0x2b0 (size before relaxing)
 .eh_frame      0x0000000000029d64      0x104 build/native/contiki-ng-native.a(uip-packetqueue)
                                        0x130 (size before relaxing)
 .eh_frame      0x0000000000029e68      0x60c build/native/contiki-ng-native.a(rpl-dag.o)
                                        0x660 (size before relaxing)
 .eh_frame      0x000000000002a474      0x504 build/native/contiki-ng-native.a(rpl-neighbor.o)
                                        0x558 (size before relaxing)
 .eh_frame      0x000000000002a978      0x684 build/native/contiki-ng-native.a(rpl-timers.o)
                                        0x6c4 (size before relaxing)
 .eh_frame      0x000000000002affc      0x200 build/native/contiki-ng-native.a(rpl-ext-header.)
                                        0x240 (size before relaxing)
 .eh_frame      0x000000000002b1fc       0x98 build/native/contiki-ng-native.a(rpl-nbr-policy.)
                                         0xc4 (size before relaxing)
 .eh_frame      0x000000000002b294      0x220 build/native/contiki-ng-native.a(rpl-mrhof.o)
                                        0x288 (size before relaxing)
 .eh_frame      0x000000000002b4b4      0x160 build/native/contiki-ng-native.a(border-router-n)
                                        0x18c (size before relaxing)
 .eh_frame      0x000000000002b614       0x50 build/native/contiki-ng-native.a(int-master.o)
                                         0x90 (size before relaxing)
 .eh_frame      0x000000000002b664      0x16c build/native/contiki-ng-native.a(gpio-hal-arch.o)
                                        0x1e8 (size before relaxing)
 .eh_frame      0x000000000002b7d0       0xa0 build/native/contiki-ng-native.a(ringbuf.o)
                                         0xb8 (size before relaxing)
 .eh_frame      0x000000000002b870       0x60 /usr/lib/i386-linux-gnu/libc_nonshared.a(elf-init.oS)
                                         0x8c (size before relaxing)
 .eh_frame      0x000000000002b8d0       0x2c /usr/lib/i386-linux-gnu/libc_nonshared.a(atexit.oS)
                                         0x58 (size before relaxing)
 .eh_frame      0x000000000002b8fc       0x1c /usr/lib/i386-linux-gnu/libc_nonshared.a(stack_chk_fail_local.oS)
                                         0x48 (size before relaxing)
 .eh_frame      0x000000000002b918        0x4 /usr/lib/gcc/i686-linux-gnu/7/crtendS.o
 *(.eh_frame.*)

.gcc_except_table
 *(.gcc_except_table .gcc_except_table.*)

.gnu_extab
 *(.gnu_extab*)

.exception_ranges
 *(.exception_ranges .exception_ranges*)
                0x000000000002cb98                . = DATA_SEGMENT_ALIGN (CONSTANT (MAXPAGESIZE), CONSTANT (COMMONPAGESIZE))

.eh_frame
 *(.eh_frame)
 *(.eh_frame.*)

.gnu_extab
 *(.gnu_extab)

.gcc_except_table
 *(.gcc_except_table .gcc_except_table.*)

.exception_ranges
 *(.exception_ranges .exception_ranges*)

.tdata
 *(.tdata .tdata.* .gnu.linkonce.td.*)

.tbss
 *(.tbss .tbss.* .gnu.linkonce.tb.*)
 *(.tcommon)

.preinit_array  0x000000000002cb98        0x0
                [!provide]                        PROVIDE (__preinit_array_start = .)
 *(.preinit_array)
                [!provide]                        PROVIDE (__preinit_array_end = .)

.init_array     0x000000000002cb98        0x4
                0x000000000002cb98                PROVIDE (__init_array_start = .)
 *(SORT_BY_INIT_PRIORITY(.init_array.*) SORT_BY_INIT_PRIORITY(.ctors.*))
 *(.init_array EXCLUDE_FILE(*crtend?.o *crtend.o *crtbegin?.o *crtbegin.o) .ctors)
 .init_array    0x000000000002cb98        0x4 /usr/lib/gcc/i686-linux-gnu/7/crtbeginS.o
                0x000000000002cb9c                PROVIDE (__init_array_end = .)

.fini_array     0x000000000002cb9c        0x4
                [!provide]                        PROVIDE (__fini_array_start = .)
 *(SORT_BY_INIT_PRIORITY(.fini_array.*) SORT_BY_INIT_PRIORITY(.dtors.*))
 *(.fini_array EXCLUDE_FILE(*crtend?.o *crtend.o *crtbegin?.o *crtbegin.o) .dtors)
 .fini_array    0x000000000002cb9c        0x4 /usr/lib/gcc/i686-linux-gnu/7/crtbeginS.o
                [!provide]                        PROVIDE (__fini_array_end = .)

.ctors
 *crtbegin.o(.ctors)
 *crtbegin?.o(.ctors)
 *(EXCLUDE_FILE(*crtend?.o *crtend.o) .ctors)
 *(SORT_BY_NAME(.ctors.*))
 *(.ctors)

.dtors
 *crtbegin.o(.dtors)
 *crtbegin?.o(.dtors)
 *(EXCLUDE_FILE(*crtend?.o *crtend.o) .dtors)
 *(SORT_BY_NAME(.dtors.*))
 *(.dtors)

.jcr
 *(.jcr)

.data.rel.ro    0x000000000002cba0      0x1dc
 *(.data.rel.ro.local* .gnu.linkonce.d.rel.ro.local.*)
 .data.rel.ro.local
                0x000000000002cba0        0x8 border-router.o
                0x000000000002cba0                autostart_processes
 .data.rel.ro.local
                0x000000000002cba8       0x10 build/native/contiki-ng-native.a(sicslowpan.o)
                0x000000000002cba8                sicslowpan_driver
 .data.rel.ro.local
                0x000000000002cbb8       0x10 build/native/contiki-ng-native.a(tun-bridge.o)
                0x000000000002cbb8                rpl_interface
 .data.rel.ro.local
                0x000000000002cbc8       0x14 build/native/contiki-ng-native.a(slip-dev.o)
 .data.rel.ro.local
                0x000000000002cbdc       0x1c build/native/contiki-ng-native.a(border-router-m)
                0x000000000002cbdc                border_router_mac_driver
 *fill*         0x000000000002cbf8        0x8 
 .data.rel.ro.local
                0x000000000002cc00       0xb4 build/native/contiki-ng-native.a(shell-commands.)
                0x000000000002cc00                builtin_shell_commands
 .data.rel.ro.local
                0x000000000002ccb4        0x8 build/native/contiki-ng-native.a(platform.o)
 *fill*         0x000000000002ccbc        0x4 
 .data.rel.ro.local
                0x000000000002ccc0       0x38 build/native/contiki-ng-native.a(nullradio.o)
                0x000000000002ccc0                nullradio_driver
 .data.rel.ro.local
                0x000000000002ccf8        0xc build/native/contiki-ng-native.a(framer-802154.o)
                0x000000000002ccf8                framer_802154
 *(.data.rel.ro .data.rel.ro.* .gnu.linkonce.d.rel.ro.*)
 .data.rel.ro   0x000000000002cd04        0x0 /usr/lib/gcc/i686-linux-gnu/7/../../../i386-linux-gnu/Scrt1.o
 *fill*         0x000000000002cd04       0x1c 
 .data.rel.ro   0x000000000002cd20       0x54 build/native/contiki-ng-native.a(rpl.o)
                0x000000000002cd20                rpl_lite_driver
 .data.rel.ro   0x000000000002cd74        0x8 build/native/contiki-ng-native.a(border-router-n)
                0x000000000002cd74                cmd_handlers

.dynamic        0x000000000002cd7c      0x100
 *(.dynamic)
 .dynamic       0x000000000002cd7c      0x100 /usr/lib/gcc/i686-linux-gnu/7/../../../i386-linux-gnu/Scrt1.o
                0x000000000002cd7c                _DYNAMIC

.got            0x000000000002ce7c      0x16c
 *(.got.plt)
 .got.plt       0x000000000002ce7c      0x110 /usr/lib/gcc/i686-linux-gnu/7/../../../i386-linux-gnu/Scrt1.o
                0x000000000002ce7c                _GLOBAL_OFFSET_TABLE_
 *(.igot.plt)
 *(.got)
 .got           0x000000000002cf8c       0x5c /usr/lib/gcc/i686-linux-gnu/7/../../../i386-linux-gnu/Scrt1.o
 *(.igot)
                0x000000000002d000                . = DATA_SEGMENT_RELRO_END (., 0x0)

.data           0x000000000002d000      0x274
 *(.data .data.* .gnu.linkonce.d.*)
 .data          0x000000000002d000        0x4 /usr/lib/gcc/i686-linux-gnu/7/../../../i386-linux-gnu/Scrt1.o
                0x000000000002d000                data_start
                0x000000000002d000                __data_start
 .data          0x000000000002d004        0x0 /usr/lib/gcc/i686-linux-gnu/7/../../../i386-linux-gnu/crti.o
 .data          0x000000000002d004        0x0 /usr/lib/gcc/i686-linux-gnu/7/crtbeginS.o
 .data.rel.local
                0x000000000002d004        0x4 /usr/lib/gcc/i686-linux-gnu/7/crtbeginS.o
                0x000000000002d004                __dso_handle
 .data          0x000000000002d008        0x0 border-router.o
 .data.rel.local
                0x000000000002d008       0x10 border-router.o
                0x000000000002d008                contiki_ng_br
 .data          0x000000000002d018        0x0 build/native/contiki-ng-native.a(webserver.o)
 .data.rel.local
                0x000000000002d018       0x10 build/native/contiki-ng-native.a(webserver.o)
                0x000000000002d018                webserver_nogui_process
 .data          0x000000000002d028        0x0 build/native/contiki-ng-native.a(contiki-main.o)
 .data          0x000000000002d028        0x0 build/native/contiki-ng-native.a(autostart.o)
 .data          0x000000000002d028        0x0 build/native/contiki-ng-native.a(energest.o)
 .data          0x000000000002d028        0x0 build/native/contiki-ng-native.a(etimer.o)
 .data.rel.local
                0x000000000002d028       0x10 build/native/contiki-ng-native.a(etimer.o)
                0x000000000002d028                etimer_process
 .data          0x000000000002d038        0x4 build/native/contiki-ng-native.a(log.o)
                0x000000000002d038                curr_log_level_main
 *fill*         0x000000000002d03c        0x4 
 .data.rel.local
                0x000000000002d040       0x9c build/native/contiki-ng-native.a(log.o)
                0x000000000002d040                all_modules
 .data          0x000000000002d0dc        0x0 build/native/contiki-ng-native.a(ctimer.o)
 .data.rel.local
                0x000000000002d0dc       0x10 build/native/contiki-ng-native.a(ctimer.o)
                0x000000000002d0dc                ctimer_process
 .data          0x000000000002d0ec        0x0 build/native/contiki-ng-native.a(rtimer.o)
 .data          0x000000000002d0ec        0x0 build/native/contiki-ng-native.a(node-id.o)
 .data          0x000000000002d0ec        0x0 build/native/contiki-ng-native.a(process.o)
 .data          0x000000000002d0ec        0x0 build/native/contiki-ng-native.a(timer.o)
 .data          0x000000000002d0ec        0x0 build/native/contiki-ng-native.a(list.o)
 .data          0x000000000002d0ec        0x0 build/native/contiki-ng-native.a(queuebuf.o)
 .data.rel.local
                0x000000000002d0ec       0x18 build/native/contiki-ng-native.a(queuebuf.o)
 .data          0x000000000002d104        0x0 build/native/contiki-ng-native.a(packetbuf.o)
 .data          0x000000000002d104        0x0 build/native/contiki-ng-native.a(netstack.o)
 .data          0x000000000002d104        0x0 build/native/contiki-ng-native.a(linkaddr.o)
 .data          0x000000000002d104        0x0 build/native/contiki-ng-native.a(uip-sr.o)
 .data.rel.local
                0x000000000002d104        0xc build/native/contiki-ng-native.a(uip-sr.o)
 .data          0x000000000002d110        0x0 build/native/contiki-ng-native.a(uip-ds6.o)
 .data          0x000000000002d110        0x0 build/native/contiki-ng-native.a(uip-ds6-route.o)
 .data.rel.local
                0x000000000002d110        0xc build/native/contiki-ng-native.a(uip-ds6-route.o)
 .data          0x000000000002d11c        0x0 build/native/contiki-ng-native.a(psock.o)
 .data          0x000000000002d11c        0x0 build/native/contiki-ng-native.a(uip-ds6-nbr.o)
 .data.rel.local
                0x000000000002d11c       0x10 build/native/contiki-ng-native.a(uip-ds6-nbr.o)
 .data          0x000000000002d12c        0x0 build/native/contiki-ng-native.a(tcpip.o)
 .data.rel.local
                0x000000000002d12c       0x10 build/native/contiki-ng-native.a(tcpip.o)
                0x000000000002d12c                tcpip_process
 .data          0x000000000002d13c        0x0 build/native/contiki-ng-native.a(uip6.o)
 .data          0x000000000002d13c        0x0 build/native/contiki-ng-native.a(uip-nd6.o)
 .data.rel.local
                0x000000000002d13c        0xc build/native/contiki-ng-native.a(uip-nd6.o)
 .data          0x000000000002d148        0x0 build/native/contiki-ng-native.a(sicslowpan.o)
 .data          0x000000000002d148        0x0 build/native/contiki-ng-native.a(uiplib.o)
 .data          0x000000000002d148        0x0 build/native/contiki-ng-native.a(rpl.o)
 .data          0x000000000002d148        0x0 build/native/contiki-ng-native.a(rpl-icmp6.o)
 .data.rel.local
                0x000000000002d148       0x30 build/native/contiki-ng-native.a(rpl-icmp6.o)
 .data          0x000000000002d178        0x0 build/native/contiki-ng-native.a(rpl-dag-root.o)
 .data          0x000000000002d178        0x0 build/native/contiki-ng-native.a(tun-bridge.o)
 .data          0x000000000002d178        0x0 build/native/contiki-ng-native.a(slip-dev.o)
 .data          0x000000000002d178        0x4 build/native/contiki-ng-native.a(slip-config.o)
                0x000000000002d178                slip_config_b_rate
 .data          0x000000000002d17c        0x0 build/native/contiki-ng-native.a(border-router-m)
 .data          0x000000000002d17c        0x0 build/native/contiki-ng-native.a(border-router-c)
 .data.rel.local
                0x000000000002d17c       0x10 build/native/contiki-ng-native.a(border-router-c)
                0x000000000002d17c                border_router_cmd_process
 .data          0x000000000002d18c        0x0 build/native/contiki-ng-native.a(cmd.o)
 .data          0x000000000002d18c        0x0 build/native/contiki-ng-native.a(packetutils.o)
 .data          0x000000000002d18c        0x0 build/native/contiki-ng-native.a(shell.o)
 .data          0x000000000002d18c        0x0 build/native/contiki-ng-native.a(shell-commands.)
 .data.rel.local
                0x000000000002d18c        0x8 build/native/contiki-ng-native.a(shell-commands.)
 .data          0x000000000002d194        0x0 build/native/contiki-ng-native.a(serial-shell.o)
 .data.rel.local
                0x000000000002d194       0x10 build/native/contiki-ng-native.a(serial-shell.o)
                0x000000000002d194                serial_shell_process
 .data          0x000000000002d1a4        0x0 build/native/contiki-ng-native.a(platform.o)
 .data          0x000000000002d1a4        0x0 build/native/contiki-ng-native.a(clock.o)
 .data          0x000000000002d1a4        0x0 build/native/contiki-ng-native.a(rtimer-arch.o)
 .data          0x000000000002d1a4        0x0 build/native/contiki-ng-native.a(watchdog.o)
 .data          0x000000000002d1a4        0x0 build/native/contiki-ng-native.a(httpd-simple.o)
 .data.rel.local
                0x000000000002d1a4        0xc build/native/contiki-ng-native.a(httpd-simple.o)
 .data          0x000000000002d1b0        0x0 build/native/contiki-ng-native.a(rpl-border-rout)
 .data          0x000000000002d1b0        0x0 build/native/contiki-ng-native.a(stimer.o)
 .data          0x000000000002d1b0        0x0 build/native/contiki-ng-native.a(memb.o)
 .data          0x000000000002d1b0        0x0 build/native/contiki-ng-native.a(random.o)
 .data          0x000000000002d1b0        0x0 build/native/contiki-ng-native.a(button-hal.o)
 .data.rel.local
                0x000000000002d1b0       0x10 build/native/contiki-ng-native.a(button-hal.o)
                0x000000000002d1b0                button_hal_process
 .data          0x000000000002d1c0        0x0 build/native/contiki-ng-native.a(serial-line.o)
 .data.rel.local
                0x000000000002d1c0       0x10 build/native/contiki-ng-native.a(serial-line.o)
                0x000000000002d1c0                serial_line_process
 .data          0x000000000002d1d0        0x0 build/native/contiki-ng-native.a(leds.o)
 .data          0x000000000002d1d0        0x0 build/native/contiki-ng-native.a(nullradio.o)
 .data          0x000000000002d1d0        0x0 build/native/contiki-ng-native.a(gpio-hal.o)
 .data          0x000000000002d1d0        0x0 build/native/contiki-ng-native.a(nbr-table.o)
 .data.rel.local
                0x000000000002d1d0        0xc build/native/contiki-ng-native.a(nbr-table.o)
 .data          0x000000000002d1dc        0x0 build/native/contiki-ng-native.a(link-stats.o)
 .data.rel.local
                0x000000000002d1dc       0x10 build/native/contiki-ng-native.a(link-stats.o)
 .data          0x000000000002d1ec        0x0 build/native/contiki-ng-native.a(mac.o)
 .data          0x000000000002d1ec        0x0 build/native/contiki-ng-native.a(framer-802154.o)
 .data          0x000000000002d1ec        0x2 build/native/contiki-ng-native.a(frame802154.o)
 .data          0x000000000002d1ee        0x0 build/native/contiki-ng-native.a(uipbuf.o)
 .data          0x000000000002d1ee        0x0 build/native/contiki-ng-native.a(uip-icmp6.o)
 *fill*         0x000000000002d1ee        0x2 
 .data.rel.local
                0x000000000002d1f0       0x18 build/native/contiki-ng-native.a(uip-icmp6.o)
 .data          0x000000000002d208        0x0 build/native/contiki-ng-native.a(uip-packetqueue)
 .data.rel.local
                0x000000000002d208        0xc build/native/contiki-ng-native.a(uip-packetqueue)
 .data          0x000000000002d214        0x0 build/native/contiki-ng-native.a(rpl-dag.o)
 .data          0x000000000002d214        0x0 build/native/contiki-ng-native.a(rpl-neighbor.o)
 .data.rel.local
                0x000000000002d214       0x14 build/native/contiki-ng-native.a(rpl-neighbor.o)
                0x000000000002d214                rpl_neighbors
 .data          0x000000000002d228        0x0 build/native/contiki-ng-native.a(rpl-timers.o)
 .data          0x000000000002d228        0x0 build/native/contiki-ng-native.a(rpl-ext-header.)
 .data          0x000000000002d228        0x0 build/native/contiki-ng-native.a(rpl-nbr-policy.)
 .data          0x000000000002d228        0x0 build/native/contiki-ng-native.a(rpl-mrhof.o)
 *fill*         0x000000000002d228       0x18 
 .data.rel.local
                0x000000000002d240       0x24 build/native/contiki-ng-native.a(rpl-mrhof.o)
                0x000000000002d240                rpl_mrhof
 .data          0x000000000002d264        0x0 build/native/contiki-ng-native.a(border-router-n)
 .data.rel.local
                0x000000000002d264       0x10 build/native/contiki-ng-native.a(border-router-n)
                0x000000000002d264                border_router_process
 .data          0x000000000002d274        0x0 build/native/contiki-ng-native.a(buttons.o)
 .data          0x000000000002d274        0x0 build/native/contiki-ng-native.a(int-master.o)
 .data          0x000000000002d274        0x0 build/native/contiki-ng-native.a(gpio-hal-arch.o)
 .data          0x000000000002d274        0x0 build/native/contiki-ng-native.a(ringbuf.o)
 .data          0x000000000002d274        0x0 /usr/lib/i386-linux-gnu/libc_nonshared.a(elf-init.oS)
 .data          0x000000000002d274        0x0 /usr/lib/i386-linux-gnu/libc_nonshared.a(atexit.oS)
 .data          0x000000000002d274        0x0 /usr/lib/i386-linux-gnu/libc_nonshared.a(stack_chk_fail_local.oS)
 .data          0x000000000002d274        0x0 /usr/lib/gcc/i686-linux-gnu/7/crtendS.o
 .data          0x000000000002d274        0x0 /usr/lib/gcc/i686-linux-gnu/7/../../../i386-linux-gnu/crtn.o

.tm_clone_table
                0x000000000002d274        0x0
 .tm_clone_table
                0x000000000002d274        0x0 /usr/lib/gcc/i686-linux-gnu/7/crtbeginS.o
 .tm_clone_table
                0x000000000002d274        0x0 /usr/lib/gcc/i686-linux-gnu/7/crtendS.o

.data1
 *(.data1)
                0x000000000002d274                _edata = .
                [!provide]                        PROVIDE (edata = .)
                0x000000000002d274                . = .
                0x000000000002d274                __bss_start = .

.bss            0x000000000002d280     0xcb64
 *(.dynbss)
 .dynbss        0x000000000002d280        0x0 /usr/lib/gcc/i686-linux-gnu/7/../../../i386-linux-gnu/Scrt1.o
 *(.bss .bss.* .gnu.linkonce.b.*)
 .bss           0x000000000002d280        0x0 /usr/lib/gcc/i686-linux-gnu/7/../../../i386-linux-gnu/Scrt1.o
 .bss           0x000000000002d280        0x0 /usr/lib/gcc/i686-linux-gnu/7/../../../i386-linux-gnu/crti.o
 .bss           0x000000000002d280        0x1 /usr/lib/gcc/i686-linux-gnu/7/crtbeginS.o
 .bss           0x000000000002d281        0x0 border-router.o
 *fill*         0x000000000002d281       0x1f 
 .bss           0x000000000002d2a0      0x120 build/native/contiki-ng-native.a(webserver.o)
 .bss           0x000000000002d3c0        0x0 build/native/contiki-ng-native.a(contiki-main.o)
 .bss           0x000000000002d3c0        0x0 build/native/contiki-ng-native.a(autostart.o)
 .bss           0x000000000002d3c0        0x0 build/native/contiki-ng-native.a(energest.o)
 .bss           0x000000000002d3c0        0x8 build/native/contiki-ng-native.a(etimer.o)
 .bss           0x000000000002d3c8       0x2c build/native/contiki-ng-native.a(log.o)
                0x000000000002d3c8                curr_log_level_lwm2m
                0x000000000002d3cc                curr_log_level_snmp
                0x000000000002d3d0                curr_log_level_coap
                0x000000000002d3d4                curr_log_level_6top
                0x000000000002d3d8                curr_log_level_framer
                0x000000000002d3dc                curr_log_level_mac
                0x000000000002d3e0                curr_log_level_nullnet
                0x000000000002d3e4                curr_log_level_6lowpan
                0x000000000002d3e8                curr_log_level_ipv6
                0x000000000002d3ec                curr_log_level_tcpip
                0x000000000002d3f0                curr_log_level_rpl
 .bss           0x000000000002d3f4        0x8 build/native/contiki-ng-native.a(ctimer.o)
 .bss           0x000000000002d3fc        0x4 build/native/contiki-ng-native.a(rtimer.o)
 .bss           0x000000000002d400        0x2 build/native/contiki-ng-native.a(node-id.o)
                0x000000000002d400                node_id
 *fill*         0x000000000002d402       0x1e 
 .bss           0x000000000002d420      0x1a3 build/native/contiki-ng-native.a(process.o)
                0x000000000002d420                process_current
                0x000000000002d424                process_list
 .bss           0x000000000002d5c3        0x0 build/native/contiki-ng-native.a(timer.o)
 .bss           0x000000000002d5c3        0x0 build/native/contiki-ng-native.a(list.o)
 *fill*         0x000000000002d5c3       0x1d 
 .bss           0x000000000002d5e0     0x2c80 build/native/contiki-ng-native.a(queuebuf.o)
 .bss           0x0000000000030260       0x86 build/native/contiki-ng-native.a(packetbuf.o)
 *fill*         0x00000000000302e6        0x2 
 .bss           0x00000000000302e8        0x4 build/native/contiki-ng-native.a(netstack.o)
 .bss           0x00000000000302ec        0x0 build/native/contiki-ng-native.a(linkaddr.o)
 *fill*         0x00000000000302ec       0x14 
 .bss           0x0000000000030300     0x1d54 build/native/contiki-ng-native.a(uip-sr.o)
 .bss           0x0000000000032054       0x30 build/native/contiki-ng-native.a(uip-ds6.o)
 *fill*         0x0000000000032084       0x1c 
 .bss           0x00000000000320a0       0x48 build/native/contiki-ng-native.a(uip-ds6-route.o)
 .bss           0x00000000000320e8        0x0 build/native/contiki-ng-native.a(psock.o)
 *fill*         0x00000000000320e8       0x18 
 .bss           0x0000000000032100     0x1c20 build/native/contiki-ng-native.a(uip-ds6-nbr.o)
 .bss           0x0000000000033d20       0xb4 build/native/contiki-ng-native.a(tcpip.o)
 .bss           0x0000000000033dd4        0xe build/native/contiki-ng-native.a(uip6.o)
                0x0000000000033dd4                uip_last_proto
                0x0000000000033dd6                uip_ext_len
                0x0000000000033dd8                uip_ext_bitmap
 *fill*         0x0000000000033de2        0x2 
 .bss           0x0000000000033de4        0xd build/native/contiki-ng-native.a(uip-nd6.o)
 *fill*         0x0000000000033df1        0xf 
 .bss           0x0000000000033e00      0x714 build/native/contiki-ng-native.a(sicslowpan.o)
 .bss           0x0000000000034514        0x0 build/native/contiki-ng-native.a(uiplib.o)
 .bss           0x0000000000034514        0x1 build/native/contiki-ng-native.a(rpl.o)
 .bss           0x0000000000034515        0x0 build/native/contiki-ng-native.a(rpl-icmp6.o)
 *fill*         0x0000000000034515        0x3 
 .bss           0x0000000000034518       0x11 build/native/contiki-ng-native.a(rpl-dag-root.o)
 *fill*         0x0000000000034529        0x3 
 .bss           0x000000000003452c       0x10 build/native/contiki-ng-native.a(tun-bridge.o)
 *fill*         0x000000000003453c        0x4 
 .bss           0x0000000000034540      0x830 build/native/contiki-ng-native.a(slip-dev.o)
                0x0000000000034540                slipfd
                0x0000000000034544                slip_received
                0x0000000000034548                slip_sent
 *fill*         0x0000000000034d70       0x10 
 .bss           0x0000000000034d80       0x58 build/native/contiki-ng-native.a(slip-config.o)
                0x0000000000034d80                slip_config_basedelay
                0x0000000000034da0                slip_config_tundev