Archive member included because of file (symbol)

build/sky/contiki-ng-sky.a(uart1-putchar.o)
                              build/sky/obj/contiki-main.o (putchar)
build/sky/contiki-ng-sky.a(platform.o)
                              build/sky/obj/contiki-main.o (platform_init_stage_one)
build/sky/contiki-ng-sky.a(msp430.o)
                              build/sky/contiki-ng-sky.a(platform.o) (msp430_dco_required)
build/sky/contiki-ng-sky.a(clock.o)
                              build/sky/obj/contiki-main.o (clock_init)
build/sky/contiki-ng-sky.a(leds.o)
                              build/sky/contiki-ng-sky.a(platform.o) (leds_init)
build/sky/contiki-ng-sky.a(leds-arch.o)
                              build/sky/contiki-ng-sky.a(leds.o) (leds_arch_init)
build/sky/contiki-ng-sky.a(watchdog.o)
                              build/sky/obj/contiki-main.o (watchdog_start)
build/sky/contiki-ng-sky.a(autostart.o)
                              build/sky/obj/contiki-main.o (autostart_start)
build/sky/contiki-ng-sky.a(energest.o)
                              build/sky/obj/contiki-main.o (energest_init)
build/sky/contiki-ng-sky.a(etimer.o)
                              build/sky/contiki-ng-sky.a(clock.o) (etimer_request_poll)
build/sky/contiki-ng-sky.a(log.o)
                              build/sky/obj/contiki-main.o (log_6addr)
build/sky/contiki-ng-sky.a(ctimer.o)
                              build/sky/obj/contiki-main.o (ctimer_init)
build/sky/contiki-ng-sky.a(rtimer.o)
                              build/sky/obj/contiki-main.o (rtimer_init)
build/sky/contiki-ng-sky.a(node-id.o)
                              build/sky/obj/contiki-main.o (node_id_init)
build/sky/contiki-ng-sky.a(process.o)
                              build/sky/contiki-ng-sky.a(etimer.o) (process_current)
build/sky/contiki-ng-sky.a(timer.o)
                              build/sky/obj/httpd-simple.o (timer_set)
build/sky/contiki-ng-sky.a(list.o)
                              build/sky/contiki-ng-sky.a(ctimer.o) (list_init)
build/sky/contiki-ng-sky.a(memb.o)
                              build/sky/obj/httpd-simple.o (memb_init)
build/sky/contiki-ng-sky.a(random.o)
                              build/sky/contiki-ng-sky.a(platform.o) (random_init)
build/sky/contiki-ng-sky.a(queuebuf.o)
                              build/sky/obj/contiki-main.o (queuebuf_init)
build/sky/contiki-ng-sky.a(packetbuf.o)
                              build/sky/contiki-ng-sky.a(queuebuf.o) (packetbuf_copyto)
build/sky/contiki-ng-sky.a(netstack.o)
                              build/sky/obj/contiki-main.o (netstack_init)
build/sky/contiki-ng-sky.a(linkaddr.o)
                              build/sky/contiki-ng-sky.a(platform.o) (linkaddr_copy)
build/sky/contiki-ng-sky.a(csma.o)
                              build/sky/obj/contiki-main.o (csma_driver)
build/sky/contiki-ng-sky.a(csma-output.o)
                              build/sky/contiki-ng-sky.a(csma.o) (csma_output_packet)
build/sky/contiki-ng-sky.a(uip-ds6.o)
                              build/sky/obj/contiki-main.o (uip_ds6_get_link_local)
build/sky/contiki-ng-sky.a(uip-ds6-route.o)
                              build/sky/contiki-ng-sky.a(uip-ds6.o) (uip_ds6_route_init)
build/sky/contiki-ng-sky.a(psock.o)
                              websense.o (psock_send)
build/sky/contiki-ng-sky.a(uip-ds6-nbr.o)
                              build/sky/contiki-ng-sky.a(uip-ds6.o) (uip_ds6_neighbors_init)
build/sky/contiki-ng-sky.a(tcpip.o)
                              build/sky/obj/httpd-simple.o (tcp_listen)
build/sky/contiki-ng-sky.a(uip6.o)
                              build/sky/contiki-ng-sky.a(tcpip.o) (uip_aligned_buf)
build/sky/contiki-ng-sky.a(uip-nd6.o)
                              build/sky/contiki-ng-sky.a(uip6.o) (uip_nd6_init)
build/sky/contiki-ng-sky.a(sicslowpan.o)
                              build/sky/obj/contiki-main.o (sicslowpan_driver)
build/sky/contiki-ng-sky.a(uiplib.o)
                              build/sky/contiki-ng-sky.a(log.o) (uiplib_ipaddr_snprint)
build/sky/contiki-ng-sky.a(rpl.o)
                              build/sky/obj/contiki-main.o (rpl_lite_driver)
build/sky/contiki-ng-sky.a(rpl-icmp6.o)
                              build/sky/contiki-ng-sky.a(rpl.o) (rpl_icmp6_init)
build/sky/contiki-ng-sky.a(rpl-dag-root.o)
                              build/sky/contiki-ng-sky.a(rpl.o) (rpl_dag_root_set_prefix)
build/sky/contiki-ng-sky.a(contiki-sky-pla)
                              build/sky/contiki-ng-sky.a(platform.o) (init_platform)
build/sky/contiki-ng-sky.a(button-sensor.o)
                              build/sky/contiki-ng-sky.a(contiki-sky-pla) (button_sensor)
build/sky/contiki-ng-sky.a(ds2411.o)
                              build/sky/contiki-ng-sky.a(platform.o) (ds2411_init)
build/sky/contiki-ng-sky.a(xmem.o)
                              build/sky/contiki-ng-sky.a(platform.o) (xmem_init)
build/sky/contiki-ng-sky.a(sensors.o)
[...]
Memory Configuration

Name             Origin             Length             Attributes
sfr              0x00000000         0x00000010
peripheral_8bit  0x00000010         0x000000f0
peripheral_16bit 0x00000100         0x00000100
ram_mirror       0x00000200         0x00000800         xw
infomem          0x00001000         0x00000100
infob            0x00001000         0x00000080
infoa            0x00001080         0x00000080
ram              0x00001100         0x00002800         xw
rom              0x00004000         0x0000bfe0         xr
vectors          0x0000ffe0         0x00000020
bsl              0x00000000         0x00000000
infoc            0x00000000         0x00000000
infod            0x00000000         0x00000000
ram2             0x00000000         0x00000000         xw
usbram           0x00000000         0x00000000         xw
far_rom          0x00000000         0x00000000
*default*        0x00000000         0xffffffff

Linker script and memory map

LOAD /usr/local/bin/../lib/gcc/msp430/4.7.2/mmpy-16/crt0ivtbl16.o
                0x0000310e                _stack = _end
LOAD websense.o
LOAD build/sky/obj/httpd-simple.o
LOAD build/sky/obj/contiki-main.o
LOAD build/sky/contiki-ng-sky.a
LOAD /usr/local/bin/../lib/gcc/msp430/4.7.2/mmpy-16/libgcc.a
LOAD /usr/local/bin/../lib/gcc/msp430/4.7.2/../../../../msp430/lib/mmpy-16/libc.a
LOAD /usr/local/bin/../lib/gcc/msp430/4.7.2/mmpy-16/libgcc.a
LOAD /usr/local/bin/../lib/gcc/msp430/4.7.2/mmpy-16/libcrt0.a
                0x00000080                PROVIDE (__info_segment_size, 0x80)
                0x00001000                PROVIDE (__infob, 0x1000)
                0x00001080                PROVIDE (__infoa, 0x1080)
                0x00000000                __IE1 = 0x0
                0x00000002                __IFG1 = 0x2
                0x00000004                __ME1 = 0x4
                0x00000001                __IE2 = 0x1
                0x00000003                __IFG2 = 0x3
                0x00000005                __ME2 = 0x5
                0x00000120                __WDTCTL = 0x120
                0x00000130                __MPY = 0x130
                0x00000132                __MPYS = 0x132
                0x00000134                __MAC = 0x134
                0x00000136                __MACS = 0x136
                0x00000138                __OP2 = 0x138
                0x0000013a                __RESLO = 0x13a
                0x0000013c                __RESHI = 0x13c
                0x0000013e                __SUMEXT = 0x13e
                0x00000020                __P1IN = 0x20
                0x00000021                __P1OUT = 0x21
                0x00000022                __P1DIR = 0x22
                0x00000023                __P1IFG = 0x23
                0x00000024                __P1IES = 0x24
                0x00000025                __P1IE = 0x25
                0x00000026                __P1SEL = 0x26
                0x00000028                __P2IN = 0x28
                0x00000029                __P2OUT = 0x29
                0x0000002a                __P2DIR = 0x2a
                0x0000002b                __P2IFG = 0x2b
                0x0000002c                __P2IES = 0x2c
                0x0000002d                __P2IE = 0x2d
                0x0000002e                __P2SEL = 0x2e
                0x00000018                __P3IN = 0x18
                0x00000019                __P3OUT = 0x19
                0x0000001a                __P3DIR = 0x1a
                0x0000001b                __P3SEL = 0x1b
                0x0000001c                __P4IN = 0x1c
                0x0000001d                __P4OUT = 0x1d
                0x0000001e                __P4DIR = 0x1e
                0x0000001f                __P4SEL = 0x1f
                0x00000030                __P5IN = 0x30
                0x00000031                __P5OUT = 0x31
                0x00000032                __P5DIR = 0x32
                0x00000033                __P5SEL = 0x33
                0x00000034                __P6IN = 0x34
                0x00000035                __P6OUT = 0x35
                0x00000036                __P6DIR = 0x36
                0x00000037                __P6SEL = 0x37
                0x00000070                __U0CTL = 0x70
                0x00000071                __U0TCTL = 0x71
                0x00000072                __U0RCTL = 0x72
                0x00000073                __U0MCTL = 0x73
                0x00000074                __U0BR0 = 0x74
                0x00000075                __U0BR1 = 0x75
                0x00000076                __U0RXBUF = 0x76
                0x00000077                __U0TXBUF = 0x77
                0x00000078                __U1CTL = 0x78
                0x00000079                __U1TCTL = 0x79
                0x0000007a                __U1RCTL = 0x7a
                0x0000007b                __U1MCTL = 0x7b
                0x0000007c                __U1BR0 = 0x7c
                0x0000007d                __U1BR1 = 0x7d
                0x0000007e                __U1RXBUF = 0x7e
                0x0000007f                __U1TXBUF = 0x7f
                0x00000050                __I2CIE = 0x50
                0x00000051                __I2CIFG = 0x51
                0x00000052                __I2CNDAT = 0x52
                0x00000071                __I2CTCTL = 0x71
                0x00000072                __I2CDCTL = 0x72
                0x00000073                __I2CPSC = 0x73
                0x00000074                __I2CSCLH = 0x74
                0x00000075                __I2CSCLL = 0x75
                0x00000076                __I2CDRB = 0x76
                0x00000076                __I2CDRW = 0x76
                0x00000118                __I2COA = 0x118
                0x0000011a                __I2CSA = 0x11a
                0x0000011c                __I2CIV = 0x11c
                0x0000012e                __TAIV = 0x12e
                0x00000160                __TACTL = 0x160
                0x00000162                __TACCTL0 = 0x162
                0x00000164                __TACCTL1 = 0x164
                0x00000166                __TACCTL2 = 0x166
                0x00000170                __TAR = 0x170
                0x00000172                __TACCR0 = 0x172
                0x00000174                __TACCR1 = 0x174
                0x00000176                __TACCR2 = 0x176
                0x0000011e                __TBIV = 0x11e
                0x00000180                __TBCTL = 0x180
                0x00000182                __TBCCTL0 = 0x182
                0x00000184                __TBCCTL1 = 0x184
                0x00000186                __TBCCTL2 = 0x186
                0x00000188                __TBCCTL3 = 0x188
                0x0000018a                __TBCCTL4 = 0x18a
                0x0000018c                __TBCCTL5 = 0x18c
                0x0000018e                __TBCCTL6 = 0x18e
                0x00000190                __TBR = 0x190
                0x00000192                __TBCCR0 = 0x192
                0x00000194                __TBCCR1 = 0x194
                0x00000196                __TBCCR2 = 0x196
                0x00000198                __TBCCR3 = 0x198
                0x0000019a                __TBCCR4 = 0x19a
                0x0000019c                __TBCCR5 = 0x19c
                0x0000019e                __TBCCR6 = 0x19e
                0x00000056                __DCOCTL = 0x56
                0x00000057                __BCSCTL1 = 0x57
                0x00000058                __BCSCTL2 = 0x58
                0x00000055                __SVSCTL = 0x55
                0x00000128                __FCTL1 = 0x128
                0x0000012a                __FCTL2 = 0x12a
                0x0000012c                __FCTL3 = 0x12c
                0x00000059                __CACTL1 = 0x59
                0x0000005a                __CACTL2 = 0x5a
                0x0000005b                __CAPD = 0x5b
                0x000001a0                __ADC12CTL0 = 0x1a0
                0x000001a2                __ADC12CTL1 = 0x1a2
                0x000001a4                __ADC12IFG = 0x1a4
                0x000001a6                __ADC12IE = 0x1a6
                0x000001a8                __ADC12IV = 0x1a8
                0x00000140                __ADC12MEM0 = 0x140
                0x00000142                __ADC12MEM1 = 0x142
                0x00000144                __ADC12MEM2 = 0x144
                0x00000146                __ADC12MEM3 = 0x146
                0x00000148                __ADC12MEM4 = 0x148
                0x0000014a                __ADC12MEM5 = 0x14a
                0x0000014c                __ADC12MEM6 = 0x14c
                0x0000014e                __ADC12MEM7 = 0x14e
                0x00000150                __ADC12MEM8 = 0x150
                0x00000152                __ADC12MEM9 = 0x152
                0x00000154                __ADC12MEM10 = 0x154
                0x00000156                __ADC12MEM11 = 0x156
                0x00000158                __ADC12MEM12 = 0x158
                0x0000015a                __ADC12MEM13 = 0x15a
                0x0000015c                __ADC12MEM14 = 0x15c
                0x0000015e                __ADC12MEM15 = 0x15e
                0x00000080                __ADC12MCTL0 = 0x80
                0x00000081                __ADC12MCTL1 = 0x81
                0x00000082                __ADC12MCTL2 = 0x82
                0x00000083                __ADC12MCTL3 = 0x83
                0x00000084                __ADC12MCTL4 = 0x84
                0x00000085                __ADC12MCTL5 = 0x85
                0x00000086                __ADC12MCTL6 = 0x86
                0x00000087                __ADC12MCTL7 = 0x87
                0x00000088                __ADC12MCTL8 = 0x88
                0x00000089                __ADC12MCTL9 = 0x89
                0x0000008a                __ADC12MCTL10 = 0x8a
                0x0000008b                __ADC12MCTL11 = 0x8b
                0x0000008c                __ADC12MCTL12 = 0x8c
                0x0000008d                __ADC12MCTL13 = 0x8d
                0x0000008e                __ADC12MCTL14 = 0x8e
                0x0000008f                __ADC12MCTL15 = 0x8f
                0x000001c0                __DAC12_0CTL = 0x1c0
                0x000001c2                __DAC12_1CTL = 0x1c2
                0x000001c8                __DAC12_0DAT = 0x1c8
                0x000001ca                __DAC12_1DAT = 0x1ca
                0x00000122                __DMACTL0 = 0x122
                0x00000124                __DMACTL1 = 0x124
                0x000001e0                __DMA0CTL = 0x1e0
                0x000001e8                __DMA1CTL = 0x1e8
                0x000001f0                __DMA2CTL = 0x1f0
                0x000001e2                __DMA0SA = 0x1e2
                0x000001e4                __DMA0DA = 0x1e4
                0x000001e6                __DMA0SZ = 0x1e6
                0x000001ea                __DMA1SA = 0x1ea
                0x000001ec                __DMA1DA = 0x1ec
                0x000001ee                __DMA1SZ = 0x1ee
                0x000001f2                __DMA2SA = 0x1f2
                0x000001f4                __DMA2DA = 0x1f4
                0x000001f6                __DMA2SZ = 0x1f6

.hash
 *(.hash)

.dynsym
 *(.dynsym)

.dynstr
 *(.dynstr)

.gnu.version
 *(.gnu.version)

.gnu.version_d
 *(.gnu.version_d)

.gnu.version_r
 *(.gnu.version_r)

.rel.init
 *(.rel.init)

.rela.init
 *(.rela.init)

.rel.fini
 *(.rel.fini)

.rela.fini
 *(.rela.fini)

.rel.text
 *(.rel.text .rel.text.* .rel.gnu.linkonce.t.*)

.rela.text
 *(.rela.text .rela.text.* .rela.gnu.linkonce.t.*)

.rel.rodata
 *(.rel.rodata .rel.rodata.* .rel.gnu.linkonce.r.*)

.rela.rodata
 *(.rela.rodata .rela.rodata.* .rela.gnu.linkonce.r.*)

.rel.data
 *(.rel.data .rel.data.* .rel.gnu.linkonce.d.*)

.rela.data
 *(.rela.data .rela.data.* .rela.gnu.linkonce.d.*)

.rel.bss
 *(.rel.bss .rel.bss.* .rel.gnu.linkonce.b.*)

.rela.bss
 *(.rela.bss .rela.bss.* .rela.gnu.linkonce.b.*)

.rel.ctors
 *(.rel.ctors)

.rela.ctors
 *(.rela.ctors)

.rel.dtors
 *(.rel.dtors)

.rela.dtors
 *(.rela.dtors)

.rel.got
 *(.rel.got)

.rela.got
 *(.rela.got)

.rel.plt
 *(.rel.plt)

.rela.plt
 *(.rela.plt)

.text           0x00004000     0xb3e4
                0x00004000                . = ALIGN (0x2)
 *(.init .init.*)
 *(.init0)
 .init0         0x00004000        0x0 /usr/local/bin/../lib/gcc/msp430/4.7.2/mmpy-16/libcrt0.a(_reset_vector__.o)
                0x00004000                _reset_vector__
 *(.init1)
 .init1         0x00004000        0xc /usr/local/bin/../lib/gcc/msp430/4.7.2/mmpy-16/libcrt0.a(__watchdog_support.o)
                0x00004000                __watchdog_support
 *(.init2)
 .init2         0x0000400c        0x4 /usr/local/bin/../lib/gcc/msp430/4.7.2/mmpy-16/libcrt0.a(__init_stack.o)
                0x0000400c                __init_stack
 *(.init3)
 .init3         0x00004010        0x0 /usr/local/bin/../lib/gcc/msp430/4.7.2/mmpy-16/libcrt0.a(__low_level_init.o)
                0x00004010                __low_level_init
 *(.init4)
 .init4         0x00004010       0x18 /usr/local/bin/../lib/gcc/msp430/4.7.2/mmpy-16/libcrt0.a(_copy_data.o)
                0x00004010                __do_copy_data
 .init4         0x00004028       0x16 /usr/local/bin/../lib/gcc/msp430/4.7.2/mmpy-16/libcrt0.a(_clear_bss.o)
                0x00004028                __do_clear_bss
 *(.init5)
 *(.init6)
 *(.init7)
 *(.init8)
 *(.init9)
 .init9         0x0000403e      0x22e build/sky/obj/contiki-main.o
                0x0000403e                main
 *(.fini9)
 .fini9         0x0000426c        0x0 /usr/local/bin/../lib/gcc/msp430/4.7.2/mmpy-16/libcrt0.a(__stop_progExec__.o)
                0x0000426c                __stop_progExec__
 *(.fini8)
 *(.fini7)
 *(.fini6)
 *(.fini5)
 *(.fini4)
 *(.fini3)
 *(.fini2)
 *(.fini1)
 *(.fini0)
 .fini0         0x0000426c        0x6 /usr/local/bin/../lib/gcc/msp430/4.7.2/mmpy-16/libcrt0.a(_endless_loop__.o)
                0x0000426c                _endless_loop__
 *(.fini .fini.*)
                0x00004272                . = ALIGN (0x2)
                0x00004272                __ctors_start = .
 *(.ctors)
                0x00004272                __ctors_end = .
                0x00004272                __dtors_start = .
 *(.dtors)
                0x00004272                __dtors_end = .
                0x00004272                . = ALIGN (0x2)
 *(.text .text.* .gnu.linkonce.t.*)
 .text          0x00004272        0x4 /usr/local/bin/../lib/gcc/msp430/4.7.2/mmpy-16/crt0ivtbl16.o
                0x00004272                __isr_14
                0x00004272                __isr_11
                0x00004272                __isr_2
                0x00004272                __isr_7
                0x00004272                __isr_0
                0x00004272                __isr_8
                0x00004272                __isr_3
                0x00004272                __isr_12
                0x00004272                __isr_13
                0x00004272                __isr_9
 .text.process_thread_web_sense
                0x00004276       0x3c websense.o
 .text.process_thread_webserver_nogui_process
                0x000042b2       0x40 websense.o
 .text.prefix   0x000042f2       0x1e websense.o
                0x000042f2                prefix
 .text.generate_routes
                0x00004310      0x20a websense.o
 .text.httpd_simple_get_script
                0x0000451a        0x6 websense.o
                0x0000451a                httpd_simple_get_script
 .text.handle_input
                0x00004520       0xec build/sky/obj/httpd-simple.o
 .text.send_headers
                0x0000460c       0x6a build/sky/obj/httpd-simple.o
 .text.handle_output
                0x00004676       0xf4 build/sky/obj/httpd-simple.o
 .text.httpd_appcall
                0x0000476a       0xd0 build/sky/obj/httpd-simple.o
                0x0000476a                httpd_appcall
 .text.httpd_init
                0x0000483a       0x12 build/sky/obj/httpd-simple.o
                0x0000483a                httpd_init
 .text.putchar  0x0000484c       0x10 build/sky/contiki-ng-sky.a(uart1-putchar.o)
                0x0000484c                putchar
 .text.platform_init_stage_one
                0x0000485c       0x12 build/sky/contiki-ng-sky.a(platform.o)
                0x0000485c                platform_init_stage_one
 .text.platform_init_stage_two
                0x0000486e       0x64 build/sky/contiki-ng-sky.a(platform.o)
                0x0000486e                platform_init_stage_two
 .text.platform_init_stage_three
                0x000048d2       0x7a build/sky/contiki-ng-sky.a(platform.o)
                0x000048d2                platform_init_stage_three
 .text.platform_idle
                0x0000494c       0x54 build/sky/contiki-ng-sky.a(platform.o)
                0x0000494c                platform_idle
 .text.msp430_init_dco
                0x000049a0       0x82 build/sky/contiki-ng-sky.a(msp430.o)
                0x000049a0                msp430_init_dco
 .text.msp430_add_lpm_req
                0x00004a22        0xc build/sky/contiki-ng-sky.a(msp430.o)
                0x00004a22                msp430_add_lpm_req
 .text.msp430_cpu_init
                0x00004a2e       0x2a build/sky/contiki-ng-sky.a(msp430.o)
                0x00004a2e                msp430_cpu_init
 .text.splhigh_
                0x00004a58        0x8 build/sky/contiki-ng-sky.a(msp430.o)
                0x00004a58                splhigh_
 .text.msp430_sync_dco
                0x00004a60       0x6c build/sky/contiki-ng-sky.a(msp430.o)
                0x00004a60                msp430_sync_dco
 .text.timera1  0x00004acc       0xdc build/sky/contiki-ng-sky.a(clock.o)
                0x00004acc                __isr_5
                0x00004acc                timera1
 .text.clock_time
                0x00004ba8       0x1a build/sky/contiki-ng-sky.a(clock.o)
                0x00004ba8                clock_time
 .text.clock_init
                0x00004bc2       0x28 build/sky/contiki-ng-sky.a(clock.o)
                0x00004bc2                clock_init
 .text.clock_delay
                0x00004bea        0xc build/sky/contiki-ng-sky.a(clock.o)
                0x00004bea                clock_delay
 .text.clock_seconds
                0x00004bf6       0x1a build/sky/contiki-ng-sky.a(clock.o)
                0x00004bf6                clock_seconds
 .text.leds_init
                0x00004c10        0x6 build/sky/contiki-ng-sky.a(leds.o)
                0x00004c10                leds_init
 .text.leds_on  0x00004c16       0x12 build/sky/contiki-ng-sky.a(leds.o)
                0x00004c16                leds_on
 .text.leds_off
                0x00004c28       0x12 build/sky/contiki-ng-sky.a(leds.o)
                0x00004c28                leds_off
 .text.leds_arch_init
                0x00004c3a        0xe build/sky/contiki-ng-sky.a(leds-arch.o)
                0x00004c3a                leds_arch_init
 .text.leds_arch_get
                0x00004c48       0x34 build/sky/contiki-ng-sky.a(leds-arch.o)
                0x00004c48                leds_arch_get
 .text.leds_arch_set
                0x00004c7c       0x3e build/sky/contiki-ng-sky.a(leds-arch.o)
                0x00004c7c                leds_arch_set
 .text.watchdog_interrupt
                0x00004cba        0x6 build/sky/contiki-ng-sky.a(watchdog.o)
                0x00004cba                __isr_10
                0x00004cba                watchdog_interrupt
 .text.watchdog_start
                0x00004cc0       0x14 build/sky/contiki-ng-sky.a(watchdog.o)
                0x00004cc0                watchdog_start
 .text.watchdog_periodic
                0x00004cd4       0x12 build/sky/contiki-ng-sky.a(watchdog.o)
                0x00004cd4                watchdog_periodic
 .text.watchdog_stop
                0x00004ce6       0x16 build/sky/contiki-ng-sky.a(watchdog.o)
                0x00004ce6                watchdog_stop
 .text.watchdog_init
                0x00004cfc       0x12 build/sky/contiki-ng-sky.a(watchdog.o)
                0x00004cfc                watchdog_init
 .text.autostart_start
                0x00004d0e       0x16 build/sky/contiki-ng-sky.a(autostart.o)
                0x00004d0e                autostart_start
 .text.energest_init
                0x00004d24        0x2 build/sky/contiki-ng-sky.a(energest.o)
                0x00004d24                energest_init
 .text.energest_flush
                0x00004d26        0x2 build/sky/contiki-ng-sky.a(energest.o)
                0x00004d26                energest_flush
 .text.update_time
                0x00004d28       0x78 build/sky/contiki-ng-sky.a(etimer.o)
 .text.etimer_request_poll
                0x00004da0        0xa build/sky/contiki-ng-sky.a(etimer.o)
                0x00004da0                etimer_request_poll
 .text.process_thread_etimer_process
                0x00004daa       0xcc build/sky/contiki-ng-sky.a(etimer.o)
 .text.add_timer
                0x00004e76       0x40 build/sky/contiki-ng-sky.a(etimer.o)
 .text.etimer_set
                0x00004eb6       0x12 build/sky/contiki-ng-sky.a(etimer.o)
                0x00004eb6                etimer_set
 .text.etimer_reset
                0x00004ec8       0x12 build/sky/contiki-ng-sky.a(etimer.o)
                0x00004ec8                etimer_reset
 .text.etimer_restart
                0x00004eda       0x12 build/sky/contiki-ng-sky.a(etimer.o)
                0x00004eda                etimer_restart
 .text.etimer_expired
                0x00004eec        0xe build/sky/contiki-ng-sky.a(etimer.o)
                0x00004eec                etimer_expired
 .text.etimer_pending
                0x00004efa        0xc build/sky/contiki-ng-sky.a(etimer.o)
                0x00004efa                etimer_pending
 .text.etimer_next_expiration_time
                0x00004f06       0x16 build/sky/contiki-ng-sky.a(etimer.o)
                0x00004f06                etimer_next_expiration_time
 .text.etimer_stop
                0x00004f1c       0x3e build/sky/contiki-ng-sky.a(etimer.o)
                0x00004f1c                etimer_stop
 .text.log_6addr
                0x00004f5a       0x32 build/sky/contiki-ng-sky.a(log.o)
                0x00004f5a                log_6addr
 .text.log_lladdr
                0x00004f8c       0x44 build/sky/contiki-ng-sky.a(log.o)
                0x00004f8c                log_lladdr
 .text.process_thread_ctimer_process
                0x00004fd0       0xa8 build/sky/contiki-ng-sky.a(ctimer.o)
 .text.ctimer_init
                0x00005078       0x18 build/sky/contiki-ng-sky.a(ctimer.o)
                0x00005078                ctimer_init
 .text.ctimer_set_with_process
                0x00005090       0x4e build/sky/contiki-ng-sky.a(ctimer.o)
                0x00005090                ctimer_set_with_process
 .text.ctimer_set
                0x000050de       0x10 build/sky/contiki-ng-sky.a(ctimer.o)
                0x000050de                ctimer_set
 .text.ctimer_reset
                0x000050ee       0x30 build/sky/contiki-ng-sky.a(ctimer.o)
                0x000050ee                ctimer_reset
 .text.ctimer_stop
                0x0000511e       0x28 build/sky/contiki-ng-sky.a(ctimer.o)
                0x0000511e                ctimer_stop
 .text.ctimer_expired
                0x00005146       0x30 build/sky/contiki-ng-sky.a(ctimer.o)
                0x00005146                ctimer_expired
 .text.rtimer_init
                0x00005176        0x6 build/sky/contiki-ng-sky.a(rtimer.o)
                0x00005176                rtimer_init
 .text.rtimer_run_next
                0x0000517c       0x26 build/sky/contiki-ng-sky.a(rtimer.o)
                0x0000517c                rtimer_run_next
 .text.node_id_init
                0x000051a2       0x14 build/sky/contiki-ng-sky.a(node-id.o)
                0x000051a2                node_id_init
 .text.call_process
                0x000051b6       0x46 build/sky/contiki-ng-sky.a(process.o)
 .text.exit_process
                0x000051fc       0x96 build/sky/contiki-ng-sky.a(process.o)
 .text.do_poll  0x00005292       0x30 build/sky/contiki-ng-sky.a(process.o)
 .text.process_alloc_event
                0x000052c2        0xe build/sky/contiki-ng-sky.a(process.o)
                0x000052c2                process_alloc_event
 .text.process_init
                0x000052d0       0x18 build/sky/contiki-ng-sky.a(process.o)
                0x000052d0                process_init
 .text.process_run
                0x000052e8       0x92 build/sky/contiki-ng-sky.a(process.o)
                0x000052e8                process_run
 .text.process_nevents
                0x0000537a        0xe build/sky/contiki-ng-sky.a(process.o)
                0x0000537a                process_nevents
 .text.process_post
                0x00005388       0x42 build/sky/contiki-ng-sky.a(process.o)
                0x00005388                process_post
 .text.process_post_synch
                0x000053ca       0x12 build/sky/contiki-ng-sky.a(process.o)
                0x000053ca                process_post_synch
 .text.process_start
                0x000053dc       0x36 build/sky/contiki-ng-sky.a(process.o)
                0x000053dc                process_start
 .text.process_poll
                0x00005412       0x18 build/sky/contiki-ng-sky.a(process.o)
                0x00005412                process_poll
 .text.timer_set
                0x0000542a       0x1c build/sky/contiki-ng-sky.a(timer.o)
                0x0000542a                timer_set
 .text.timer_restart
                0x00005446       0x14 build/sky/contiki-ng-sky.a(timer.o)
                0x00005446                timer_restart
 .text.timer_expired
                0x0000545a       0x2a build/sky/contiki-ng-sky.a(timer.o)
                0x0000545a                timer_expired
 .text.timer_reset
                0x00005484       0x1c build/sky/contiki-ng-sky.a(timer.o)
                0x00005484                timer_reset
 .text.list_init
                0x000054a0        0x6 build/sky/contiki-ng-sky.a(list.o)
                0x000054a0                list_init
 .text.list_head
                0x000054a6        0x4 build/sky/contiki-ng-sky.a(list.o)
                0x000054a6                list_head
 .text.list_tail
                0x000054aa       0x12 build/sky/contiki-ng-sky.a(list.o)
                0x000054aa                list_tail
 .text.list_remove
                0x000054bc       0x34 build/sky/contiki-ng-sky.a(list.o)
                0x000054bc                list_remove
 .text.list_push
                0x000054f0       0x1a build/sky/contiki-ng-sky.a(list.o)
                0x000054f0                list_push
 .text.list_add
                0x0000550a       0x2a build/sky/contiki-ng-sky.a(list.o)
                0x0000550a                list_add
 .text.list_length
                0x00005534       0x10 build/sky/contiki-ng-sky.a(list.o)
                0x00005534                list_length
 .text.list_item_next
                0x00005544        0xc build/sky/contiki-ng-sky.a(list.o)
                0x00005544                list_item_next
 .text.memb_init
                0x00005550       0x36 build/sky/contiki-ng-sky.a(memb.o)
                0x00005550                memb_init
 .text.memb_alloc
                0x00005586       0x3e build/sky/contiki-ng-sky.a(memb.o)
                0x00005586                memb_alloc
 .text.memb_free
                0x000055c4       0x32 build/sky/contiki-ng-sky.a(memb.o)
                0x000055c4                memb_free
 .text.memb_inmemb
                0x000055f6       0x2a build/sky/contiki-ng-sky.a(memb.o)
                0x000055f6                memb_inmemb
 .text.memb_numfree
                0x00005620       0x26 build/sky/contiki-ng-sky.a(memb.o)
                0x00005620                memb_numfree
 .text.random_init
                0x00005646        0x6 build/sky/contiki-ng-sky.a(random.o)
                0x00005646                random_init
 .text.random_rand
                0x0000564c        0x6 build/sky/contiki-ng-sky.a(random.o)
                0x0000564c                random_rand
 .text.queuebuf_init
                0x00005652       0x12 build/sky/contiki-ng-sky.a(queuebuf.o)
                0x00005652                queuebuf_init
 .text.queuebuf_numfree
                0x00005664        0xa build/sky/contiki-ng-sky.a(queuebuf.o)
                0x00005664                queuebuf_numfree
 .text.queuebuf_new_from_packetbuf
                0x0000566e       0x52 build/sky/contiki-ng-sky.a(queuebuf.o)
                0x0000566e                queuebuf_new_from_packetbuf
 .text.queuebuf_update_attr_from_packetbuf
                0x000056c0       0x12 build/sky/contiki-ng-sky.a(queuebuf.o)
                0x000056c0                queuebuf_update_attr_from_packetbuf
 .text.queuebuf_free
                0x000056d2       0x2a build/sky/contiki-ng-sky.a(queuebuf.o)
                0x000056d2                queuebuf_free
 .text.queuebuf_to_packetbuf
                0x000056fc       0x32 build/sky/contiki-ng-sky.a(queuebuf.o)
                0x000056fc                queuebuf_to_packetbuf
 .text.packetbuf_hdrreduce
                0x0000572e       0x1a build/sky/contiki-ng-sky.a(packetbuf.o)
                0x0000572e                packetbuf_hdrreduce
 .text.packetbuf_set_datalen
                0x00005748        0x6 build/sky/contiki-ng-sky.a(packetbuf.o)
                0x00005748                packetbuf_set_datalen
 .text.packetbuf_hdrptr
                0x0000574e        0x6 build/sky/contiki-ng-sky.a(packetbuf.o)
                0x0000574e                packetbuf_hdrptr
 .text.packetbuf_datalen
                0x00005754        0x6 build/sky/contiki-ng-sky.a(packetbuf.o)
                0x00005754                packetbuf_datalen
 .text.packetbuf_hdrlen
                0x0000575a        0xa build/sky/contiki-ng-sky.a(packetbuf.o)
                0x0000575a                packetbuf_hdrlen
 .text.packetbuf_dataptr
                0x00005764        0xc build/sky/contiki-ng-sky.a(packetbuf.o)
                0x00005764                packetbuf_dataptr
 .text.packetbuf_copyto
                0x00005770       0x46 build/sky/contiki-ng-sky.a(packetbuf.o)
                0x00005770                packetbuf_copyto
 .text.packetbuf_totlen
                0x000057b6        0xc build/sky/contiki-ng-sky.a(packetbuf.o)
                0x000057b6                packetbuf_totlen
 .text.packetbuf_hdralloc
                0x000057c2       0x3c build/sky/contiki-ng-sky.a(packetbuf.o)
                0x000057c2                packetbuf_hdralloc
 .text.packetbuf_attr_clear
                0x000057fe       0x28 build/sky/contiki-ng-sky.a(packetbuf.o)
                0x000057fe                packetbuf_attr_clear
 .text.packetbuf_clear
                0x00005826       0x12 build/sky/contiki-ng-sky.a(packetbuf.o)
                0x00005826                packetbuf_clear
 .text.packetbuf_copyfrom
                0x00005838       0x2e build/sky/contiki-ng-sky.a(packetbuf.o)
                0x00005838                packetbuf_copyfrom
 .text.packetbuf_attr_copyto
                0x00005866       0x22 build/sky/contiki-ng-sky.a(packetbuf.o)
                0x00005866                packetbuf_attr_copyto
 .text.packetbuf_attr_copyfrom
                0x00005888       0x24 build/sky/contiki-ng-sky.a(packetbuf.o)
                0x00005888                packetbuf_attr_copyfrom
 .text.packetbuf_set_attr
                0x000058ac        0xc build/sky/contiki-ng-sky.a(packetbuf.o)
                0x000058ac                packetbuf_set_attr
 .text.packetbuf_attr
                0x000058b8        0xa build/sky/contiki-ng-sky.a(packetbuf.o)
                0x000058b8                packetbuf_attr
 .text.packetbuf_set_addr
                0x000058c2       0x18 build/sky/contiki-ng-sky.a(packetbuf.o)
                0x000058c2                packetbuf_set_addr
 .text.packetbuf_addr
                0x000058da       0x12 build/sky/contiki-ng-sky.a(packetbuf.o)
                0x000058da                packetbuf_addr
 .text.packetbuf_holds_broadcast
                0x000058ec        0xe build/sky/contiki-ng-sky.a(packetbuf.o)
                0x000058ec                packetbuf_holds_broadcast
 .text.netstack_process_ip_callback
                0x000058fa       0x4e build/sky/contiki-ng-sky.a(netstack.o)
                0x000058fa                netstack_process_ip_callback
 .text.netstack_init
                0x00005948        0xe build/sky/contiki-ng-sky.a(netstack.o)
                0x00005948                netstack_init
 .text.linkaddr_copy
                0x00005956        0x8 build/sky/contiki-ng-sky.a(linkaddr.o)
                0x00005956                linkaddr_copy
 .text.linkaddr_cmp
                0x0000595e       0x12 build/sky/contiki-ng-sky.a(linkaddr.o)
                0x0000595e                linkaddr_cmp
 .text.linkaddr_set_node_addr
                0x00005970        0xc build/sky/contiki-ng-sky.a(linkaddr.o)
                0x00005970                linkaddr_set_node_addr
 .text.on       0x0000597c        0x6 build/sky/contiki-ng-sky.a(csma.o)
 .text.off      0x00005982        0x6 build/sky/contiki-ng-sky.a(csma.o)
 .text.max_payload
                0x00005988       0x38 build/sky/contiki-ng-sky.a(csma.o)
 .text.send_packet
                0x000059c0        0x6 build/sky/contiki-ng-sky.a(csma.o)
 .text.init     0x000059c6       0x1c build/sky/contiki-ng-sky.a(csma.o)
 .text.input_packet
                0x000059e2       0x58 build/sky/contiki-ng-sky.a(csma.o)
 .text.schedule_transmission
                0x00005a3a       0x70 build/sky/contiki-ng-sky.a(csma-output.o)
 .text.tx_done  0x00005aaa       0x9a build/sky/contiki-ng-sky.a(csma-output.o)
 .text.transmit_from_queue
                0x00005b44      0x1bc build/sky/contiki-ng-sky.a(csma-output.o)
 .text.csma_output_packet
                0x00005d00      0x184 build/sky/contiki-ng-sky.a(csma-output.o)
                0x00005d00                csma_output_packet
 .text.csma_output_init
                0x00005e84       0x1a build/sky/contiki-ng-sky.a(csma-output.o)
                0x00005e84                csma_output_init
 .text.uip_ds6_default_prefix
                0x00005e9e        0x6 build/sky/contiki-ng-sky.a(uip-ds6.o)
                0x00005e9e                uip_ds6_default_prefix
 .text.uip_ds6_list_loop
                0x00005ea4       0x92 build/sky/contiki-ng-sky.a(uip-ds6.o)
                0x00005ea4                uip_ds6_list_loop
 .text.uip_ds6_prefix_add
                0x00005f36       0x80 build/sky/contiki-ng-sky.a(uip-ds6.o)
                0x00005f36                uip_ds6_prefix_add
 .text.uip_ds6_is_addr_onlink
                0x00005fb6       0x54 build/sky/contiki-ng-sky.a(uip-ds6.o)
                0x00005fb6                uip_ds6_is_addr_onlink
 .text.uip_ds6_addr_lookup
                0x0000600a       0x2a build/sky/contiki-ng-sky.a(uip-ds6.o)
                0x0000600a                uip_ds6_addr_lookup
 .text.uip_ds6_get_link_local
                0x00006034       0x3e build/sky/contiki-ng-sky.a(uip-ds6.o)
                0x00006034                uip_ds6_get_link_local
 .text.uip_ds6_maddr_add
                0x00006072       0x4c build/sky/contiki-ng-sky.a(uip-ds6.o)
                0x00006072                uip_ds6_maddr_add
 .text.uip_ds6_addr_add
                0x000060be       0xc4 build/sky/contiki-ng-sky.a(uip-ds6.o)
                0x000060be                uip_ds6_addr_add
 .text.uip_ds6_maddr_rm
                0x00006182        0xa build/sky/contiki-ng-sky.a(uip-ds6.o)
                0x00006182                uip_ds6_maddr_rm
 .text.uip_ds6_maddr_lookup
                0x0000618c       0x2a build/sky/contiki-ng-sky.a(uip-ds6.o)
                0x0000618c                uip_ds6_maddr_lookup
 .text.uip_ds6_addr_rm
                0x000061b6       0x54 build/sky/contiki-ng-sky.a(uip-ds6.o)
                0x000061b6                uip_ds6_addr_rm
 .text.uip_ds6_periodic
                0x0000620a       0x46 build/sky/contiki-ng-sky.a(uip-ds6.o)
                0x0000620a                uip_ds6_periodic
 .text.uip_ds6_set_addr_iid
                0x00006250       0x14 build/sky/contiki-ng-sky.a(uip-ds6.o)
                0x00006250                uip_ds6_set_addr_iid
 .text.uip_ds6_set_lladdr_from_iid
                0x00006264       0x14 build/sky/contiki-ng-sky.a(uip-ds6.o)
                0x00006264                uip_ds6_set_lladdr_from_iid
 .text.get_match_length
                0x00006278       0x44 build/sky/contiki-ng-sky.a(uip-ds6.o)
                0x00006278                get_match_length
 .text.uip_ds6_select_src
                0x000062bc       0xaa build/sky/contiki-ng-sky.a(uip-ds6.o)
                0x000062bc                uip_ds6_select_src
 .text.uip_ds6_compute_reachable_time
                0x00006366       0x3e build/sky/contiki-ng-sky.a(uip-ds6.o)
                0x00006366                uip_ds6_compute_reachable_time
 .text.uip_ds6_init
                0x000063a4      0x164 build/sky/contiki-ng-sky.a(uip-ds6.o)
                0x000063a4                uip_ds6_init
 .text.uip_ds6_route_init
                0x00006508       0x12 build/sky/contiki-ng-sky.a(uip-ds6-route.o)
                0x00006508                uip_ds6_route_init
 .text.uip_ds6_route_nexthop
                0x0000651a        0x4 build/sky/contiki-ng-sky.a(uip-ds6-route.o)
                0x0000651a                uip_ds6_route_nexthop
 .text.uip_ds6_route_lookup
                0x0000651e        0x4 build/sky/contiki-ng-sky.a(uip-ds6-route.o)
                0x0000651e                uip_ds6_route_lookup
 .text.uip_ds6_route_rm
                0x00006522        0x2 build/sky/contiki-ng-sky.a(uip-ds6-route.o)
                0x00006522                uip_ds6_route_rm
 .text.uip_ds6_defrt_rm
                0x00006524       0x3c build/sky/contiki-ng-sky.a(uip-ds6-route.o)
                0x00006524                uip_ds6_defrt_rm
 .text.uip_ds6_defrt_lookup
                0x00006560       0x40 build/sky/contiki-ng-sky.a(uip-ds6-route.o)
                0x00006560                uip_ds6_defrt_lookup
 .text.uip_ds6_defrt_add
                0x000065a0       0x72 build/sky/contiki-ng-sky.a(uip-ds6-route.o)
                0x000065a0                uip_ds6_defrt_add
 .text.uip_ds6_defrt_choose
                0x00006612       0x3a build/sky/contiki-ng-sky.a(uip-ds6-route.o)
                0x00006612                uip_ds6_defrt_choose
 .text.uip_ds6_defrt_periodic
                0x0000664c       0x38 build/sky/contiki-ng-sky.a(uip-ds6-route.o)
                0x0000664c                uip_ds6_defrt_periodic
 .text.psock_send
                0x00006684       0xae build/sky/contiki-ng-sky.a(psock.o)
                0x00006684                psock_send
 .text.psock_datalen
                0x00006732        0xc build/sky/contiki-ng-sky.a(psock.o)
                0x00006732                psock_datalen
 .text.psock_newdata
                0x0000673e       0x26 build/sky/contiki-ng-sky.a(psock.o)
                0x0000673e                psock_newdata
 .text.psock_readto
                0x00006764       0xbc build/sky/contiki-ng-sky.a(psock.o)
                0x00006764                psock_readto
 .text.psock_init
                0x00006820       0x22 build/sky/contiki-ng-sky.a(psock.o)
                0x00006820                psock_init
 .text.uip_ds6_nbr_rm
                0x00006842       0x1e build/sky/contiki-ng-sky.a(uip-ds6-nbr.o)
                0x00006842                uip_ds6_nbr_rm
 .text.uip_ds6_neighbors_init
                0x00006860       0x12 build/sky/contiki-ng-sky.a(uip-ds6-nbr.o)
                0x00006860                uip_ds6_neighbors_init
 .text.uip_ds6_nbr_add
                0x00006872       0x3e build/sky/contiki-ng-sky.a(uip-ds6-nbr.o)
                0x00006872                uip_ds6_nbr_add
 .text.uip_ds6_nbr_get_ll
                0x000068b0        0xc build/sky/contiki-ng-sky.a(uip-ds6-nbr.o)
                0x000068b0                uip_ds6_nbr_get_ll
 .text.uip_ds6_nbr_head
                0x000068bc        0xa build/sky/contiki-ng-sky.a(uip-ds6-nbr.o)
                0x000068bc                uip_ds6_nbr_head
 .text.uip_ds6_nbr_next
                0x000068c6        0xc build/sky/contiki-ng-sky.a(uip-ds6-nbr.o)
                0x000068c6                uip_ds6_nbr_next
 .text.uip_ds6_nbr_lookup
                0x000068d2       0x3a build/sky/contiki-ng-sky.a(uip-ds6-nbr.o)
                0x000068d2                uip_ds6_nbr_lookup
 .text.uip_ds6_nbr_ll_lookup
                0x0000690c        0xc build/sky/contiki-ng-sky.a(uip-ds6-nbr.o)
                0x0000690c                uip_ds6_nbr_ll_lookup
 .text.uip_ds6_nbr_update_ll
                0x00006918       0x76 build/sky/contiki-ng-sky.a(uip-ds6-nbr.o)
                0x00006918                uip_ds6_nbr_update_ll
 .text.uip_ds6_nbr_ipaddr_from_lladdr
                0x0000698e        0x6 build/sky/contiki-ng-sky.a(uip-ds6-nbr.o)
                0x0000698e                uip_ds6_nbr_ipaddr_from_lladdr
 .text.uip_ds6_nbr_lladdr_from_ipaddr
                0x00006994       0x12 build/sky/contiki-ng-sky.a(uip-ds6-nbr.o)
                0x00006994                uip_ds6_nbr_lladdr_from_ipaddr
 .text.uip_ds6_link_callback
                0x000069a6        0x2 build/sky/contiki-ng-sky.a(uip-ds6-nbr.o)
                0x000069a6                uip_ds6_link_callback
 .text.start_periodic_tcp_timer
                0x000069a8       0x16 build/sky/contiki-ng-sky.a(tcpip.o)
 .text.tcpip_output
                0x000069be       0x22 build/sky/contiki-ng-sky.a(tcpip.o)
                0x000069be                tcpip_output
 .text.tcp_listen
                0x000069e0       0x24 build/sky/contiki-ng-sky.a(tcpip.o)
                0x000069e0                tcp_listen
 .text.tcp_attach
                0x00006a04        0xc build/sky/contiki-ng-sky.a(tcpip.o)
                0x00006a04                tcp_attach
 .text.tcpip_input
                0x00006a10       0x1e build/sky/contiki-ng-sky.a(tcpip.o)
                0x00006a10                tcpip_input
 .text.tcpip_ipv6_output
                0x00006a2e      0x114 build/sky/contiki-ng-sky.a(tcpip.o)
                0x00006a2e                tcpip_ipv6_output
 .text.packet_input.part.3
                0x00006b42       0x2c build/sky/contiki-ng-sky.a(tcpip.o)
 .text.process_thread_tcpip_process
                0x00006b6e      0x190 build/sky/contiki-ng-sky.a(tcpip.o)
 .text.tcpip_uipcall
                0x00006cfe       0x62 build/sky/contiki-ng-sky.a(tcpip.o)
                0x00006cfe                tcpip_uipcall
 .text.chksum   0x00006d60       0x32 build/sky/contiki-ng-sky.a(uip6.o)
 .text.upper_layer_chksum
                0x00006d92       0x58 build/sky/contiki-ng-sky.a(uip6.o)
 .text.ext_hdr_options_process
                0x00006dea       0xa4 build/sky/contiki-ng-sky.a(uip6.o)
 .text.uip_check_mtu
                0x00006e8e       0x1e build/sky/contiki-ng-sky.a(uip6.o)
 .text.uip_update_ttl
                0x00006eac       0x24 build/sky/contiki-ng-sky.a(uip6.o)
 .text.uip_add32
                0x00006ed0       0x68 build/sky/contiki-ng-sky.a(uip6.o)
                0x00006ed0                uip_add32
 .text.uip_add_rcv_nxt
                0x00006f38       0x2e build/sky/contiki-ng-sky.a(uip6.o)
 .text.uip_icmp6chksum
                0x00006f66        0xa build/sky/contiki-ng-sky.a(uip6.o)
                0x00006f66                uip_icmp6chksum
 .text.uip_tcpchksum
                0x00006f70        0xa build/sky/contiki-ng-sky.a(uip6.o)
                0x00006f70                uip_tcpchksum
 .text.uip_udpchksum
                0x00006f7a        0xa build/sky/contiki-ng-sky.a(uip6.o)
                0x00006f7a                uip_udpchksum
 .text.uip_init
                0x00006f84       0x66 build/sky/contiki-ng-sky.a(uip6.o)
                0x00006f84                uip_init
 .text.uip_remove_ext_hdr
                0x00006fea       0x5e build/sky/contiki-ng-sky.a(uip6.o)
                0x00006fea                uip_remove_ext_hdr
 .text.uip_unlisten
                0x00007048       0x1c build/sky/contiki-ng-sky.a(uip6.o)
                0x00007048                uip_unlisten
 .text.uip_listen
                0x00007064       0x1c build/sky/contiki-ng-sky.a(uip6.o)
                0x00007064                uip_listen
 .text.uip_process
                0x00007080      0xed4 build/sky/contiki-ng-sky.a(uip6.o)
                0x00007080                uip_process
 .text.uip_htonl
                0x00007f54       0x2e build/sky/contiki-ng-sky.a(uip6.o)
                0x00007f54                uip_htonl
 .text.uip_send
                0x00007f82       0x62 build/sky/contiki-ng-sky.a(uip6.o)
                0x00007f82                uip_send
 .text.ns_input
                0x00007fe4      0x286 build/sky/contiki-ng-sky.a(uip-nd6.o)
 .text.uip_nd6_init
                0x0000826a        0xa build/sky/contiki-ng-sky.a(uip-nd6.o)
                0x0000826a                uip_nd6_init
 .text.clear_fragments
                0x00008274       0x40 build/sky/contiki-ng-sky.a(sicslowpan.o)
 .text.addr_context_lookup_by_number
                0x000082b4       0x16 build/sky/contiki-ng-sky.a(sicslowpan.o)
 .text.sicslowpan_init
                0x000082ca       0x18 build/sky/contiki-ng-sky.a(sicslowpan.o)
                0x000082ca                sicslowpan_init
 .text.set_packet_attrs
                0x000082e2       0x66 build/sky/contiki-ng-sky.a(sicslowpan.o)
 .text.compress_addr_64
                0x00008348       0xae build/sky/contiki-ng-sky.a(sicslowpan.o)
 .text.addr_context_lookup_by_prefix
                0x000083f6       0x20 build/sky/contiki-ng-sky.a(sicslowpan.o)
 .text.send_packet
                0x00008416       0x1a build/sky/contiki-ng-sky.a(sicslowpan.o)
 .text.fragment_copy_payload_and_send
                0x00008430       0x66 build/sky/contiki-ng-sky.a(sicslowpan.o)
 .text.output   0x00008496      0x7c6 build/sky/contiki-ng-sky.a(sicslowpan.o)
 .text.packet_sent
                0x00008c5c       0x56 build/sky/contiki-ng-sky.a(sicslowpan.o)
 .text.store_fragment
                0x00008cb2       0xb4 build/sky/contiki-ng-sky.a(sicslowpan.o)
 .text.add_fragment
                0x00008d66      0x1fc build/sky/contiki-ng-sky.a(sicslowpan.o)
 .text.uncompress_addr
                0x00008f62       0xb4 build/sky/contiki-ng-sky.a(sicslowpan.o)
 .text.input    0x00009016      0x8b0 build/sky/contiki-ng-sky.a(sicslowpan.o)
 .text.uiplib_ipaddr_snprint
                0x000098c6      0x12c build/sky/contiki-ng-sky.a(uiplib.o)
                0x000098c6                uiplib_ipaddr_snprint
 .text.rpl_has_joined
                0x000099f2       0x12 build/sky/contiki-ng-sky.a(rpl.o)
                0x000099f2                rpl_has_joined
 .text.rpl_is_reachable
                0x00009a04       0x12 build/sky/contiki-ng-sky.a(rpl.o)
                0x00009a04                rpl_is_reachable
 .text.neighbor_state_changed
                0x00009a16        0x2 build/sky/contiki-ng-sky.a(rpl.o)
 .text.drop_route
                0x00009a18        0x2 build/sky/contiki-ng-sky.a(rpl.o)
 .text.rpl_get_leaf_only
                0x00009a1a        0x6 build/sky/contiki-ng-sky.a(rpl.o)
                0x00009a1a                rpl_get_leaf_only
 .text.get_sr_node_ipaddr
                0x00009a20       0x34 build/sky/contiki-ng-sky.a(rpl.o)
 .text.init     0x00009a54       0x42 build/sky/contiki-ng-sky.a(rpl.o)
 .text.set_ip_from_prefix
                0x00009a96       0x38 build/sky/contiki-ng-sky.a(rpl.o)
 .text.rpl_link_callback
                0x00009ace       0x1e build/sky/contiki-ng-sky.a(rpl.o)
                0x00009ace                rpl_link_callback
 .text.rpl_lollipop_greater_than
                0x00009aec       0x3c build/sky/contiki-ng-sky.a(rpl.o)
                0x00009aec                rpl_lollipop_greater_than
 .text.rpl_get_global_address
                0x00009b28       0xbe build/sky/contiki-ng-sky.a(rpl.o)
                0x00009b28                rpl_get_global_address
 .text.rpl_reset_prefix
                0x00009be6       0x24 build/sky/contiki-ng-sky.a(rpl.o)
                0x00009be6                rpl_reset_prefix
 .text.rpl_set_prefix_from_addr
                0x00009c0a       0x92 build/sky/contiki-ng-sky.a(rpl.o)
                0x00009c0a                rpl_set_prefix_from_addr
 .text.get32    0x00009c9c       0x46 build/sky/contiki-ng-sky.a(rpl-icmp6.o)
 .text.set32    0x00009ce2       0x2a build/sky/contiki-ng-sky.a(rpl-icmp6.o)
 .text.get16    0x00009d0c        0xe build/sky/contiki-ng-sky.a(rpl-icmp6.o)
 .text.set16    0x00009d1a       0x10 build/sky/contiki-ng-sky.a(rpl-icmp6.o)
 .text.dao_ack_input
                0x00009d2a       0x30 build/sky/contiki-ng-sky.a(rpl-icmp6.o)
 .text.dao_input
                0x00009d5a      0x13c build/sky/contiki-ng-sky.a(rpl-icmp6.o)
 .text.dio_input
                0x00009e96      0x29c build/sky/contiki-ng-sky.a(rpl-icmp6.o)
 .text.dis_input
                0x0000a132       0x1e build/sky/contiki-ng-sky.a(rpl-icmp6.o)
 .text.rpl_icmp6_update_nbr_table
                0x0000a150       0x36 build/sky/contiki-ng-sky.a(rpl-icmp6.o)
                0x0000a150                rpl_icmp6_update_nbr_table
 .text.rpl_icmp6_dis_output
                0x0000a186       0x34 build/sky/contiki-ng-sky.a(rpl-icmp6.o)
                0x0000a186                rpl_icmp6_dis_output
 .text.rpl_icmp6_dio_output
                0x0000a1ba      0x23a build/sky/contiki-ng-sky.a(rpl-icmp6.o)
                0x0000a1ba                rpl_icmp6_dio_output
 .text.rpl_icmp6_dao_output
                0x0000a3f4       0xe2 build/sky/contiki-ng-sky.a(rpl-icmp6.o)
                0x0000a3f4                rpl_icmp6_dao_output
 .text.rpl_icmp6_dao_ack_output
                0x0000a4d6       0x4e build/sky/contiki-ng-sky.a(rpl-icmp6.o)
                0x0000a4d6                rpl_icmp6_dao_ack_output
 .text.rpl_icmp6_init
                0x0000a524       0x22 build/sky/contiki-ng-sky.a(rpl-icmp6.o)
                0x0000a524                rpl_icmp6_init
 .text.rpl_dag_root_set_prefix
                0x0000a546       0x62 build/sky/contiki-ng-sky.a(rpl-dag-root.o)
                0x0000a546                rpl_dag_root_set_prefix
 .text.rpl_dag_root_start
                0x0000a5a8       0x8e build/sky/contiki-ng-sky.a(rpl-dag-root.o)
                0x0000a5a8                rpl_dag_root_start
 .text.rpl_dag_root_is_root
                0x0000a636       0x14 build/sky/contiki-ng-sky.a(rpl-dag-root.o)
                0x0000a636                rpl_dag_root_is_root
 .text.init_platform
                0x0000a64a        0xc build/sky/contiki-ng-sky.a(contiki-sky-pla)
                0x0000a64a                init_platform
 .text.status   0x0000a656       0x18 build/sky/contiki-ng-sky.a(button-sensor.o)
 .text.value    0x0000a66e       0x20 build/sky/contiki-ng-sky.a(button-sensor.o)
 .text.configure
                0x0000a68e       0x4c build/sky/contiki-ng-sky.a(button-sensor.o)
 .text.irq_p2   0x0000a6da       0x46 build/sky/contiki-ng-sky.a(button-sensor.o)
                0x0000a6da                irq_p2
                0x0000a6da                __isr_1
 .text.owreadb  0x0000a720       0x50 build/sky/contiki-ng-sky.a(ds2411.o)
 .text.ds2411_init
                0x0000a770      0x120 build/sky/contiki-ng-sky.a(ds2411.o)
                0x0000a770                ds2411_init
 .text.xmem_init
                0x0000a890       0x3c build/sky/contiki-ng-sky.a(xmem.o)
                0x0000a890                xmem_init
 .text.process_thread_sensors_process
                0x0000a8cc       0xc2 build/sky/contiki-ng-sky.a(sensors.o)
 .text.sensors_changed
                0x0000a98e       0x2a build/sky/contiki-ng-sky.a(sensors.o)
                0x0000a98e                sensors_changed
 .text.get_object
                0x0000a9b8        0x4 build/sky/contiki-ng-sky.a(cc2420.o)
 .text.set_object
                0x0000a9bc        0x4 build/sky/contiki-ng-sky.a(cc2420.o)
 .text.strobe   0x0000a9c0       0x1c build/sky/contiki-ng-sky.a(cc2420.o)
 .text.getreg   0x0000a9dc       0x4c build/sky/contiki-ng-sky.a(cc2420.o)
 .text.setreg   0x0000aa28       0x4c build/sky/contiki-ng-sky.a(cc2420.o)
 .text.write_ram
                0x0000aa74       0x7c build/sky/contiki-ng-sky.a(cc2420.o)
 .text.write_fifo_buf
                0x0000aaf0       0x3c build/sky/contiki-ng-sky.a(cc2420.o)
 .text.get_status
                0x0000ab2c       0x20 build/sky/contiki-ng-sky.a(cc2420.o)
 .text.on       0x0000ab4c       0x1a build/sky/contiki-ng-sky.a(cc2420.o)
 .text.cc2420_receiving_packet
                0x0000ab66        0xc build/sky/contiki-ng-sky.a(cc2420.o)
 .text.pending_packet
                0x0000ab72        0x8 build/sky/contiki-ng-sky.a(cc2420.o)
 .text.wait_for_transmission
                0x0000ab7a       0x22 build/sky/contiki-ng-sky.a(cc2420.o)
 .text.wait_for_status
                0x0000ab9c       0x28 build/sky/contiki-ng-sky.a(cc2420.o)
 .text.getrxdata
                0x0000abc4       0x50 build/sky/contiki-ng-sky.a(cc2420.o)
 .text.flushrx  0x0000ac14       0x1a build/sky/contiki-ng-sky.a(cc2420.o)
 .text.off      0x0000ac2e       0x28 build/sky/contiki-ng-sky.a(cc2420.o)
 .text.RELEASE_LOCK
                0x0000ac56       0x28 build/sky/contiki-ng-sky.a(cc2420.o)
 .text.set_key  0x0000ac7e       0x18 build/sky/contiki-ng-sky.a(cc2420.o)
 .text.set_frame_filtering
                0x0000ac96       0x30 build/sky/contiki-ng-sky.a(cc2420.o)
 .text.set_auto_ack
                0x0000acc6       0x30 build/sky/contiki-ng-sky.a(cc2420.o)
 .text.set_poll_mode
                0x0000acf6       0x2c build/sky/contiki-ng-sky.a(cc2420.o)
 .text.cc2420_prepare
                0x0000ad22       0x46 build/sky/contiki-ng-sky.a(cc2420.o)
 .text.cc2420_on
                0x0000ad68       0x22 build/sky/contiki-ng-sky.a(cc2420.o)
                0x0000ad68                cc2420_on
 .text.cc2420_transmit
                0x0000ad8a       0x66 build/sky/contiki-ng-sky.a(cc2420.o)
 .text.cc2420_send
                0x0000adf0       0x12 build/sky/contiki-ng-sky.a(cc2420.o)
 .text.cc2420_off
                0x0000ae02       0x30 build/sky/contiki-ng-sky.a(cc2420.o)
                0x0000ae02                cc2420_off
 .text.cc2420_cca
                0x0000ae32       0x68 build/sky/contiki-ng-sky.a(cc2420.o)
 .text.cc2420_read
                0x0000ae9a       0xbe build/sky/contiki-ng-sky.a(cc2420.o)
 .text.process_thread_cc2420_process
                0x0000af58       0x62 build/sky/contiki-ng-sky.a(cc2420.o)
 .text.encrypt  0x0000afba       0x88 build/sky/contiki-ng-sky.a(cc2420.o)
 .text.cc2420_set_channel
                0x0000b042       0x3c build/sky/contiki-ng-sky.a(cc2420.o)
                0x0000b042                cc2420_set_channel
 .text.cc2420_set_pan_addr
                0x0000b07e       0x4c build/sky/contiki-ng-sky.a(cc2420.o)
                0x0000b07e                cc2420_set_pan_addr
 .text.cc2420_interrupt
                0x0000b0ca       0x16 build/sky/contiki-ng-sky.a(cc2420.o)
                0x0000b0ca                cc2420_interrupt
 .text.cc2420_set_txpower
                0x0000b0e0       0x2c build/sky/contiki-ng-sky.a(cc2420.o)
                0x0000b0e0                cc2420_set_txpower
 .text.cc2420_get_txpower
                0x0000b10c       0x1e build/sky/contiki-ng-sky.a(cc2420.o)
                0x0000b10c                cc2420_get_txpower
 .text.cc2420_rssi
                0x0000b12a       0x4c build/sky/contiki-ng-sky.a(cc2420.o)
                0x0000b12a                cc2420_rssi
 .text.get_value
                0x0000b176      0x11e build/sky/contiki-ng-sky.a(cc2420.o)
 .text.cc2420_set_cca_threshold
                0x0000b294       0x16 build/sky/contiki-ng-sky.a(cc2420.o)
                0x0000b294                cc2420_set_cca_threshold
 .text.set_value
                0x0000b2aa      0x150 build/sky/contiki-ng-sky.a(cc2420.o)
 .text.cc2420_init
                0x0000b3fa       0xea build/sky/contiki-ng-sky.a(cc2420.o)
                0x0000b3fa                cc2420_init
 .text.cc2420_port1_interrupt
                0x0000b4e4       0x20 build/sky/contiki-ng-sky.a(cc2420-arch.o)
                0x0000b4e4                __isr_4
                0x0000b4e4                cc2420_port1_interrupt
 .text.cc2420_arch_init
                0x0000b504       0x1a build/sky/contiki-ng-sky.a(cc2420-arch.o)
                0x0000b504                cc2420_arch_init
 .text.uart1_active
                0x0000b51e       0x18 build/sky/contiki-ng-sky.a(uart1.o)
                0x0000b51e                uart1_active
 .text.uart1_writeb
                0x0000b536       0x18 build/sky/contiki-ng-sky.a(uart1.o)
                0x0000b536                uart1_writeb
 .text.uart1_init
                0x0000b54e       0xf4 build/sky/contiki-ng-sky.a(uart1.o)
                0x0000b54e                uart1_init
 .text.timera0  0x0000b642       0x2e build/sky/contiki-ng-sky.a(rtimer-arch.o)
                0x0000b642                __isr_6
                0x0000b642                timera0
 .text.rtimer_arch_init
                0x0000b670        0xe build/sky/contiki-ng-sky.a(rtimer-arch.o)
                0x0000b670                rtimer_arch_init
 .text.rtimer_arch_now
                0x0000b67e        0xe build/sky/contiki-ng-sky.a(rtimer-arch.o)
                0x0000b67e                rtimer_arch_now
 .text.rtimer_arch_schedule
                0x0000b68c        0x6 build/sky/contiki-ng-sky.a(rtimer-arch.o)
                0x0000b68c                rtimer_arch_schedule
 .text.stimer_set
                0x0000b692       0x1c build/sky/contiki-ng-sky.a(stimer.o)
                0x0000b692                stimer_set
 .text.stimer_expired
                0x0000b6ae       0x30 build/sky/contiki-ng-sky.a(stimer.o)
                0x0000b6ae                stimer_expired
 .text.item_from_index
                0x0000b6de       0x2a build/sky/contiki-ng-sky.a(nbr-table.o)
 .text.index_from_key
                0x0000b708       0x26 build/sky/contiki-ng-sky.a(nbr-table.o)
 .text.index_from_item
                0x0000b72e       0x1e build/sky/contiki-ng-sky.a(nbr-table.o)
 .text.nbr_set_bit
                0x0000b74c       0x58 build/sky/contiki-ng-sky.a(nbr-table.o)
 .text.index_from_lladdr
                0x0000b7a4       0x42 build/sky/contiki-ng-sky.a(nbr-table.o)
 .text.nbr_get_bit.constprop.0
                0x0000b7e6       0x2e build/sky/contiki-ng-sky.a(nbr-table.o)
 .text.nbr_table_is_registered
                0x0000b814       0x22 build/sky/contiki-ng-sky.a(nbr-table.o)
                0x0000b814                nbr_table_is_registered
 .text.nbr_table_register
                0x0000b836       0x40 build/sky/contiki-ng-sky.a(nbr-table.o)
                0x0000b836                nbr_table_register
 .text.nbr_table_next
                0x0000b876       0x54 build/sky/contiki-ng-sky.a(nbr-table.o)
                0x0000b876                nbr_table_next
 .text.nbr_table_head
                0x0000b8ca       0x3a build/sky/contiki-ng-sky.a(nbr-table.o)
                0x0000b8ca                nbr_table_head
 .text.nbr_table_add_lladdr
                0x0000b904      0x168 build/sky/contiki-ng-sky.a(nbr-table.o)
                0x0000b904                nbr_table_add_lladdr
 .text.nbr_table_get_from_lladdr
                0x0000ba6c       0x2c build/sky/contiki-ng-sky.a(nbr-table.o)
                0x0000ba6c                nbr_table_get_from_lladdr
 .text.nbr_table_remove
                0x0000ba98       0x32 build/sky/contiki-ng-sky.a(nbr-table.o)
                0x0000ba98                nbr_table_remove
 .text.nbr_table_lock
                0x0000baca       0x10 build/sky/contiki-ng-sky.a(nbr-table.o)
                0x0000baca                nbr_table_lock
 .text.nbr_table_unlock
                0x0000bada       0x10 build/sky/contiki-ng-sky.a(nbr-table.o)
                0x0000bada                nbr_table_unlock
 .text.nbr_table_get_lladdr
                0x0000baea       0x22 build/sky/contiki-ng-sky.a(nbr-table.o)
                0x0000baea                nbr_table_get_lladdr
 .text.periodic
                0x0000bb0c       0x28 build/sky/contiki-ng-sky.a(link-stats.o)
 .text.link_stats_from_lladdr
                0x0000bb34        0xc build/sky/contiki-ng-sky.a(link-stats.o)
                0x0000bb34                link_stats_from_lladdr
 .text.link_stats_is_fresh
                0x0000bb40       0x30 build/sky/contiki-ng-sky.a(link-stats.o)
                0x0000bb40                link_stats_is_fresh
 .text.guess_etx_from_rssi
                0x0000bb70       0x42 build/sky/contiki-ng-sky.a(link-stats.o)
                0x0000bb70                guess_etx_from_rssi
 .text.link_stats_packet_sent
                0x0000bbb2       0xda build/sky/contiki-ng-sky.a(link-stats.o)
                0x0000bbb2                link_stats_packet_sent
 .text.link_stats_input_callback
                0x0000bc8c       0xb4 build/sky/contiki-ng-sky.a(link-stats.o)
                0x0000bc8c                link_stats_input_callback
 .text.link_stats_reset
                0x0000bd40       0x2a build/sky/contiki-ng-sky.a(link-stats.o)
                0x0000bd40                link_stats_reset
 .text.link_stats_init
                0x0000bd6a       0x22 build/sky/contiki-ng-sky.a(link-stats.o)
                0x0000bd6a                link_stats_init
 .text.mac_sequence_is_duplicate
                0x0000bd8c       0x84 build/sky/contiki-ng-sky.a(mac-sequence.o)
                0x0000bd8c                mac_sequence_is_duplicate
 .text.mac_sequence_register_seqno
                0x0000be10       0x90 build/sky/contiki-ng-sky.a(mac-sequence.o)
                0x0000be10                mac_sequence_register_seqno
 .text.mac_call_sent_callback
                0x0000bea0       0x14 build/sky/contiki-ng-sky.a(mac.o)
                0x0000bea0                mac_call_sent_callback
 .text.parse    0x0000beb4       0xa0 build/sky/contiki-ng-sky.a(framer-802154.o)
 .text.framer_802154_setup_params
                0x0000bf54       0xb8 build/sky/contiki-ng-sky.a(framer-802154.o)
                0x0000bf54                framer_802154_setup_params
 .text.create_frame
                0x0000c00c       0xde build/sky/contiki-ng-sky.a(framer-802154.o)
 .text.create   0x0000c0ea        0x8 build/sky/contiki-ng-sky.a(framer-802154.o)
 .text.hdr_length
                0x0000c0f2        0x8 build/sky/contiki-ng-sky.a(framer-802154.o)
 .text.frame802154_get_pan_id
                0x0000c0fa        0x6 build/sky/contiki-ng-sky.a(frame802154.o)
                0x0000c0fa                frame802154_get_pan_id
 .text.frame802154_has_panid
                0x0000c100       0xe0 build/sky/contiki-ng-sky.a(frame802154.o)
                0x0000c100                frame802154_has_panid
 .text.field_len
                0x0000c1e0       0xac build/sky/contiki-ng-sky.a(frame802154.o)
 .text.frame802154_is_broadcast_addr
                0x0000c28c       0x28 build/sky/contiki-ng-sky.a(frame802154.o)
                0x0000c28c                frame802154_is_broadcast_addr
 .text.frame802154_hdrlen
                0x0000c2b4       0x32 build/sky/contiki-ng-sky.a(frame802154.o)
                0x0000c2b4                frame802154_hdrlen
 .text.frame802154_create_fcf
                0x0000c2e6       0x96 build/sky/contiki-ng-sky.a(frame802154.o)
                0x0000c2e6                frame802154_create_fcf
 .text.frame802154_create
                0x0000c37c       0xe4 build/sky/contiki-ng-sky.a(frame802154.o)
                0x0000c37c                frame802154_create
 .text.frame802154_parse_fcf
                0x0000c460       0xbc build/sky/contiki-ng-sky.a(frame802154.o)
                0x0000c460                frame802154_parse_fcf
 .text.frame802154_parse
                0x0000c51c      0x168 build/sky/contiki-ng-sky.a(frame802154.o)
                0x0000c51c                frame802154_parse
 .text.csma_security_create_frame
                0x0000c684       0x10 build/sky/contiki-ng-sky.a(csma-security.o)
                0x0000c684                csma_security_create_frame
 .text.csma_security_parse_frame
                0x0000c694        0x6 build/sky/contiki-ng-sky.a(csma-security.o)
                0x0000c694                csma_security_parse_frame
 .text.uipbuf_add_ext_hdr
                0x0000c69a       0x1c build/sky/contiki-ng-sky.a(uipbuf.o)
                0x0000c69a                uipbuf_add_ext_hdr
 .text.uipbuf_set_len
                0x0000c6b6       0x12 build/sky/contiki-ng-sky.a(uipbuf.o)
                0x0000c6b6                uipbuf_set_len
 .text.uipbuf_set_len_field
                0x0000c6c8        0xe build/sky/contiki-ng-sky.a(uipbuf.o)
                0x0000c6c8                uipbuf_set_len_field
 .text.uipbuf_get_len_field
                0x0000c6d6        0xe build/sky/contiki-ng-sky.a(uipbuf.o)
                0x0000c6d6                uipbuf_get_len_field
 .text.uipbuf_get_next_header
                0x0000c6e4       0x62 build/sky/contiki-ng-sky.a(uipbuf.o)
                0x0000c6e4                uipbuf_get_next_header
 .text.uipbuf_get_last_header
                0x0000c746       0x3e build/sky/contiki-ng-sky.a(uipbuf.o)
                0x0000c746                uipbuf_get_last_header
 .text.uipbuf_search_header
                0x0000c784       0x4e build/sky/contiki-ng-sky.a(uipbuf.o)
                0x0000c784                uipbuf_search_header
 .text.uipbuf_get_attr
                0x0000c7d2       0x14 build/sky/contiki-ng-sky.a(uipbuf.o)
                0x0000c7d2                uipbuf_get_attr
 .text.uipbuf_clear_attr
                0x0000c7e6       0x12 build/sky/contiki-ng-sky.a(uipbuf.o)
                0x0000c7e6                uipbuf_clear_attr
 .text.uipbuf_clear
                0x0000c7f8       0x12 build/sky/contiki-ng-sky.a(uipbuf.o)
                0x0000c7f8                uipbuf_clear
 .text.uipbuf_init
                0x0000c80a       0x1a build/sky/contiki-ng-sky.a(uipbuf.o)
                0x0000c80a                uipbuf_init
 .text.echo_reply_input
                0x0000c824       0x68 build/sky/contiki-ng-sky.a(uip-icmp6.o)
 .text.echo_request_input
                0x0000c88c       0x86 build/sky/contiki-ng-sky.a(uip-icmp6.o)
 .text.uip_icmp6_input
                0x0000c912       0x48 build/sky/contiki-ng-sky.a(uip-icmp6.o)
                0x0000c912                uip_icmp6_input
 .text.uip_icmp6_register_input_handler
                0x0000c95a        0xc build/sky/contiki-ng-sky.a(uip-icmp6.o)
                0x0000c95a                uip_icmp6_register_input_handler
 .text.uip_icmp6_error_output
                0x0000c966      0x146 build/sky/contiki-ng-sky.a(uip-icmp6.o)
                0x0000c966                uip_icmp6_error_output
 .text.uip_icmp6_send
                0x0000caac       0x94 build/sky/contiki-ng-sky.a(uip-icmp6.o)
                0x0000caac                uip_icmp6_send
 .text.uip_icmp6_init
                0x0000cb40       0x12 build/sky/contiki-ng-sky.a(uip-icmp6.o)
                0x0000cb40                uip_icmp6_init
 .text.node_matches_address.part.0
                0x0000cb52       0x2e build/sky/contiki-ng-sky.a(uip-sr.o)
 .text.uip_sr_get_node
                0x0000cb80       0x44 build/sky/contiki-ng-sky.a(uip-sr.o)
                0x0000cb80                uip_sr_get_node
 .text.uip_sr_is_addr_reachable
                0x0000cbc4       0x4e build/sky/contiki-ng-sky.a(uip-sr.o)
                0x0000cbc4                uip_sr_is_addr_reachable
 .text.uip_sr_expire_parent
                0x0000cc12       0x42 build/sky/contiki-ng-sky.a(uip-sr.o)
                0x0000cc12                uip_sr_expire_parent
 .text.uip_sr_update_node
                0x0000cc54       0xbc build/sky/contiki-ng-sky.a(uip-sr.o)
                0x0000cc54                uip_sr_update_node
 .text.uip_sr_init
                0x0000cd10       0x16 build/sky/contiki-ng-sky.a(uip-sr.o)
                0x0000cd10                uip_sr_init
 .text.uip_sr_periodic
                0x0000cd26       0x9a build/sky/contiki-ng-sky.a(uip-sr.o)
                0x0000cd26                uip_sr_periodic
 .text.uip_sr_free_all
                0x0000cdc0       0x3c build/sky/contiki-ng-sky.a(uip-sr.o)
                0x0000cdc0                uip_sr_free_all
 .text.init_dag
                0x0000cdfc       0x84 build/sky/contiki-ng-sky.a(rpl-dag.o)
 .text.process_dio_init_dag
                0x0000ce80       0xb0 build/sky/contiki-ng-sky.a(rpl-dag.o)
 .text.rpl_dag_get_root_ipaddr
                0x0000cf30       0x1e build/sky/contiki-ng-sky.a(rpl-dag.o)
                0x0000cf30                rpl_dag_get_root_ipaddr
 .text.rpl_dag_leave
                0x0000cf4e       0x4a build/sky/contiki-ng-sky.a(rpl-dag.o)
                0x0000cf4e                rpl_dag_leave
 .text.rpl_dag_poison_and_leave
                0x0000cf98        0xc build/sky/contiki-ng-sky.a(rpl-dag.o)
                0x0000cf98                rpl_dag_poison_and_leave
 .text.rpl_dag_periodic
                0x0000cfa4       0x6a build/sky/contiki-ng-sky.a(rpl-dag.o)
                0x0000cfa4                rpl_dag_periodic
 .text.rpl_is_addr_in_our_dag
                0x0000d00e       0x34 build/sky/contiki-ng-sky.a(rpl-dag.o)
                0x0000d00e                rpl_is_addr_in_our_dag
 .text.rpl_local_repair
                0x0000d042       0x2a build/sky/contiki-ng-sky.a(rpl-dag.o)
                0x0000d042                rpl_local_repair
 .text.rpl_global_repair
                0x0000d06c       0x2e build/sky/contiki-ng-sky.a(rpl-dag.o)
                0x0000d06c                rpl_global_repair
 .text.rpl_dag_ready_to_advertise
                0x0000d09a       0x22 build/sky/contiki-ng-sky.a(rpl-dag.o)
                0x0000d09a                rpl_dag_ready_to_advertise
 .text.rpl_dag_update_state
                0x0000d0bc      0x140 build/sky/contiki-ng-sky.a(rpl-dag.o)
                0x0000d0bc                rpl_dag_update_state
 .text.rpl_process_dio
                0x0000d1fc      0x1b6 build/sky/contiki-ng-sky.a(rpl-dag.o)
                0x0000d1fc                rpl_process_dio
 .text.rpl_process_dis
                0x0000d3b2       0x2a build/sky/contiki-ng-sky.a(rpl-dag.o)
                0x0000d3b2                rpl_process_dis
 .text.rpl_process_dao
                0x0000d3dc       0x6c build/sky/contiki-ng-sky.a(rpl-dag.o)
                0x0000d3dc                rpl_process_dao
 .text.rpl_process_dao_ack
                0x0000d448       0x54 build/sky/contiki-ng-sky.a(rpl-dag.o)
                0x0000d448                rpl_process_dao_ack
 .text.rpl_process_hbh
                0x0000d49c       0x2e build/sky/contiki-ng-sky.a(rpl-dag.o)
                0x0000d49c                rpl_process_hbh
 .text.rpl_dag_init_root
                0x0000d4ca       0xbc build/sky/contiki-ng-sky.a(rpl-dag.o)
                0x0000d4ca                rpl_dag_init_root
 .text.rpl_dag_init
                0x0000d586       0x10 build/sky/contiki-ng-sky.a(rpl-dag.o)
                0x0000d586                rpl_dag_init
 .text.remove_neighbor
                0x0000d596       0x24 build/sky/contiki-ng-sky.a(rpl-neighbor.o)
 .text.rpl_neighbor_get_from_lladdr
                0x0000d5ba        0xc build/sky/contiki-ng-sky.a(rpl-neighbor.o)
                0x0000d5ba                rpl_neighbor_get_from_lladdr
 .text.rpl_neighbor_rank_via_nbr
                0x0000d5c6       0x18 build/sky/contiki-ng-sky.a(rpl-neighbor.o)
                0x0000d5c6                rpl_neighbor_rank_via_nbr
 .text.rpl_neighbor_get_lladdr
                0x0000d5de        0xc build/sky/contiki-ng-sky.a(rpl-neighbor.o)
                0x0000d5de                rpl_neighbor_get_lladdr
 .text.rpl_neighbor_get_ipaddr
                0x0000d5ea        0xa build/sky/contiki-ng-sky.a(rpl-neighbor.o)
                0x0000d5ea                rpl_neighbor_get_ipaddr
 .text.rpl_neighbor_get_link_stats
                0x0000d5f4        0xa build/sky/contiki-ng-sky.a(rpl-neighbor.o)
                0x0000d5f4                rpl_neighbor_get_link_stats
 .text.rpl_neighbor_is_fresh
                0x0000d5fe        0xa build/sky/contiki-ng-sky.a(rpl-neighbor.o)
                0x0000d5fe                rpl_neighbor_is_fresh
 .text.best_parent
                0x0000d608       0xb4 build/sky/contiki-ng-sky.a(rpl-neighbor.o)
 .text.rpl_neighbor_is_parent
                0x0000d6bc       0x18 build/sky/contiki-ng-sky.a(rpl-neighbor.o)
                0x0000d6bc                rpl_neighbor_is_parent
 .text.rpl_neighbor_set_preferred_parent
                0x0000d6d4       0x48 build/sky/contiki-ng-sky.a(rpl-neighbor.o)
                0x0000d6d4                rpl_neighbor_set_preferred_parent
 .text.rpl_neighbor_remove_all
                0x0000d71c       0x30 build/sky/contiki-ng-sky.a(rpl-neighbor.o)
                0x0000d71c                rpl_neighbor_remove_all
 .text.rpl_neighbor_get_from_ipaddr
                0x0000d74c       0x14 build/sky/contiki-ng-sky.a(rpl-neighbor.o)
                0x0000d74c                rpl_neighbor_get_from_ipaddr
 .text.rpl_neighbor_select_best
                0x0000d760       0x54 build/sky/contiki-ng-sky.a(rpl-neighbor.o)
                0x0000d760                rpl_neighbor_select_best
 .text.rpl_neighbor_init
                0x0000d7b4        0xe build/sky/contiki-ng-sky.a(rpl-neighbor.o)
                0x0000d7b4                rpl_neighbor_init
 .text.handle_state_update
                0x0000d7c2        0x6 build/sky/contiki-ng-sky.a(rpl-timers.o)
 .text.handle_leaving_timer
                0x0000d7c8        0xc build/sky/contiki-ng-sky.a(rpl-timers.o)
 .text.schedule_dao_retransmission
                0x0000d7d4       0x34 build/sky/contiki-ng-sky.a(rpl-timers.o)
 .text.new_dio_interval
                0x0000d808       0x8a build/sky/contiki-ng-sky.a(rpl-timers.o)
 .text.handle_unicast_dio_timer
                0x0000d892       0x12 build/sky/contiki-ng-sky.a(rpl-timers.o)
 .text.send_new_dao
                0x0000d8a4       0x28 build/sky/contiki-ng-sky.a(rpl-timers.o)
 .text.resend_dao
                0x0000d8cc       0x24 build/sky/contiki-ng-sky.a(rpl-timers.o)
 .text.handle_dao_ack_timer
                0x0000d8f0       0x12 build/sky/contiki-ng-sky.a(rpl-timers.o)
 .text.handle_dio_timer
                0x0000d902       0x6e build/sky/contiki-ng-sky.a(rpl-timers.o)
 .text.rpl_timers_schedule_periodic_dis
                0x0000d970       0x40 build/sky/contiki-ng-sky.a(rpl-timers.o)
                0x0000d970                rpl_timers_schedule_periodic_dis
 .text.handle_periodic_timer
                0x0000d9b0       0x3a build/sky/contiki-ng-sky.a(rpl-timers.o)
 .text.handle_dis_timer
                0x0000d9ea       0x26 build/sky/contiki-ng-sky.a(rpl-timers.o)
 .text.rpl_timers_dio_reset
                0x0000da10       0x2e build/sky/contiki-ng-sky.a(rpl-timers.o)
                0x0000da10                rpl_timers_dio_reset
 .text.rpl_timers_schedule_unicast_dio
                0x0000da3e       0x20 build/sky/contiki-ng-sky.a(rpl-timers.o)
                0x0000da3e                rpl_timers_schedule_unicast_dio
 .text.rpl_timers_schedule_dao
                0x0000da5e       0x3c build/sky/contiki-ng-sky.a(rpl-timers.o)
                0x0000da5e                rpl_timers_schedule_dao
 .text.rpl_timers_schedule_dao_ack
                0x0000da9a       0x34 build/sky/contiki-ng-sky.a(rpl-timers.o)
                0x0000da9a                rpl_timers_schedule_dao_ack
 .text.rpl_timers_notify_dao_ack
                0x0000dace       0x82 build/sky/contiki-ng-sky.a(rpl-timers.o)
                0x0000dace                rpl_timers_notify_dao_ack
 .text.get_probing_delay
                0x0000db50       0x1c build/sky/contiki-ng-sky.a(rpl-timers.o)
                0x0000db50                get_probing_delay
 .text.get_probing_target
                0x0000db6c       0xee build/sky/contiki-ng-sky.a(rpl-timers.o)
                0x0000db6c                get_probing_target
 .text.rpl_schedule_probing
                0x0000dc5a       0x20 build/sky/contiki-ng-sky.a(rpl-timers.o)
                0x0000dc5a                rpl_schedule_probing
 .text.handle_probing_timer
                0x0000dc7a       0x2a build/sky/contiki-ng-sky.a(rpl-timers.o)
 .text.rpl_schedule_probing_now
                0x0000dca4       0x24 build/sky/contiki-ng-sky.a(rpl-timers.o)
                0x0000dca4                rpl_schedule_probing_now
 .text.rpl_timers_unschedule_leaving
                0x0000dcc8       0x1c build/sky/contiki-ng-sky.a(rpl-timers.o)
                0x0000dcc8                rpl_timers_unschedule_leaving
 .text.rpl_timers_schedule_leaving
                0x0000dce4       0x2a build/sky/contiki-ng-sky.a(rpl-timers.o)
                0x0000dce4                rpl_timers_schedule_leaving
 .text.rpl_timers_init
                0x0000dd0e       0x1c build/sky/contiki-ng-sky.a(rpl-timers.o)
                0x0000dd0e                rpl_timers_init
 .text.rpl_timers_stop_dag_timers
                0x0000dd2a       0x4c build/sky/contiki-ng-sky.a(rpl-timers.o)
                0x0000dd2a                rpl_timers_stop_dag_timers
 .text.rpl_timers_unschedule_state_update
                0x0000dd76       0x10 build/sky/contiki-ng-sky.a(rpl-timers.o)
                0x0000dd76                rpl_timers_unschedule_state_update
 .text.rpl_timers_schedule_state_update
                0x0000dd86       0x1c build/sky/contiki-ng-sky.a(rpl-timers.o)
                0x0000dd86                rpl_timers_schedule_state_update
 .text.update_hbh_header
                0x0000dda2       0x4a build/sky/contiki-ng-sky.a(rpl-ext-header.)
 .text.rpl_ext_header_srh_get_next_hop
                0x0000ddec       0x84 build/sky/contiki-ng-sky.a(rpl-ext-header.)
                0x0000ddec                rpl_ext_header_srh_get_next_hop
 .text.rpl_ext_header_srh_update
                0x0000de70      0x106 build/sky/contiki-ng-sky.a(rpl-ext-header.)
                0x0000de70                rpl_ext_header_srh_update
 .text.rpl_ext_header_hbh_update
                0x0000df76       0x9e build/sky/contiki-ng-sky.a(rpl-ext-header.)
                0x0000df76                rpl_ext_header_hbh_update
 .text.rpl_ext_header_remove
                0x0000e014       0xcc build/sky/contiki-ng-sky.a(rpl-ext-header.)
                0x0000e014                rpl_ext_header_remove
 .text.rpl_ext_header_update
                0x0000e0e0      0x2aa build/sky/contiki-ng-sky.a(rpl-ext-header.)
                0x0000e0e0                rpl_ext_header_update
 .text.update_state
                0x0000e38a       0x78 build/sky/contiki-ng-sky.a(rpl-nbr-policy.)
 .text.rpl_nbr_policy_find_removable
                0x0000e402       0x50 build/sky/contiki-ng-sky.a(rpl-nbr-policy.)
                0x0000e402                rpl_nbr_policy_find_removable
 .text.reset    0x0000e452        0x2 build/sky/contiki-ng-sky.a(rpl-mrhof.o)
 .text.update_metric_container
                0x0000e454        0x6 build/sky/contiki-ng-sky.a(rpl-mrhof.o)
 .text.nbr_link_metric
                0x0000e45a       0x12 build/sky/contiki-ng-sky.a(rpl-mrhof.o)
 .text.nbr_has_usable_link
                0x0000e46c       0x14 build/sky/contiki-ng-sky.a(rpl-mrhof.o)
 .text.nbr_path_cost
                0x0000e480       0x38 build/sky/contiki-ng-sky.a(rpl-mrhof.o)
 .text.within_hysteresis
                0x0000e4b8       0x54 build/sky/contiki-ng-sky.a(rpl-mrhof.o)
 .text.nbr_is_acceptable_parent
                0x0000e50c       0x2c build/sky/contiki-ng-sky.a(rpl-mrhof.o)
 .text.rank_via_nbr
                0x0000e538       0x48 build/sky/contiki-ng-sky.a(rpl-mrhof.o)
 .text.best_parent
                0x0000e580       0x7c build/sky/contiki-ng-sky.a(rpl-mrhof.o)
 .text.spi_init
                0x0000e5fc       0x30 build/sky/contiki-ng-sky.a(spi-legacy.o)
                0x0000e5fc                spi_init
 .text.libgcc   0x0000e62c       0x2c /usr/local/bin/../lib/gcc/msp430/4.7.2/mmpy-16/libgcc.a(_mulsi3.o)
                0x0000e62c                __mulsi3
 .text.libgcc   0x0000e658       0x22 /usr/local/bin/../lib/gcc/msp430/4.7.2/mmpy-16/libgcc.a(_udivmod16.o)
                0x0000e658                __udivhi3
                0x0000e658                __ext_udivmod16
                0x0000e672                __umodhi3
 .text.libgcc   0x0000e67a       0x3a /usr/local/bin/../lib/gcc/msp430/4.7.2/mmpy-16/libgcc.a(_divmod16.o)
                0x0000e67a                __ext_divmod16
                0x0000e67a                __divhi3
                0x0000e6ac                __modhi3
 .text.libgcc   0x0000e6b4       0x40 /usr/local/bin/../lib/gcc/msp430/4.7.2/mmpy-16/libgcc.a(_udivmod32.o)
                0x0000e6b4                __udivsi3
                0x0000e6b4                __ext_udivmod32
                0x0000e6ea                __umodsi3
 .text.libgcc   0x0000e6f4       0x4c /usr/local/bin/../lib/gcc/msp430/4.7.2/mmpy-16/libgcc.a(_divmod32.o)
                0x0000e6f4                __ext_divmod32
                0x0000e6f4                __divsi3
                0x0000e736                __modsi3
 .text.printf   0x0000e740       0x10 /usr/local/bin/../lib/gcc/msp430/4.7.2/../../../../msp430/lib/mmpy-16/libc.a(printf.o)
                0x0000e740                printf
 .text.append   0x0000e750       0x22 /usr/local/bin/../lib/gcc/msp430/4.7.2/../../../../msp430/lib/mmpy-16/libc.a(sprintf.o)
 .text.call_vuprintf
                0x0000e772       0x3a /usr/local/bin/../lib/gcc/msp430/4.7.2/../../../../msp430/lib/mmpy-16/libc.a(sprintf.o)
 .text.sprintf  0x0000e7ac       0x1c /usr/local/bin/../lib/gcc/msp430/4.7.2/../../../../msp430/lib/mmpy-16/libc.a(sprintf.o)
                0x0000e7ac                sprintf
 .text.snprintf
                0x0000e7c8       0x1a /usr/local/bin/../lib/gcc/msp430/4.7.2/../../../../msp430/lib/mmpy-16/libc.a(sprintf.o)
                0x0000e7c8                snprintf
 .text.print_field
                0x0000e7e2      0x194 /usr/local/bin/../lib/gcc/msp430/4.7.2/../../../../msp430/lib/mmpy-16/libc.a(vuprintf.o)
 .text.vuprintf
                0x0000e976      0x63e /usr/local/bin/../lib/gcc/msp430/4.7.2/../../../../msp430/lib/mmpy-16/libc.a(vuprintf.o)
                0x0000e976                vuprintf
 .text.puts     0x0000efb4       0x2c /usr/local/bin/../lib/gcc/msp430/4.7.2/../../../../msp430/lib/mmpy-16/libc.a(puts.o)
                0x0000efb4                puts
 .text.rand     0x0000efe0       0x26 /usr/local/bin/../lib/gcc/msp430/4.7.2/../../../../msp430/lib/mmpy-16/libc.a(rand.o)
                0x0000efe0                rand
 .text.srand    0x0000f006        0xa /usr/local/bin/../lib/gcc/msp430/4.7.2/../../../../msp430/lib/mmpy-16/libc.a(rand.o)
                0x0000f006                srand
 .text.strncmp  0x0000f010       0x2a /usr/local/bin/../lib/gcc/msp430/4.7.2/../../../../msp430/lib/mmpy-16/libc.a(strncmp.o)
                0x0000f010                strncmp
 .text.memcmp   0x0000f03a       0x30 /usr/local/bin/../lib/gcc/msp430/4.7.2/../../../../msp430/lib/mmpy-16/libc.a(memcmp.o)
                0x0000f03a                memcmp
 .text.strncpy  0x0000f06a       0x2a /usr/local/bin/../lib/gcc/msp430/4.7.2/../../../../msp430/lib/mmpy-16/libc.a(strncpy.o)
                0x0000f06a                strncpy
 .text.memcpy   0x0000f094       0xfa /usr/local/bin/../lib/gcc/msp430/4.7.2/../../../../msp430/lib/mmpy-16/libc.a(memcpy.o)
                0x0000f094                memcpy
 .text.memmove  0x0000f18e       0xfa /usr/local/bin/../lib/gcc/msp430/4.7.2/../../../../msp430/lib/mmpy-16/libc.a(memmove.o)
                0x0000f18e                memmove
 .text.memset   0x0000f288       0x6a /usr/local/bin/../lib/gcc/msp430/4.7.2/../../../../msp430/lib/mmpy-16/libc.a(memset.o)
                0x0000f288                memset
 .text.libgcc   0x0000f2f2       0xf0 /usr/local/bin/../lib/gcc/msp430/4.7.2/mmpy-16/libgcc.a(_udivmod64.o)
                0x0000f2f2                __xabi_udivmod64
                0x0000f350                __udivdi3
                0x0000f376                __umoddi3
                0x0000f3a4                __udivmoddi4
 .text.crt0     0x0000f3e2        0x2 /usr/local/bin/../lib/gcc/msp430/4.7.2/mmpy-16/libcrt0.a(_unexpected_.o)
                0x0000f3e2                _unexpected_
 *(.near.text .near.text.*)

.rodata         0x0000f3e4      0x6b1
                0x0000f3e4                . = ALIGN (0x2)
 *(.rodata .rodata.* .gnu.linkonce.r.*)
 .rodata        0x0000f3e4      0x13e websense.o
                0x0000f50c                autostart_processes
 .rodata        0x0000f522      0x116 build/sky/obj/httpd-simple.o
                0x0000f57b                http_index_html
                0x0000f57d                http_get
                0x0000f582                http_header_404
                0x0000f5c1                http_header_200
                0x0000f5f9                http_content_type_json
                0x0000f61c                http_content_type_html
 .rodata        0x0000f638       0xf3 build/sky/obj/contiki-main.o
 .rodata        0x0000f72b       0x31 build/sky/contiki-ng-sky.a(platform.o)
 .rodata        0x0000f75c        0xc build/sky/contiki-ng-sky.a(etimer.o)
 .rodata        0x0000f768       0xb6 build/sky/contiki-ng-sky.a(log.o)
 .rodata        0x0000f81e        0xf build/sky/contiki-ng-sky.a(ctimer.o)
 *fill*         0x0000f82d        0x1 00
 .rodata        0x0000f82e        0x8 build/sky/contiki-ng-sky.a(linkaddr.o)
                0x0000f82e                linkaddr_null
 .rodata        0x0000f836       0x14 build/sky/contiki-ng-sky.a(csma.o)
                0x0000f83c                csma_driver
 .rodata        0x0000f84a        0xd build/sky/contiki-ng-sky.a(tcpip.o)
 *fill*         0x0000f857        0x1 00
 .rodata.uip_process
                0x0000f858       0x20 build/sky/contiki-ng-sky.a(uip6.o)
 .rodata        0x0000f878       0x26 build/sky/contiki-ng-sky.a(sicslowpan.o)
                0x0000f884                sicslowpan_driver
                0x0000f88c                llprefix
                0x0000f88e                unc_mxconf
                0x0000f892                unc_ctxconf
                0x0000f896                unc_llconf
 .rodata        0x0000f89e       0x2d build/sky/contiki-ng-sky.a(uiplib.o)
 *fill*         0x0000f8cb        0x1 00
 .rodata        0x0000f8cc       0x34 build/sky/contiki-ng-sky.a(rpl.o)
                0x0000f8d6                rpl_lite_driver
 .rodata        0x0000f900       0x10 build/sky/contiki-ng-sky.a(button-sensor.o)
                0x0000f908                button_sensor
 .rodata        0x0000f910        0x8 build/sky/contiki-ng-sky.a(sensors.o)
 .rodata.get_value
                0x0000f918       0x34 build/sky/contiki-ng-sky.a(cc2420.o)
 .rodata.set_value
                0x0000f94c       0x10 build/sky/contiki-ng-sky.a(cc2420.o)
 .rodata        0x0000f95c       0x3e build/sky/contiki-ng-sky.a(cc2420.o)
                0x0000f95c                cc2420_aes_128_driver
                0x0000f960                cc2420_driver
 .rodata        0x0000f99a        0x6 build/sky/contiki-ng-sky.a(framer-802154.o)
                0x0000f99a                framer_802154
 .rodata        0x0000f9a0        0x2 build/sky/contiki-ng-sky.a(frame802154.o)
 .rodata        0x0000f9a2       0xe0 build/sky/contiki-ng-sky.a(rpl-dag.o)
 .rodata        0x0000fa82        0xc build/sky/contiki-ng-sky.a(rpl-timers.o)
 .rodata.vuprintf
                0x0000fa8e        0x7 /usr/local/bin/../lib/gcc/msp430/4.7.2/../../../../msp430/lib/mmpy-16/libc.a(vuprintf.o)
 *(.near.rodata .near.rodata.*)
                0x0000fa96                . = ALIGN (0x2)
                0x0000fa96                _etext = .

.data           0x00001100      0x144 load address 0x0000fa96
                0x00001100                . = ALIGN (0x2)
                0x00001100                __data_start = .
 *(.data .data.* .gnu.linkonce.d.*)
 .data          0x00001100       0x16 websense.o
                0x00001100                web_sense
                0x0000110a                webserver_nogui_process
 .data          0x00001116        0x8 build/sky/obj/httpd-simple.o
 .data          0x0000111e        0x2 build/sky/contiki-ng-sky.a(msp430.o)
 .data          0x00001120        0xa build/sky/contiki-ng-sky.a(etimer.o)
                0x00001120                etimer_process
 .data          0x0000112a       0x50 build/sky/contiki-ng-sky.a(log.o)
                0x0000112a                all_modules
                0x00001178                curr_log_level_main
 .data          0x0000117a        0xa build/sky/contiki-ng-sky.a(ctimer.o)
                0x0000117a                ctimer_process
 .data          0x00001184       0x10 build/sky/contiki-ng-sky.a(queuebuf.o)
 .data          0x00001194       0x18 build/sky/contiki-ng-sky.a(csma-output.o)
 .data          0x000011ac        0x8 build/sky/contiki-ng-sky.a(uip-ds6-route.o)
 .data          0x000011b4        0x8 build/sky/contiki-ng-sky.a(uip-ds6-nbr.o)
 .data          0x000011bc        0xa build/sky/contiki-ng-sky.a(tcpip.o)
                0x000011bc                tcpip_process
 .data          0x000011c6        0x6 build/sky/contiki-ng-sky.a(uip-nd6.o)
 .data          0x000011cc       0x18 build/sky/contiki-ng-sky.a(rpl-icmp6.o)
 .data          0x000011e4        0x4 build/sky/contiki-ng-sky.a(contiki-sky-pla)
                0x000011e4                sensors
 .data          0x000011e8        0xa build/sky/contiki-ng-sky.a(sensors.o)
                0x000011e8                sensors_process
 .data          0x000011f2        0xc build/sky/contiki-ng-sky.a(cc2420.o)
                0x000011f2                cc2420_process
 .data          0x000011fe        0x8 build/sky/contiki-ng-sky.a(nbr-table.o)
 .data          0x00001206        0x8 build/sky/contiki-ng-sky.a(link-stats.o)
 .data          0x0000120e        0x2 build/sky/contiki-ng-sky.a(frame802154.o)
 .data          0x00001210        0xc build/sky/contiki-ng-sky.a(uip-icmp6.o)
 .data          0x0000121c        0x8 build/sky/contiki-ng-sky.a(uip-sr.o)
 .data          0x00001224        0xa build/sky/contiki-ng-sky.a(rpl-neighbor.o)
                0x00001224                rpl_neighbors
 .data          0x0000122e       0x12 build/sky/contiki-ng-sky.a(rpl-mrhof.o)
                0x0000122e                rpl_mrhof
 .data.next     0x00001240        0x4 /usr/local/bin/../lib/gcc/msp430/4.7.2/../../../../msp430/lib/mmpy-16/libc.a(rand.o)
 *(.near.data .near.data.*)
                0x00001244                . = ALIGN (0x2)
                0x00001244                _edata = .
                0x0000fa96                __data_load_start = LOADADDR (.data)
                0x00000144                __data_size = SIZEOF (.data)

.bss            0x00001244     0x1ec8 load address 0x0000fbda
                0x00001244                __bss_start = .
 *(.bss .bss.*)
 .bss           0x00001244      0x2b8 build/sky/obj/httpd-simple.o
 .bss           0x000014fc        0x8 build/sky/contiki-ng-sky.a(platform.o)
 .bss           0x00001504        0xa build/sky/contiki-ng-sky.a(clock.o)
 .bss           0x0000150e        0x2 build/sky/contiki-ng-sky.a(watchdog.o)
 .bss           0x00001510        0x6 build/sky/contiki-ng-sky.a(etimer.o)
 .bss           0x00001516       0x16 build/sky/contiki-ng-sky.a(log.o)
                0x00001516                curr_log_level_lwm2m
                0x00001518                curr_log_level_snmp
                0x0000151a                curr_log_level_coap
                0x0000151c                curr_log_level_6top
                0x0000151e                curr_log_level_framer
                0x00001520                curr_log_level_mac
                0x00001522                curr_log_level_nullnet
                0x00001524                curr_log_level_6lowpan
                0x00001526                curr_log_level_ipv6
                0x00001528                curr_log_level_tcpip
                0x0000152a                curr_log_level_rpl
 .bss           0x0000152c        0x4 build/sky/contiki-ng-sky.a(ctimer.o)
 .bss           0x00001530        0x2 build/sky/contiki-ng-sky.a(rtimer.o)
 .bss           0x00001532        0x2 build/sky/contiki-ng-sky.a(node-id.o)
                0x00001532                node_id
 .bss           0x00001534       0xc8 build/sky/contiki-ng-sky.a(process.o)
                0x00001534                process_current
                0x00001536                process_list
 .bss           0x000015fc      0x580 build/sky/contiki-ng-sky.a(queuebuf.o)
 .bss           0x00001b7c       0x86 build/sky/contiki-ng-sky.a(packetbuf.o)
 .bss           0x00001c02        0x2 build/sky/contiki-ng-sky.a(netstack.o)
 .bss           0x00001c04       0xbe build/sky/contiki-ng-sky.a(csma-output.o)
 .bss           0x00001cc2       0x28 build/sky/contiki-ng-sky.a(uip-ds6.o)
 .bss           0x00001cea       0x3c build/sky/contiki-ng-sky.a(uip-ds6-route.o)
 .bss           0x00001d26      0x120 build/sky/contiki-ng-sky.a(uip-ds6-nbr.o)
 .bss           0x00001e46       0x5e build/sky/contiki-ng-sky.a(tcpip.o)
 .bss           0x00001ea4        0xc build/sky/contiki-ng-sky.a(uip6.o)
                0x00001ea4                uip_last_proto
                0x00001ea6                uip_ext_len
                0x00001ea8                uip_ext_bitmap
 .bss           0x00001eb0        0x8 build/sky/contiki-ng-sky.a(uip-nd6.o)
 .bss           0x00001eb8      0x6e0 build/sky/contiki-ng-sky.a(sicslowpan.o)
 .bss           0x00002598        0x1 build/sky/contiki-ng-sky.a(rpl.o)
 *fill*         0x00002599        0x1 00
 .bss           0x0000259a       0x12 build/sky/contiki-ng-sky.a(rpl-dag-root.o)
 .bss           0x000025ac        0x8 build/sky/contiki-ng-sky.a(button-sensor.o)
 .bss           0x000025b4        0x6 build/sky/contiki-ng-sky.a(sensors.o)
 .bss           0x000025ba       0x10 build/sky/contiki-ng-sky.a(cc2420.o)
 .bss           0x000025ca       0x9a build/sky/contiki-ng-sky.a(uart1.o)
 .bss           0x00002664       0xe4 build/sky/contiki-ng-sky.a(nbr-table.o)
 .bss           0x00002748       0xa0 build/sky/contiki-ng-sky.a(link-stats.o)
 .bss           0x000027e8       0xe0 build/sky/contiki-ng-sky.a(mac-sequence.o)